12:22:20 **** Build of configuration Debug for project CMB40_V2 ****
make pre-build main-build 
a9-linaro-pre-build-step
 
Building file: ../src/ADC_driver.c
Invoking: ARM v7 gcc compiler
arm-none-eabi-gcc -Wall -O0 -g3 -c -fmessage-length=0 -MT"src/ADC_driver.o" -mcpu=cortex-a9 -mfpu=vfpv3 -mfloat-abi=hard -I../../CMB40_V2_bsp/ps7_cortexa9_0/include -MMD -MP -MF"src/ADC_driver.d" -MT"src/ADC_driver.o" -o "src/ADC_driver.o" "../src/ADC_driver.c"
Finished building: ../src/ADC_driver.c
 
Building file: ../src/CPLD_driver.c
Invoking: ARM v7 gcc compiler
arm-none-eabi-gcc -Wall -O0 -g3 -c -fmessage-length=0 -MT"src/CPLD_driver.o" -mcpu=cortex-a9 -mfpu=vfpv3 -mfloat-abi=hard -I../../CMB40_V2_bsp/ps7_cortexa9_0/include -MMD -MP -MF"src/CPLD_driver.d" -MT"src/CPLD_driver.o" -o "src/CPLD_driver.o" "../src/CPLD_driver.c"
../src/CPLD_driver.c: In function 'Mezz_CPLD_init':
../src/CPLD_driver.c:90:6: warning: unused variable 'ack_cpld' [-Wunused-variable]
  u32 ack_cpld;
      ^~~~~~~~
../src/CPLD_driver.c:89:6: warning: variable 'status' set but not used [-Wunused-but-set-variable]
  u32 status;
      ^~~~~~
../src/CPLD_driver.c: In function 'CPLD_mezz_power_off':
../src/CPLD_driver.c:136:6: warning: variable 'status' set but not used [-Wunused-but-set-variable]
  u32 status;
      ^~~~~~
Finished building: ../src/CPLD_driver.c
 
Building file: ../src/DRS4_driver.c
Invoking: ARM v7 gcc compiler
arm-none-eabi-gcc -Wall -O0 -g3 -c -fmessage-length=0 -MT"src/DRS4_driver.o" -mcpu=cortex-a9 -mfpu=vfpv3 -mfloat-abi=hard -I../../CMB40_V2_bsp/ps7_cortexa9_0/include -MMD -MP -MF"src/DRS4_driver.d" -MT"src/DRS4_driver.o" -o "src/DRS4_driver.o" "../src/DRS4_driver.c"
In file included from ../src/DRS4_driver.c:8:0:
../src/DRS4_driver.h:29:2: warning: #warning CHECK FOR the right DRS4 base address the one xparameters is wrong [-Wcpp]
 #warning CHECK FOR the right DRS4 base address the one xparameters is wrong
  ^~~~~~~
Finished building: ../src/DRS4_driver.c
 
Building file: ../src/echo.c
Invoking: ARM v7 gcc compiler
arm-none-eabi-gcc -Wall -O0 -g3 -c -fmessage-length=0 -MT"src/echo.o" -mcpu=cortex-a9 -mfpu=vfpv3 -mfloat-abi=hard -I../../CMB40_V2_bsp/ps7_cortexa9_0/include -MMD -MP -MF"src/echo.d" -MT"src/echo.o" -o "src/echo.o" "../src/echo.c"
Finished building: ../src/echo.c
 
Building file: ../src/gpio_handler.c
Invoking: ARM v7 gcc compiler
arm-none-eabi-gcc -Wall -O0 -g3 -c -fmessage-length=0 -MT"src/gpio_handler.o" -mcpu=cortex-a9 -mfpu=vfpv3 -mfloat-abi=hard -I../../CMB40_V2_bsp/ps7_cortexa9_0/include -MMD -MP -MF"src/gpio_handler.d" -MT"src/gpio_handler.o" -o "src/gpio_handler.o" "../src/gpio_handler.c"
Finished building: ../src/gpio_handler.c
 
Building file: ../src/i2c_access.c
Invoking: ARM v7 gcc compiler
arm-none-eabi-gcc -Wall -O0 -g3 -c -fmessage-length=0 -MT"src/i2c_access.o" -mcpu=cortex-a9 -mfpu=vfpv3 -mfloat-abi=hard -I../../CMB40_V2_bsp/ps7_cortexa9_0/include -MMD -MP -MF"src/i2c_access.d" -MT"src/i2c_access.o" -o "src/i2c_access.o" "../src/i2c_access.c"
Finished building: ../src/i2c_access.c
 
Building file: ../src/iic_phyreset.c
Invoking: ARM v7 gcc compiler
arm-none-eabi-gcc -Wall -O0 -g3 -c -fmessage-length=0 -MT"src/iic_phyreset.o" -mcpu=cortex-a9 -mfpu=vfpv3 -mfloat-abi=hard -I../../CMB40_V2_bsp/ps7_cortexa9_0/include -MMD -MP -MF"src/iic_phyreset.d" -MT"src/iic_phyreset.o" -o "src/iic_phyreset.o" "../src/iic_phyreset.c"
Finished building: ../src/iic_phyreset.c
 
Building file: ../src/main.c
Invoking: ARM v7 gcc compiler
arm-none-eabi-gcc -Wall -O0 -g3 -c -fmessage-length=0 -MT"src/main.o" -mcpu=cortex-a9 -mfpu=vfpv3 -mfloat-abi=hard -I../../CMB40_V2_bsp/ps7_cortexa9_0/include -MMD -MP -MF"src/main.d" -MT"src/main.o" -o "src/main.o" "../src/main.c"
In file included from ../src/main.h:26:0,
                 from ../src/main.c:36:
../src/DRS4_driver.h:29:2: warning: #warning CHECK FOR the right DRS4 base address the one xparameters is wrong [-Wcpp]
 #warning CHECK FOR the right DRS4 base address the one xparameters is wrong
  ^~~~~~~
In file included from ../src/main.h:28:0,
                 from ../src/main.c:36:
../src/xaxidma_controller.h:54:2: warning: #warning CHECK FOR THE VALID DDR ADDRESS IN XPARAMETERS.H, DEFAULT SET TO 0x01000000 [-Wcpp]
 #warning CHECK FOR THE VALID DDR ADDRESS IN XPARAMETERS.H, \
  ^~~~~~~
../src/main.c: In function 'main':
../src/main.c:107:11: warning: implicit declaration of function 'setup_dma_and_timer' [-Wimplicit-function-declaration]
  Status = setup_dma_and_timer();
           ^~~~~~~~~~~~~~~~~~~
../src/main.c:117:2: warning: implicit declaration of function 'print_app_header'; did you mean 'pbuf_header'? [-Wimplicit-function-declaration]
  print_app_header();
  ^~~~~~~~~~~~~~~~
  pbuf_header
../src/main.c:120:12: warning: implicit declaration of function 'setup_interrupt_dma_timer' [-Wimplicit-function-declaration]
  Status =  setup_interrupt_dma_timer();
            ^~~~~~~~~~~~~~~~~~~~~~~~~
../src/main.c:164:2: warning: implicit declaration of function 'print_ip_settings' [-Wimplicit-function-declaration]
  print_ip_settings(&ipaddr, &netmask, &gw);
  ^~~~~~~~~~~~~~~~~
../src/main.c:175:48: warning: pointer targets in passing argument 1 of 'strlen' differ in signedness [-Wpointer-sign]
     xil_printf("buffer length %d \n \n",strlen(buffer));
                                                ^~~~~~
In file included from /opt/Xilinx/SDK/2018.2/gnu/aarch32/lin/gcc-arm-none-eabi/arm-none-eabi/libc/usr/include/stdio.h:29:0,
                 from ../src/main.c:33:
/opt/Xilinx/SDK/2018.2/gnu/aarch32/lin/gcc-arm-none-eabi/arm-none-eabi/libc/usr/include/string.h:33:9: note: expected 'const char *' but argument is of type 'unsigned char *'
 size_t  _EXFUN(strlen,(const char *));
         ^
../src/main.c: In function 'setup_system':
../src/main.c:203:18: warning: unused variable 'Config' [-Wunused-variable]
  XUartPs_Config *Config;
                  ^~~~~~
../src/main.c: In function 'loop_routine':
../src/main.c:380:31: warning: pointer targets in passing argument 1 of 'strlen' differ in signedness [-Wpointer-sign]
      memset(buffer, 0, strlen(buffer));
                               ^~~~~~
In file included from /opt/Xilinx/SDK/2018.2/gnu/aarch32/lin/gcc-arm-none-eabi/arm-none-eabi/libc/usr/include/stdio.h:29:0,
                 from ../src/main.c:33:
/opt/Xilinx/SDK/2018.2/gnu/aarch32/lin/gcc-arm-none-eabi/arm-none-eabi/libc/usr/include/string.h:33:9: note: expected 'const char *' but argument is of type 'unsigned char *'
 size_t  _EXFUN(strlen,(const char *));
         ^
../src/main.c:381:15: warning: pointer targets in passing argument 1 of 'snprintf' differ in signedness [-Wpointer-sign]
      snprintf(buffer,40,"\nDRS4 was shuted down... \nEnd program");
               ^~~~~~
In file included from /opt/Xilinx/SDK/2018.2/gnu/aarch32/lin/gcc-arm-none-eabi/arm-none-eabi/libc/usr/include/stdio.h:29:0,
                 from ../src/main.c:33:
/opt/Xilinx/SDK/2018.2/gnu/aarch32/lin/gcc-arm-none-eabi/arm-none-eabi/libc/usr/include/stdio.h:247:5: note: expected 'char * restrict' but argument is of type 'unsigned char *'
 int _EXFUN(snprintf, (char *__restrict, size_t, const char *__restrict, ...)
     ^
../src/main.c: In function 'DRS4_restart_ROI':
../src/main.c:483:6: warning: variable 'cpld_status' set but not used [-Wunused-but-set-variable]
  int cpld_status;
      ^~~~~~~~~~~
../src/main.c: In function 'recv_callback':
../src/main.c:529:27: warning: pointer targets in passing argument 1 of 'strlen' differ in signedness [-Wpointer-sign]
  memset(buffer, 0, strlen(buffer));
                           ^~~~~~
In file included from /opt/Xilinx/SDK/2018.2/gnu/aarch32/lin/gcc-arm-none-eabi/arm-none-eabi/libc/usr/include/stdio.h:29:0,
                 from ../src/main.c:33:
/opt/Xilinx/SDK/2018.2/gnu/aarch32/lin/gcc-arm-none-eabi/arm-none-eabi/libc/usr/include/string.h:33:9: note: expected 'const char *' but argument is of type 'unsigned char *'
 size_t  _EXFUN(strlen,(const char *));
         ^
../src/main.c:530:43: warning: pointer targets in passing argument 1 of 'strlen' differ in signedness [-Wpointer-sign]
  xil_printf("strlen:%d, mess:%s\n",strlen(RecvBuffer),RecvBuffer);
                                           ^~~~~~~~~~
In file included from /opt/Xilinx/SDK/2018.2/gnu/aarch32/lin/gcc-arm-none-eabi/arm-none-eabi/libc/usr/include/stdio.h:29:0,
                 from ../src/main.c:33:
/opt/Xilinx/SDK/2018.2/gnu/aarch32/lin/gcc-arm-none-eabi/arm-none-eabi/libc/usr/include/string.h:33:9: note: expected 'const char *' but argument is of type 'u8 * {aka unsigned char *}'
 size_t  _EXFUN(strlen,(const char *));
         ^
../src/main.c:534:29: warning: pointer targets in passing argument 1 of 'strlen' differ in signedness [-Wpointer-sign]
    memset(buffer, 0, strlen(buffer));
                             ^~~~~~
In file included from /opt/Xilinx/SDK/2018.2/gnu/aarch32/lin/gcc-arm-none-eabi/arm-none-eabi/libc/usr/include/stdio.h:29:0,
                 from ../src/main.c:33:
/opt/Xilinx/SDK/2018.2/gnu/aarch32/lin/gcc-arm-none-eabi/arm-none-eabi/libc/usr/include/string.h:33:9: note: expected 'const char *' but argument is of type 'unsigned char *'
 size_t  _EXFUN(strlen,(const char *));
         ^
../src/main.c:535:13: warning: pointer targets in passing argument 1 of 'snprintf' differ in signedness [-Wpointer-sign]
    snprintf(buffer,40,"DRS4 state is %x\n", state);
             ^~~~~~
In file included from /opt/Xilinx/SDK/2018.2/gnu/aarch32/lin/gcc-arm-none-eabi/arm-none-eabi/libc/usr/include/stdio.h:29:0,
                 from ../src/main.c:33:
/opt/Xilinx/SDK/2018.2/gnu/aarch32/lin/gcc-arm-none-eabi/arm-none-eabi/libc/usr/include/stdio.h:247:5: note: expected 'char * restrict' but argument is of type 'unsigned char *'
 int _EXFUN(snprintf, (char *__restrict, size_t, const char *__restrict, ...)
     ^
../src/main.c:543:29: warning: pointer targets in passing argument 1 of 'strlen' differ in signedness [-Wpointer-sign]
    memset(buffer, 0, strlen(buffer));
                             ^~~~~~
In file included from /opt/Xilinx/SDK/2018.2/gnu/aarch32/lin/gcc-arm-none-eabi/arm-none-eabi/libc/usr/include/stdio.h:29:0,
                 from ../src/main.c:33:
/opt/Xilinx/SDK/2018.2/gnu/aarch32/lin/gcc-arm-none-eabi/arm-none-eabi/libc/usr/include/string.h:33:9: note: expected 'const char *' but argument is of type 'unsigned char *'
 size_t  _EXFUN(strlen,(const char *));
         ^
../src/main.c:544:13: warning: pointer targets in passing argument 1 of 'snprintf' differ in signedness [-Wpointer-sign]
    snprintf(buffer,40,"\nDRS4 was shuted down, state is %x\n", state);
             ^~~~~~
In file included from /opt/Xilinx/SDK/2018.2/gnu/aarch32/lin/gcc-arm-none-eabi/arm-none-eabi/libc/usr/include/stdio.h:29:0,
                 from ../src/main.c:33:
/opt/Xilinx/SDK/2018.2/gnu/aarch32/lin/gcc-arm-none-eabi/arm-none-eabi/libc/usr/include/stdio.h:247:5: note: expected 'char * restrict' but argument is of type 'unsigned char *'
 int _EXFUN(snprintf, (char *__restrict, size_t, const char *__restrict, ...)
     ^
../src/main.c:550:29: warning: pointer targets in passing argument 1 of 'strlen' differ in signedness [-Wpointer-sign]
    memset(buffer, 0, strlen(buffer));
                             ^~~~~~
In file included from /opt/Xilinx/SDK/2018.2/gnu/aarch32/lin/gcc-arm-none-eabi/arm-none-eabi/libc/usr/include/stdio.h:29:0,
                 from ../src/main.c:33:
/opt/Xilinx/SDK/2018.2/gnu/aarch32/lin/gcc-arm-none-eabi/arm-none-eabi/libc/usr/include/string.h:33:9: note: expected 'const char *' but argument is of type 'unsigned char *'
 size_t  _EXFUN(strlen,(const char *));
         ^
../src/main.c:551:13: warning: pointer targets in passing argument 1 of 'snprintf' differ in signedness [-Wpointer-sign]
    snprintf(buffer,40,"DRS4 restarting\n");
             ^~~~~~
In file included from /opt/Xilinx/SDK/2018.2/gnu/aarch32/lin/gcc-arm-none-eabi/arm-none-eabi/libc/usr/include/stdio.h:29:0,
                 from ../src/main.c:33:
/opt/Xilinx/SDK/2018.2/gnu/aarch32/lin/gcc-arm-none-eabi/arm-none-eabi/libc/usr/include/stdio.h:247:5: note: expected 'char * restrict' but argument is of type 'unsigned char *'
 int _EXFUN(snprintf, (char *__restrict, size_t, const char *__restrict, ...)
     ^
../src/main.c:572:29: warning: pointer targets in passing argument 1 of 'strlen' differ in signedness [-Wpointer-sign]
    memset(buffer, 0, strlen(buffer));
                             ^~~~~~
In file included from /opt/Xilinx/SDK/2018.2/gnu/aarch32/lin/gcc-arm-none-eabi/arm-none-eabi/libc/usr/include/stdio.h:29:0,
                 from ../src/main.c:33:
/opt/Xilinx/SDK/2018.2/gnu/aarch32/lin/gcc-arm-none-eabi/arm-none-eabi/libc/usr/include/string.h:33:9: note: expected 'const char *' but argument is of type 'unsigned char *'
 size_t  _EXFUN(strlen,(const char *));
         ^
../src/main.c:573:13: warning: pointer targets in passing argument 1 of 'snprintf' differ in signedness [-Wpointer-sign]
    snprintf(buffer,40,"\n# event buffer = %x", RxDone);
             ^~~~~~
In file included from /opt/Xilinx/SDK/2018.2/gnu/aarch32/lin/gcc-arm-none-eabi/arm-none-eabi/libc/usr/include/stdio.h:29:0,
                 from ../src/main.c:33:
/opt/Xilinx/SDK/2018.2/gnu/aarch32/lin/gcc-arm-none-eabi/arm-none-eabi/libc/usr/include/stdio.h:247:5: note: expected 'char * restrict' but argument is of type 'unsigned char *'
 int _EXFUN(snprintf, (char *__restrict, size_t, const char *__restrict, ...)
     ^
../src/main.c:579:29: warning: pointer targets in passing argument 1 of 'strlen' differ in signedness [-Wpointer-sign]
    memset(buffer, 0, strlen(buffer));
                             ^~~~~~
In file included from /opt/Xilinx/SDK/2018.2/gnu/aarch32/lin/gcc-arm-none-eabi/arm-none-eabi/libc/usr/include/stdio.h:29:0,
                 from ../src/main.c:33:
/opt/Xilinx/SDK/2018.2/gnu/aarch32/lin/gcc-arm-none-eabi/arm-none-eabi/libc/usr/include/string.h:33:9: note: expected 'const char *' but argument is of type 'unsigned char *'
 size_t  _EXFUN(strlen,(const char *));
         ^
../src/main.c:580:13: warning: pointer targets in passing argument 1 of 'snprintf' differ in signedness [-Wpointer-sign]
    snprintf(buffer,40,"\n# VETO set to FALSE");
             ^~~~~~
In file included from /opt/Xilinx/SDK/2018.2/gnu/aarch32/lin/gcc-arm-none-eabi/arm-none-eabi/libc/usr/include/stdio.h:29:0,
                 from ../src/main.c:33:
/opt/Xilinx/SDK/2018.2/gnu/aarch32/lin/gcc-arm-none-eabi/arm-none-eabi/libc/usr/include/stdio.h:247:5: note: expected 'char * restrict' but argument is of type 'unsigned char *'
 int _EXFUN(snprintf, (char *__restrict, size_t, const char *__restrict, ...)
     ^
../src/main.c:588:29: warning: pointer targets in passing argument 1 of 'strlen' differ in signedness [-Wpointer-sign]
    memset(buffer, 0, strlen(buffer));
                             ^~~~~~
In file included from /opt/Xilinx/SDK/2018.2/gnu/aarch32/lin/gcc-arm-none-eabi/arm-none-eabi/libc/usr/include/stdio.h:29:0,
                 from ../src/main.c:33:
/opt/Xilinx/SDK/2018.2/gnu/aarch32/lin/gcc-arm-none-eabi/arm-none-eabi/libc/usr/include/string.h:33:9: note: expected 'const char *' but argument is of type 'unsigned char *'
 size_t  _EXFUN(strlen,(const char *));
         ^
../src/main.c:589:13: warning: pointer targets in passing argument 1 of 'snprintf' differ in signedness [-Wpointer-sign]
    snprintf(buffer,40,"\n# cleaning up the event buffer");
             ^~~~~~
In file included from /opt/Xilinx/SDK/2018.2/gnu/aarch32/lin/gcc-arm-none-eabi/arm-none-eabi/libc/usr/include/stdio.h:29:0,
                 from ../src/main.c:33:
/opt/Xilinx/SDK/2018.2/gnu/aarch32/lin/gcc-arm-none-eabi/arm-none-eabi/libc/usr/include/stdio.h:247:5: note: expected 'char * restrict' but argument is of type 'unsigned char *'
 int _EXFUN(snprintf, (char *__restrict, size_t, const char *__restrict, ...)
     ^
../src/main.c:596:29: warning: pointer targets in passing argument 1 of 'strlen' differ in signedness [-Wpointer-sign]
    memset(buffer, 0, strlen(buffer));
                             ^~~~~~
In file included from /opt/Xilinx/SDK/2018.2/gnu/aarch32/lin/gcc-arm-none-eabi/arm-none-eabi/libc/usr/include/stdio.h:29:0,
                 from ../src/main.c:33:
/opt/Xilinx/SDK/2018.2/gnu/aarch32/lin/gcc-arm-none-eabi/arm-none-eabi/libc/usr/include/string.h:33:9: note: expected 'const char *' but argument is of type 'unsigned char *'
 size_t  _EXFUN(strlen,(const char *));
         ^
../src/main.c:597:13: warning: pointer targets in passing argument 1 of 'snprintf' differ in signedness [-Wpointer-sign]
    snprintf(buffer,40,"\n# state = %x", state >> 24);
             ^~~~~~
In file included from /opt/Xilinx/SDK/2018.2/gnu/aarch32/lin/gcc-arm-none-eabi/arm-none-eabi/libc/usr/include/stdio.h:29:0,
                 from ../src/main.c:33:
/opt/Xilinx/SDK/2018.2/gnu/aarch32/lin/gcc-arm-none-eabi/arm-none-eabi/libc/usr/include/stdio.h:247:5: note: expected 'char * restrict' but argument is of type 'unsigned char *'
 int _EXFUN(snprintf, (char *__restrict, size_t, const char *__restrict, ...)
     ^
../src/main.c:601:17: warning: pointer targets in passing argument 1 of 'atoi' differ in signedness [-Wpointer-sign]
    value = atoi(&(RecvBuffer[13]));
                 ^
In file included from /opt/Xilinx/SDK/2018.2/gnu/aarch32/lin/gcc-arm-none-eabi/arm-none-eabi/libc/usr/include/stdio.h:29:0,
                 from ../src/main.c:33:
/opt/Xilinx/SDK/2018.2/gnu/aarch32/lin/gcc-arm-none-eabi/arm-none-eabi/libc/usr/include/stdlib.h:77:5: note: expected 'const char *' but argument is of type 'u8 * {aka unsigned char *}'
 int _EXFUN(atoi,(const char *__nptr));
     ^
../src/main.c:609:29: warning: pointer targets in passing argument 1 of 'strlen' differ in signedness [-Wpointer-sign]
    memset(buffer, 0, strlen(buffer));
                             ^~~~~~
In file included from /opt/Xilinx/SDK/2018.2/gnu/aarch32/lin/gcc-arm-none-eabi/arm-none-eabi/libc/usr/include/stdio.h:29:0,
                 from ../src/main.c:33:
/opt/Xilinx/SDK/2018.2/gnu/aarch32/lin/gcc-arm-none-eabi/arm-none-eabi/libc/usr/include/string.h:33:9: note: expected 'const char *' but argument is of type 'unsigned char *'
 size_t  _EXFUN(strlen,(const char *));
         ^
../src/main.c:610:13: warning: pointer targets in passing argument 1 of 'snprintf' differ in signedness [-Wpointer-sign]
    snprintf(buffer,40,"\n# n events set to  = %d", n_events);
             ^~~~~~
In file included from /opt/Xilinx/SDK/2018.2/gnu/aarch32/lin/gcc-arm-none-eabi/arm-none-eabi/libc/usr/include/stdio.h:29:0,
                 from ../src/main.c:33:
/opt/Xilinx/SDK/2018.2/gnu/aarch32/lin/gcc-arm-none-eabi/arm-none-eabi/libc/usr/include/stdio.h:247:5: note: expected 'char * restrict' but argument is of type 'unsigned char *'
 int _EXFUN(snprintf, (char *__restrict, size_t, const char *__restrict, ...)
     ^
../src/main.c:616:29: warning: pointer targets in passing argument 1 of 'strlen' differ in signedness [-Wpointer-sign]
    memset(buffer, 0, strlen(buffer));
                             ^~~~~~
In file included from /opt/Xilinx/SDK/2018.2/gnu/aarch32/lin/gcc-arm-none-eabi/arm-none-eabi/libc/usr/include/stdio.h:29:0,
                 from ../src/main.c:33:
/opt/Xilinx/SDK/2018.2/gnu/aarch32/lin/gcc-arm-none-eabi/arm-none-eabi/libc/usr/include/string.h:33:9: note: expected 'const char *' but argument is of type 'unsigned char *'
 size_t  _EXFUN(strlen,(const char *));
         ^
../src/main.c:617:13: warning: pointer targets in passing argument 1 of 'snprintf' differ in signedness [-Wpointer-sign]
    snprintf(buffer,372,"\nList of available commands:\n-DRS4Shutdown\n-DRS4Restart\n-DRS4GetState\n-q : exit and terminate execution\n"
             ^~~~~~
In file included from /opt/Xilinx/SDK/2018.2/gnu/aarch32/lin/gcc-arm-none-eabi/arm-none-eabi/libc/usr/include/stdio.h:29:0,
                 from ../src/main.c:33:
/opt/Xilinx/SDK/2018.2/gnu/aarch32/lin/gcc-arm-none-eabi/arm-none-eabi/libc/usr/include/stdio.h:247:5: note: expected 'char * restrict' but argument is of type 'unsigned char *'
 int _EXFUN(snprintf, (char *__restrict, size_t, const char *__restrict, ...)
     ^
../src/main.c:638:13: warning: pointer targets in passing argument 1 of 'snprintf' differ in signedness [-Wpointer-sign]
    snprintf(buffer,40,"\nSoft_trig command\n");
             ^~~~~~
In file included from /opt/Xilinx/SDK/2018.2/gnu/aarch32/lin/gcc-arm-none-eabi/arm-none-eabi/libc/usr/include/stdio.h:29:0,
                 from ../src/main.c:33:
/opt/Xilinx/SDK/2018.2/gnu/aarch32/lin/gcc-arm-none-eabi/arm-none-eabi/libc/usr/include/stdio.h:247:5: note: expected 'char * restrict' but argument is of type 'unsigned char *'
 int _EXFUN(snprintf, (char *__restrict, size_t, const char *__restrict, ...)
     ^
../src/main.c:656:13: warning: pointer targets in passing argument 1 of 'snprintf' differ in signedness [-Wpointer-sign]
    snprintf(buffer,40,"\nManual trigger RO\n");
             ^~~~~~
In file included from /opt/Xilinx/SDK/2018.2/gnu/aarch32/lin/gcc-arm-none-eabi/arm-none-eabi/libc/usr/include/stdio.h:29:0,
                 from ../src/main.c:33:
/opt/Xilinx/SDK/2018.2/gnu/aarch32/lin/gcc-arm-none-eabi/arm-none-eabi/libc/usr/include/stdio.h:247:5: note: expected 'char * restrict' but argument is of type 'unsigned char *'
 int _EXFUN(snprintf, (char *__restrict, size_t, const char *__restrict, ...)
     ^
../src/main.c:512:17: warning: unused variable 'mess' [-Wunused-variable]
   unsigned char mess[40];
                 ^~~~
../src/main.c:511:7: warning: unused variable 'Status' [-Wunused-variable]
   int Status;
       ^~~~~~
../src/main.c:510:7: warning: unused variable 'ch' [-Wunused-variable]
   int ch=0;
       ^~
../src/main.c:507:15: warning: unused variable 'ReceivedCount' [-Wunused-variable]
  unsigned int ReceivedCount = 0;
               ^~~~~~~~~~~~~
In file included from ../src/main.h:28:0,
                 from ../src/main.c:36:
At top level:
../src/xaxidma_controller.h:173:12: warning: 'read_pointer' defined but not used [-Wunused-variable]
 static u8 *read_pointer = (u8 *) RX_BUFFER_BASE;
            ^~~~~~~~~~~~
../src/xaxidma_controller.h:170:13: warning: 'Packet' defined but not used [-Wunused-variable]
 static u32 *Packet = (u32 *) TX_BUFFER_BASE;
             ^~~~~~
../src/xaxidma_controller.h:157:13: warning: 'Intc' defined but not used [-Wunused-variable]
 static INTC Intc; /* Instance of the Interrupt Controller */
             ^~~~
../src/main.c: In function 'setup_system':
../src/main.c:259:2: warning: 'cpld_status' may be used uninitialized in this function [-Wmaybe-uninitialized]
  xil_printf("Cpld status: %d \n\n",cpld_status);
  ^~~~~~~~~~~~~~~~~~~~~~~~~~~~~~~~~~~~~~~~~~~~~~
Finished building: ../src/main.c
 
Building file: ../src/platform_zynq.c
Invoking: ARM v7 gcc compiler
arm-none-eabi-gcc -Wall -O0 -g3 -c -fmessage-length=0 -MT"src/platform_zynq.o" -mcpu=cortex-a9 -mfpu=vfpv3 -mfloat-abi=hard -I../../CMB40_V2_bsp/ps7_cortexa9_0/include -MMD -MP -MF"src/platform_zynq.d" -MT"src/platform_zynq.o" -o "src/platform_zynq.o" "../src/platform_zynq.c"
In file included from ../src/platform_zynq.c:65:0:
../src/xaxidma_controller.h:54:2: warning: #warning CHECK FOR THE VALID DDR ADDRESS IN XPARAMETERS.H, DEFAULT SET TO 0x01000000 [-Wcpp]
 #warning CHECK FOR THE VALID DDR ADDRESS IN XPARAMETERS.H, \
  ^~~~~~~
../src/platform_zynq.c: In function 'setup_dma_and_timer':
../src/platform_zynq.c:302:3: warning: 'return' with no value, in function returning non-void
   return;
   ^~~~~~
../src/platform_zynq.c:252:5: note: declared here
 int setup_dma_and_timer()
     ^~~~~~~~~~~~~~~~~~~
In file included from ../src/platform_zynq.c:65:0:
At top level:
../src/xaxidma_controller.h:173:12: warning: 'read_pointer' defined but not used [-Wunused-variable]
 static u8 *read_pointer = (u8 *) RX_BUFFER_BASE;
            ^~~~~~~~~~~~
../src/xaxidma_controller.h:170:13: warning: 'Packet' defined but not used [-Wunused-variable]
 static u32 *Packet = (u32 *) TX_BUFFER_BASE;
             ^~~~~~
In file included from ../src/xaxidma_controller.h:15:0,
                 from ../src/platform_zynq.c:65:
../src/tcp_com.h:38:24: warning: 'pcb' defined but not used [-Wunused-variable]
 static struct tcp_pcb *pcb;
                        ^~~
Finished building: ../src/platform_zynq.c
 
Building file: ../src/platform_zynqmp.c
Invoking: ARM v7 gcc compiler
arm-none-eabi-gcc -Wall -O0 -g3 -c -fmessage-length=0 -MT"src/platform_zynqmp.o" -mcpu=cortex-a9 -mfpu=vfpv3 -mfloat-abi=hard -I../../CMB40_V2_bsp/ps7_cortexa9_0/include -MMD -MP -MF"src/platform_zynqmp.d" -MT"src/platform_zynqmp.o" -o "src/platform_zynqmp.o" "../src/platform_zynqmp.c"
Finished building: ../src/platform_zynqmp.c
 
Building file: ../src/sfp.c
Invoking: ARM v7 gcc compiler
arm-none-eabi-gcc -Wall -O0 -g3 -c -fmessage-length=0 -MT"src/sfp.o" -mcpu=cortex-a9 -mfpu=vfpv3 -mfloat-abi=hard -I../../CMB40_V2_bsp/ps7_cortexa9_0/include -MMD -MP -MF"src/sfp.d" -MT"src/sfp.o" -o "src/sfp.o" "../src/sfp.c"
Finished building: ../src/sfp.c
 
Building file: ../src/si5324.c
Invoking: ARM v7 gcc compiler
arm-none-eabi-gcc -Wall -O0 -g3 -c -fmessage-length=0 -MT"src/si5324.o" -mcpu=cortex-a9 -mfpu=vfpv3 -mfloat-abi=hard -I../../CMB40_V2_bsp/ps7_cortexa9_0/include -MMD -MP -MF"src/si5324.d" -MT"src/si5324.o" -o "src/si5324.o" "../src/si5324.c"
Finished building: ../src/si5324.c
 
Building file: ../src/tcp_com.c
Invoking: ARM v7 gcc compiler
arm-none-eabi-gcc -Wall -O0 -g3 -c -fmessage-length=0 -MT"src/tcp_com.o" -mcpu=cortex-a9 -mfpu=vfpv3 -mfloat-abi=hard -I../../CMB40_V2_bsp/ps7_cortexa9_0/include -MMD -MP -MF"src/tcp_com.d" -MT"src/tcp_com.o" -o "src/tcp_com.o" "../src/tcp_com.c"
../src/tcp_com.c: In function 'packer':
../src/tcp_com.c:51:10: warning: pointer targets in passing argument 1 of 'strncpy' differ in signedness [-Wpointer-sign]
  strncpy(buffer,line,N_lines*Char_per_line);
          ^~~~~~
In file included from /opt/Xilinx/SDK/2018.2/gnu/aarch32/lin/gcc-arm-none-eabi/arm-none-eabi/libc/usr/include/stdio.h:29:0,
                 from ../../CMB40_V2_bsp/ps7_cortexa9_0/include/arch/cc.h:55,
                 from ../../CMB40_V2_bsp/ps7_cortexa9_0/include/lwip/arch.h:48,
                 from ../../CMB40_V2_bsp/ps7_cortexa9_0/include/lwip/debug.h:40,
                 from ../../CMB40_V2_bsp/ps7_cortexa9_0/include/lwip/opt.h:52,
                 from ../../CMB40_V2_bsp/ps7_cortexa9_0/include/lwip/tcp.h:41,
                 from ../src/tcp_com.h:11,
                 from ../src/tcp_com.c:7:
/opt/Xilinx/SDK/2018.2/gnu/aarch32/lin/gcc-arm-none-eabi/arm-none-eabi/libc/usr/include/string.h:36:8: note: expected 'char * restrict' but argument is of type 'unsigned char *'
 char  *_EXFUN(strncpy,(char *__restrict, const char *__restrict, size_t));
        ^
../src/tcp_com.c: In function 'hash':
../src/tcp_com.c:72:12: warning: suggest parentheses around assignment used as truth value [-Wparentheses]
     while (c = *str++)
            ^
../src/tcp_com.c: In function 'transfer_data':
../src/tcp_com.c:117:29: warning: pointer targets in passing argument 1 of 'strlen' differ in signedness [-Wpointer-sign]
   p->len = (uint16_t)strlen(buffer);
                             ^~~~~~
In file included from /opt/Xilinx/SDK/2018.2/gnu/aarch32/lin/gcc-arm-none-eabi/arm-none-eabi/libc/usr/include/stdio.h:29:0,
                 from ../../CMB40_V2_bsp/ps7_cortexa9_0/include/arch/cc.h:55,
                 from ../../CMB40_V2_bsp/ps7_cortexa9_0/include/lwip/arch.h:48,
                 from ../../CMB40_V2_bsp/ps7_cortexa9_0/include/lwip/debug.h:40,
                 from ../../CMB40_V2_bsp/ps7_cortexa9_0/include/lwip/opt.h:52,
                 from ../../CMB40_V2_bsp/ps7_cortexa9_0/include/lwip/tcp.h:41,
                 from ../src/tcp_com.h:11,
                 from ../src/tcp_com.c:7:
/opt/Xilinx/SDK/2018.2/gnu/aarch32/lin/gcc-arm-none-eabi/arm-none-eabi/libc/usr/include/string.h:33:9: note: expected 'const char *' but argument is of type 'unsigned char *'
 size_t  _EXFUN(strlen,(const char *));
         ^
../src/tcp_com.c:127:3: warning: implicit declaration of function 'usleep'; did you mean 'fseek'? [-Wimplicit-function-declaration]
   usleep(200);
   ^~~~~~
   fseek
Finished building: ../src/tcp_com.c
 
Building file: ../src/xaxidma_controller.c
Invoking: ARM v7 gcc compiler
arm-none-eabi-gcc -Wall -O0 -g3 -c -fmessage-length=0 -MT"src/xaxidma_controller.o" -mcpu=cortex-a9 -mfpu=vfpv3 -mfloat-abi=hard -I../../CMB40_V2_bsp/ps7_cortexa9_0/include -MMD -MP -MF"src/xaxidma_controller.d" -MT"src/xaxidma_controller.o" -o "src/xaxidma_controller.o" "../src/xaxidma_controller.c"
In file included from ../src/xaxidma_controller.c:90:0:
../src/xaxidma_controller.h:54:2: warning: #warning CHECK FOR THE VALID DDR ADDRESS IN XPARAMETERS.H, DEFAULT SET TO 0x01000000 [-Wcpp]
 #warning CHECK FOR THE VALID DDR ADDRESS IN XPARAMETERS.H, \
  ^~~~~~~
../src/xaxidma_controller.c: In function 'process_n_send_data':
../src/xaxidma_controller.c:492:15: warning: assignment makes pointer from integer without a cast [-Wint-conversion]
  read_pointer = XAxiDma_BdGetBufAddr(BdPtr);
               ^
../src/xaxidma_controller.c:501:11: warning: pointer targets in passing argument 1 of 'strncpy' differ in signedness [-Wpointer-sign]
   strncpy(buffer,read_pointer+buffer_length*cont,buffer_length);
           ^~~~~~
In file included from /opt/Xilinx/SDK/2018.2/gnu/aarch32/lin/gcc-arm-none-eabi/arm-none-eabi/libc/usr/include/ctype.h:4:0,
                 from ../../CMB40_V2_bsp/ps7_cortexa9_0/include/xil_printf.h:8,
                 from ../../CMB40_V2_bsp/ps7_cortexa9_0/include/xil_io.h:65,
                 from ../../CMB40_V2_bsp/ps7_cortexa9_0/include/xaxidma_hw.h:69,
                 from ../../CMB40_V2_bsp/ps7_cortexa9_0/include/xaxidma_bd.h:117,
                 from ../../CMB40_V2_bsp/ps7_cortexa9_0/include/xaxidma_bdring.h:87,
                 from ../../CMB40_V2_bsp/ps7_cortexa9_0/include/xaxidma.h:492,
                 from ../src/xaxidma_controller.h:11,
                 from ../src/xaxidma_controller.c:90:
/opt/Xilinx/SDK/2018.2/gnu/aarch32/lin/gcc-arm-none-eabi/arm-none-eabi/libc/usr/include/string.h:36:8: note: expected 'char * restrict' but argument is of type 'unsigned char *'
 char  *_EXFUN(strncpy,(char *__restrict, const char *__restrict, size_t));
        ^
../src/xaxidma_controller.c:501:18: warning: pointer targets in passing argument 2 of 'strncpy' differ in signedness [-Wpointer-sign]
   strncpy(buffer,read_pointer+buffer_length*cont,buffer_length);
                  ^~~~~~~~~~~~
In file included from /opt/Xilinx/SDK/2018.2/gnu/aarch32/lin/gcc-arm-none-eabi/arm-none-eabi/libc/usr/include/ctype.h:4:0,
                 from ../../CMB40_V2_bsp/ps7_cortexa9_0/include/xil_printf.h:8,
                 from ../../CMB40_V2_bsp/ps7_cortexa9_0/include/xil_io.h:65,
                 from ../../CMB40_V2_bsp/ps7_cortexa9_0/include/xaxidma_hw.h:69,
                 from ../../CMB40_V2_bsp/ps7_cortexa9_0/include/xaxidma_bd.h:117,
                 from ../../CMB40_V2_bsp/ps7_cortexa9_0/include/xaxidma_bdring.h:87,
                 from ../../CMB40_V2_bsp/ps7_cortexa9_0/include/xaxidma.h:492,
                 from ../src/xaxidma_controller.h:11,
                 from ../src/xaxidma_controller.c:90:
/opt/Xilinx/SDK/2018.2/gnu/aarch32/lin/gcc-arm-none-eabi/arm-none-eabi/libc/usr/include/string.h:36:8: note: expected 'const char * restrict' but argument is of type 'u8 * {aka unsigned char *}'
 char  *_EXFUN(strncpy,(char *__restrict, const char *__restrict, size_t));
        ^
../src/xaxidma_controller.c: In function 'cleanup_buffer':
../src/xaxidma_controller.c:545:6: warning: variable 'BdCount' set but not used [-Wunused-but-set-variable]
  int BdCount;
      ^~~~~~~
../src/xaxidma_controller.c: In function 'RxCallBack':
../src/xaxidma_controller.c:569:6: warning: unused variable 'Index' [-Wunused-variable]
  int Index;
      ^~~~~
In file included from ../src/xaxidma_controller.h:15:0,
                 from ../src/xaxidma_controller.c:90:
At top level:
../src/tcp_com.h:38:24: warning: 'pcb' defined but not used [-Wunused-variable]
 static struct tcp_pcb *pcb;
                        ^~~
Finished building: ../src/xaxidma_controller.c
 
Building target: CMB40_V2.elf
Invoking: ARM v7 gcc linker
arm-none-eabi-gcc -mcpu=cortex-a9 -mfpu=vfpv3 -mfloat-abi=hard -Wl,-build-id=none -specs=Xilinx.spec -Wl,-T -Wl,../src/lscript.ld -L../../CMB40_V2_bsp/ps7_cortexa9_0/lib -o "CMB40_V2.elf" ./src/ADC_driver.o ./src/CPLD_driver.o ./src/DRS4_driver.o ./src/echo.o ./src/gpio_handler.o ./src/i2c_access.o ./src/iic_phyreset.o ./src/main.o ./src/platform.o ./src/platform_mb.o ./src/platform_ppc.o ./src/platform_zynq.o ./src/platform_zynqmp.o ./src/sfp.o ./src/si5324.o ./src/tcp_com.o ./src/xaxidma_controller.o   -Wl,--start-group,-lxil,-lgcc,-lc,--end-group -Wl,--start-group,-lxil,-llwip4,-lgcc,-lc,--end-group
Finished building target: CMB40_V2.elf
 
Invoking: ARM v7 Print Size
arm-none-eabi-size CMB40_V2.elf  |tee "CMB40_V2.elf.size"
   text	   data	    bss	    dec	    hex	filename
 195060	   4504	2185216	2384780	 24638c	CMB40_V2.elf
Finished building: CMB40_V2.elf.size
 

12:22:21 Build Finished (took 1s.275ms)

