15:39:16 **** Incremental Build of configuration Debug for project MB40ch_wUART ****
make pre-build main-build 
a9-linaro-pre-build-step
 
make: Nothing to be done for 'main-build'.
15:39:26 **** Incremental Build of configuration Debug for project MB40ch_wUART ****
make pre-build main-build 
a9-linaro-pre-build-step
 
make: Nothing to be done for 'main-build'.
15:40:13 **** Incremental Build of configuration Debug for project MB40ch_wUART ****
make pre-build main-build 
a9-linaro-pre-build-step
 
make: Nothing to be done for 'main-build'.
16:19:11 **** Clean-only build of project MB40CH_wUART_bsp_4 ****
make -k clean 
make -C ps7_cortexa9_0/libsrc/AXI_ADC_v1_0/src -s clean 
make -C ps7_cortexa9_0/libsrc/axidma_v9_7/src -s clean 
make -C ps7_cortexa9_0/libsrc/clk_mon_v1_0/src -s clean 
make -C ps7_cortexa9_0/libsrc/coresightps_dcc_v1_4/src -s clean 
make -C ps7_cortexa9_0/libsrc/CPLD_ctrl_v1_0/src -s clean 
make -C ps7_cortexa9_0/libsrc/cpu_cortexa9_v2_6/src -s clean 
make -C ps7_cortexa9_0/libsrc/dac_i2c_v1_0/src -s clean 
make -C ps7_cortexa9_0/libsrc/ddrps_v1_0/src -s clean 
make -C ps7_cortexa9_0/libsrc/devcfg_v3_5/src -s clean 
make -C ps7_cortexa9_0/libsrc/dmaps_v2_3/src -s clean 
make -C ps7_cortexa9_0/libsrc/DRS4_firmware_v2_0/src -s clean 
make -C ps7_cortexa9_0/libsrc/emacps_v3_7/src -s clean 
make -C ps7_cortexa9_0/libsrc/gpiops_v3_3/src -s clean 
make -C ps7_cortexa9_0/libsrc/gpio_v4_3/src -s clean 
make -C ps7_cortexa9_0/libsrc/lwip202_v1_1/src -s clean 
make -C ps7_cortexa9_0/libsrc/qspips_v3_4/src -s clean 
make -C ps7_cortexa9_0/libsrc/scugic_v3_9/src -s clean 
make -C ps7_cortexa9_0/libsrc/scutimer_v2_1/src -s clean 
make -C ps7_cortexa9_0/libsrc/scuwdt_v2_1/src -s clean 
make -C ps7_cortexa9_0/libsrc/standalone_v6_7/src -s clean 
make -C ps7_cortexa9_0/libsrc/uartps_v3_6/src -s clean 
make -C ps7_cortexa9_0/libsrc/wdtps_v3_0/src -s clean 
make -C ps7_cortexa9_0/libsrc/xadcps_v2_2/src -s clean 
rm -f ps7_cortexa9_0/lib/libxil.a
16:19:12 **** Clean-only build of configuration Debug for project MB40ch_wUART ****
make clean 
rm -rf ./src/ADC_driver.o ./src/CPLD_driver.o ./src/DRS4_driver.o ./src/echo.o ./src/gpio_handler.o ./src/i2c_access.o ./src/iic_phyreset.o ./src/main.o ./src/platform.o ./src/platform_mb.o ./src/platform_ppc.o ./src/platform_zynq.o ./src/platform_zynqmp.o ./src/sfp.o ./src/si5324.o ./src/tcp_com.o ./src/xaxidma_controller.o ./src/ADC_driver.d ./src/CPLD_driver.d ./src/DRS4_driver.d ./src/echo.d ./src/gpio_handler.d ./src/i2c_access.d ./src/iic_phyreset.d ./src/main.d ./src/platform.d ./src/platform_mb.d ./src/platform_ppc.d ./src/platform_zynq.d ./src/platform_zynqmp.d ./src/sfp.d ./src/si5324.d ./src/tcp_com.d ./src/xaxidma_controller.d MB40ch_wUART.elf.size  MB40ch_wUART.elf
 
16:19:13 **** Build of project MB40CH_wUART_bsp_4 ****
make -k all 
Running Make include in ps7_cortexa9_0/libsrc/AXI_ADC_v1_0/src
make -C ps7_cortexa9_0/libsrc/AXI_ADC_v1_0/src -s include  "SHELL=/bin/sh" "COMPILER=arm-none-eabi-gcc" "ARCHIVER=arm-none-eabi-ar" "COMPILER_FLAGS=  -O2 -c" "EXTRA_COMPILER_FLAGS=-mcpu=cortex-a9 -mfpu=vfpv3 -mfloat-abi=hard -nostartfiles -g -Wall -Wextra"
Running Make include in ps7_cortexa9_0/libsrc/axidma_v9_7/src
make -C ps7_cortexa9_0/libsrc/axidma_v9_7/src -s include  "SHELL=/bin/sh" "COMPILER=arm-none-eabi-gcc" "ARCHIVER=arm-none-eabi-ar" "COMPILER_FLAGS=  -O2 -c" "EXTRA_COMPILER_FLAGS=-mcpu=cortex-a9 -mfpu=vfpv3 -mfloat-abi=hard -nostartfiles -g -Wall -Wextra"
Running Make include in ps7_cortexa9_0/libsrc/clk_mon_v1_0/src
make -C ps7_cortexa9_0/libsrc/clk_mon_v1_0/src -s include  "SHELL=/bin/sh" "COMPILER=arm-none-eabi-gcc" "ARCHIVER=arm-none-eabi-ar" "COMPILER_FLAGS=  -O2 -c" "EXTRA_COMPILER_FLAGS=-mcpu=cortex-a9 -mfpu=vfpv3 -mfloat-abi=hard -nostartfiles -g -Wall -Wextra"
Running Make include in ps7_cortexa9_0/libsrc/coresightps_dcc_v1_4/src
make -C ps7_cortexa9_0/libsrc/coresightps_dcc_v1_4/src -s include  "SHELL=/bin/sh" "COMPILER=arm-none-eabi-gcc" "ARCHIVER=arm-none-eabi-ar" "COMPILER_FLAGS=  -O2 -c" "EXTRA_COMPILER_FLAGS=-mcpu=cortex-a9 -mfpu=vfpv3 -mfloat-abi=hard -nostartfiles -g -Wall -Wextra"
Running Make include in ps7_cortexa9_0/libsrc/CPLD_ctrl_v1_0/src
make -C ps7_cortexa9_0/libsrc/CPLD_ctrl_v1_0/src -s include  "SHELL=/bin/sh" "COMPILER=arm-none-eabi-gcc" "ARCHIVER=arm-none-eabi-ar" "COMPILER_FLAGS=  -O2 -c" "EXTRA_COMPILER_FLAGS=-mcpu=cortex-a9 -mfpu=vfpv3 -mfloat-abi=hard -nostartfiles -g -Wall -Wextra"
Running Make include in ps7_cortexa9_0/libsrc/cpu_cortexa9_v2_6/src
make -C ps7_cortexa9_0/libsrc/cpu_cortexa9_v2_6/src -s include  "SHELL=/bin/sh" "COMPILER=arm-none-eabi-gcc" "ARCHIVER=arm-none-eabi-ar" "COMPILER_FLAGS=  -O2 -c" "EXTRA_COMPILER_FLAGS=-mcpu=cortex-a9 -mfpu=vfpv3 -mfloat-abi=hard -nostartfiles -g -Wall -Wextra"
Running Make include in ps7_cortexa9_0/libsrc/dac_i2c_v1_0/src
make -C ps7_cortexa9_0/libsrc/dac_i2c_v1_0/src -s include  "SHELL=/bin/sh" "COMPILER=arm-none-eabi-gcc" "ARCHIVER=arm-none-eabi-ar" "COMPILER_FLAGS=  -O2 -c" "EXTRA_COMPILER_FLAGS=-mcpu=cortex-a9 -mfpu=vfpv3 -mfloat-abi=hard -nostartfiles -g -Wall -Wextra"
Running Make include in ps7_cortexa9_0/libsrc/ddrps_v1_0/src
make -C ps7_cortexa9_0/libsrc/ddrps_v1_0/src -s include  "SHELL=/bin/sh" "COMPILER=arm-none-eabi-gcc" "ARCHIVER=arm-none-eabi-ar" "COMPILER_FLAGS=  -O2 -c" "EXTRA_COMPILER_FLAGS=-mcpu=cortex-a9 -mfpu=vfpv3 -mfloat-abi=hard -nostartfiles -g -Wall -Wextra"
Running Make include in ps7_cortexa9_0/libsrc/devcfg_v3_5/src
make -C ps7_cortexa9_0/libsrc/devcfg_v3_5/src -s include  "SHELL=/bin/sh" "COMPILER=arm-none-eabi-gcc" "ARCHIVER=arm-none-eabi-ar" "COMPILER_FLAGS=  -O2 -c" "EXTRA_COMPILER_FLAGS=-mcpu=cortex-a9 -mfpu=vfpv3 -mfloat-abi=hard -nostartfiles -g -Wall -Wextra"
Running Make include in ps7_cortexa9_0/libsrc/dmaps_v2_3/src
make -C ps7_cortexa9_0/libsrc/dmaps_v2_3/src -s include  "SHELL=/bin/sh" "COMPILER=arm-none-eabi-gcc" "ARCHIVER=arm-none-eabi-ar" "COMPILER_FLAGS=  -O2 -c" "EXTRA_COMPILER_FLAGS=-mcpu=cortex-a9 -mfpu=vfpv3 -mfloat-abi=hard -nostartfiles -g -Wall -Wextra"
Running Make include in ps7_cortexa9_0/libsrc/DRS4_firmware_v2_0/src
make -C ps7_cortexa9_0/libsrc/DRS4_firmware_v2_0/src -s include  "SHELL=/bin/sh" "COMPILER=arm-none-eabi-gcc" "ARCHIVER=arm-none-eabi-ar" "COMPILER_FLAGS=  -O2 -c" "EXTRA_COMPILER_FLAGS=-mcpu=cortex-a9 -mfpu=vfpv3 -mfloat-abi=hard -nostartfiles -g -Wall -Wextra"
Running Make include in ps7_cortexa9_0/libsrc/emacps_v3_7/src
make -C ps7_cortexa9_0/libsrc/emacps_v3_7/src -s include  "SHELL=/bin/sh" "COMPILER=arm-none-eabi-gcc" "ARCHIVER=arm-none-eabi-ar" "COMPILER_FLAGS=  -O2 -c" "EXTRA_COMPILER_FLAGS=-mcpu=cortex-a9 -mfpu=vfpv3 -mfloat-abi=hard -nostartfiles -g -Wall -Wextra"
Running Make include in ps7_cortexa9_0/libsrc/gpiops_v3_3/src
make -C ps7_cortexa9_0/libsrc/gpiops_v3_3/src -s include  "SHELL=/bin/sh" "COMPILER=arm-none-eabi-gcc" "ARCHIVER=arm-none-eabi-ar" "COMPILER_FLAGS=  -O2 -c" "EXTRA_COMPILER_FLAGS=-mcpu=cortex-a9 -mfpu=vfpv3 -mfloat-abi=hard -nostartfiles -g -Wall -Wextra"
Running Make include in ps7_cortexa9_0/libsrc/gpio_v4_3/src
make -C ps7_cortexa9_0/libsrc/gpio_v4_3/src -s include  "SHELL=/bin/sh" "COMPILER=arm-none-eabi-gcc" "ARCHIVER=arm-none-eabi-ar" "COMPILER_FLAGS=  -O2 -c" "EXTRA_COMPILER_FLAGS=-mcpu=cortex-a9 -mfpu=vfpv3 -mfloat-abi=hard -nostartfiles -g -Wall -Wextra"
Running Make include in ps7_cortexa9_0/libsrc/lwip202_v1_1/src
make -C ps7_cortexa9_0/libsrc/lwip202_v1_1/src -s include  "SHELL=/bin/sh" "COMPILER=arm-none-eabi-gcc" "ARCHIVER=arm-none-eabi-ar" "COMPILER_FLAGS=  -O2 -c" "EXTRA_COMPILER_FLAGS=-mcpu=cortex-a9 -mfpu=vfpv3 -mfloat-abi=hard -nostartfiles -g -Wall -Wextra"
Running Make include in ps7_cortexa9_0/libsrc/qspips_v3_4/src
make -C ps7_cortexa9_0/libsrc/qspips_v3_4/src -s include  "SHELL=/bin/sh" "COMPILER=arm-none-eabi-gcc" "ARCHIVER=arm-none-eabi-ar" "COMPILER_FLAGS=  -O2 -c" "EXTRA_COMPILER_FLAGS=-mcpu=cortex-a9 -mfpu=vfpv3 -mfloat-abi=hard -nostartfiles -g -Wall -Wextra"
Running Make include in ps7_cortexa9_0/libsrc/scugic_v3_9/src
make -C ps7_cortexa9_0/libsrc/scugic_v3_9/src -s include  "SHELL=/bin/sh" "COMPILER=arm-none-eabi-gcc" "ARCHIVER=arm-none-eabi-ar" "COMPILER_FLAGS=  -O2 -c" "EXTRA_COMPILER_FLAGS=-mcpu=cortex-a9 -mfpu=vfpv3 -mfloat-abi=hard -nostartfiles -g -Wall -Wextra"
Running Make include in ps7_cortexa9_0/libsrc/scutimer_v2_1/src
make -C ps7_cortexa9_0/libsrc/scutimer_v2_1/src -s include  "SHELL=/bin/sh" "COMPILER=arm-none-eabi-gcc" "ARCHIVER=arm-none-eabi-ar" "COMPILER_FLAGS=  -O2 -c" "EXTRA_COMPILER_FLAGS=-mcpu=cortex-a9 -mfpu=vfpv3 -mfloat-abi=hard -nostartfiles -g -Wall -Wextra"
Running Make include in ps7_cortexa9_0/libsrc/scuwdt_v2_1/src
make -C ps7_cortexa9_0/libsrc/scuwdt_v2_1/src -s include  "SHELL=/bin/sh" "COMPILER=arm-none-eabi-gcc" "ARCHIVER=arm-none-eabi-ar" "COMPILER_FLAGS=  -O2 -c" "EXTRA_COMPILER_FLAGS=-mcpu=cortex-a9 -mfpu=vfpv3 -mfloat-abi=hard -nostartfiles -g -Wall -Wextra"
Running Make include in ps7_cortexa9_0/libsrc/standalone_v6_7/src
make -C ps7_cortexa9_0/libsrc/standalone_v6_7/src -s include  "SHELL=/bin/sh" "COMPILER=arm-none-eabi-gcc" "ARCHIVER=arm-none-eabi-ar" "COMPILER_FLAGS=  -O2 -c" "EXTRA_COMPILER_FLAGS=-mcpu=cortex-a9 -mfpu=vfpv3 -mfloat-abi=hard -nostartfiles -g -Wall -Wextra"
Running Make include in ps7_cortexa9_0/libsrc/uartps_v3_6/src
make -C ps7_cortexa9_0/libsrc/uartps_v3_6/src -s include  "SHELL=/bin/sh" "COMPILER=arm-none-eabi-gcc" "ARCHIVER=arm-none-eabi-ar" "COMPILER_FLAGS=  -O2 -c" "EXTRA_COMPILER_FLAGS=-mcpu=cortex-a9 -mfpu=vfpv3 -mfloat-abi=hard -nostartfiles -g -Wall -Wextra"
Running Make include in ps7_cortexa9_0/libsrc/wdtps_v3_0/src
make -C ps7_cortexa9_0/libsrc/wdtps_v3_0/src -s include  "SHELL=/bin/sh" "COMPILER=arm-none-eabi-gcc" "ARCHIVER=arm-none-eabi-ar" "COMPILER_FLAGS=  -O2 -c" "EXTRA_COMPILER_FLAGS=-mcpu=cortex-a9 -mfpu=vfpv3 -mfloat-abi=hard -nostartfiles -g -Wall -Wextra"
Running Make include in ps7_cortexa9_0/libsrc/xadcps_v2_2/src
make -C ps7_cortexa9_0/libsrc/xadcps_v2_2/src -s include  "SHELL=/bin/sh" "COMPILER=arm-none-eabi-gcc" "ARCHIVER=arm-none-eabi-ar" "COMPILER_FLAGS=  -O2 -c" "EXTRA_COMPILER_FLAGS=-mcpu=cortex-a9 -mfpu=vfpv3 -mfloat-abi=hard -nostartfiles -g -Wall -Wextra"
Running Make libs in ps7_cortexa9_0/libsrc/AXI_ADC_v1_0/src
make -C ps7_cortexa9_0/libsrc/AXI_ADC_v1_0/src -s libs  "SHELL=/bin/sh" "COMPILER=arm-none-eabi-gcc" "ARCHIVER=arm-none-eabi-ar" "COMPILER_FLAGS=  -O2 -c" "EXTRA_COMPILER_FLAGS=-mcpu=cortex-a9 -mfpu=vfpv3 -mfloat-abi=hard -nostartfiles -g -Wall -Wextra"
Compiling AXI_ADC...
AXI_ADC_selftest.c: In function 'AXI_ADC_Reg_SelfTest':
AXI_ADC_selftest.c:52:56: warning: comparison between signed and unsigned integer expressions [-Wsign-compare]
    if ( AXI_ADC_mReadReg (baseaddr, read_loop_index*4) != (read_loop_index+1)*READ_WRITE_MUL_FACTOR){
                                                        ^~
AXI_ADC_selftest.c:36:6: warning: unused variable 'Index' [-Wunused-variable]
  int Index;
      ^~~~~
arm-none-eabi-ar: creating ../../../lib/libxil.a
Running Make libs in ps7_cortexa9_0/libsrc/axidma_v9_7/src
make -C ps7_cortexa9_0/libsrc/axidma_v9_7/src -s libs  "SHELL=/bin/sh" "COMPILER=arm-none-eabi-gcc" "ARCHIVER=arm-none-eabi-ar" "COMPILER_FLAGS=  -O2 -c" "EXTRA_COMPILER_FLAGS=-mcpu=cortex-a9 -mfpu=vfpv3 -mfloat-abi=hard -nostartfiles -g -Wall -Wextra"
Compiling axidma
Running Make libs in ps7_cortexa9_0/libsrc/clk_mon_v1_0/src
make -C ps7_cortexa9_0/libsrc/clk_mon_v1_0/src -s libs  "SHELL=/bin/sh" "COMPILER=arm-none-eabi-gcc" "ARCHIVER=arm-none-eabi-ar" "COMPILER_FLAGS=  -O2 -c" "EXTRA_COMPILER_FLAGS=-mcpu=cortex-a9 -mfpu=vfpv3 -mfloat-abi=hard -nostartfiles -g -Wall -Wextra"
Compiling clk_mon...
clk_mon_selftest.c: In function 'CLK_MON_Reg_SelfTest':
clk_mon_selftest.c:52:56: warning: comparison between signed and unsigned integer expressions [-Wsign-compare]
    if ( CLK_MON_mReadReg (baseaddr, read_loop_index*4) != (read_loop_index+1)*READ_WRITE_MUL_FACTOR){
                                                        ^~
clk_mon_selftest.c:36:6: warning: unused variable 'Index' [-Wunused-variable]
  int Index;
      ^~~~~
Running Make libs in ps7_cortexa9_0/libsrc/coresightps_dcc_v1_4/src
make -C ps7_cortexa9_0/libsrc/coresightps_dcc_v1_4/src -s libs  "SHELL=/bin/sh" "COMPILER=arm-none-eabi-gcc" "ARCHIVER=arm-none-eabi-ar" "COMPILER_FLAGS=  -O2 -c" "EXTRA_COMPILER_FLAGS=-mcpu=cortex-a9 -mfpu=vfpv3 -mfloat-abi=hard -nostartfiles -g -Wall -Wextra"
Compiling coresightps_dcc
Running Make libs in ps7_cortexa9_0/libsrc/CPLD_ctrl_v1_0/src
make -C ps7_cortexa9_0/libsrc/CPLD_ctrl_v1_0/src -s libs  "SHELL=/bin/sh" "COMPILER=arm-none-eabi-gcc" "ARCHIVER=arm-none-eabi-ar" "COMPILER_FLAGS=  -O2 -c" "EXTRA_COMPILER_FLAGS=-mcpu=cortex-a9 -mfpu=vfpv3 -mfloat-abi=hard -nostartfiles -g -Wall -Wextra"
Compiling CPLD_ctrl...
CPLD_ctrl_selftest.c: In function 'CPLD_CTRL_Reg_SelfTest':
CPLD_ctrl_selftest.c:52:58: warning: comparison between signed and unsigned integer expressions [-Wsign-compare]
    if ( CPLD_CTRL_mReadReg (baseaddr, read_loop_index*4) != (read_loop_index+1)*READ_WRITE_MUL_FACTOR){
                                                          ^~
CPLD_ctrl_selftest.c:36:6: warning: unused variable 'Index' [-Wunused-variable]
  int Index;
      ^~~~~
Running Make libs in ps7_cortexa9_0/libsrc/cpu_cortexa9_v2_6/src
make -C ps7_cortexa9_0/libsrc/cpu_cortexa9_v2_6/src -s libs  "SHELL=/bin/sh" "COMPILER=arm-none-eabi-gcc" "ARCHIVER=arm-none-eabi-ar" "COMPILER_FLAGS=  -O2 -c" "EXTRA_COMPILER_FLAGS=-mcpu=cortex-a9 -mfpu=vfpv3 -mfloat-abi=hard -nostartfiles -g -Wall -Wextra"
Compiling cpu_cortexa9
Running Make libs in ps7_cortexa9_0/libsrc/dac_i2c_v1_0/src
make -C ps7_cortexa9_0/libsrc/dac_i2c_v1_0/src -s libs  "SHELL=/bin/sh" "COMPILER=arm-none-eabi-gcc" "ARCHIVER=arm-none-eabi-ar" "COMPILER_FLAGS=  -O2 -c" "EXTRA_COMPILER_FLAGS=-mcpu=cortex-a9 -mfpu=vfpv3 -mfloat-abi=hard -nostartfiles -g -Wall -Wextra"
Compiling dac_i2c...
dac_i2c_selftest.c: In function 'DAC_I2C_Reg_SelfTest':
dac_i2c_selftest.c:52:56: warning: comparison between signed and unsigned integer expressions [-Wsign-compare]
    if ( DAC_I2C_mReadReg (baseaddr, read_loop_index*4) != (read_loop_index+1)*READ_WRITE_MUL_FACTOR){
                                                        ^~
dac_i2c_selftest.c:36:6: warning: unused variable 'Index' [-Wunused-variable]
  int Index;
      ^~~~~
Running Make libs in ps7_cortexa9_0/libsrc/ddrps_v1_0/src
make -C ps7_cortexa9_0/libsrc/ddrps_v1_0/src -s libs  "SHELL=/bin/sh" "COMPILER=arm-none-eabi-gcc" "ARCHIVER=arm-none-eabi-ar" "COMPILER_FLAGS=  -O2 -c" "EXTRA_COMPILER_FLAGS=-mcpu=cortex-a9 -mfpu=vfpv3 -mfloat-abi=hard -nostartfiles -g -Wall -Wextra"
Compiling ddrps
Running Make libs in ps7_cortexa9_0/libsrc/devcfg_v3_5/src
make -C ps7_cortexa9_0/libsrc/devcfg_v3_5/src -s libs  "SHELL=/bin/sh" "COMPILER=arm-none-eabi-gcc" "ARCHIVER=arm-none-eabi-ar" "COMPILER_FLAGS=  -O2 -c" "EXTRA_COMPILER_FLAGS=-mcpu=cortex-a9 -mfpu=vfpv3 -mfloat-abi=hard -nostartfiles -g -Wall -Wextra"
Compiling devcfg
Running Make libs in ps7_cortexa9_0/libsrc/dmaps_v2_3/src
make -C ps7_cortexa9_0/libsrc/dmaps_v2_3/src -s libs  "SHELL=/bin/sh" "COMPILER=arm-none-eabi-gcc" "ARCHIVER=arm-none-eabi-ar" "COMPILER_FLAGS=  -O2 -c" "EXTRA_COMPILER_FLAGS=-mcpu=cortex-a9 -mfpu=vfpv3 -mfloat-abi=hard -nostartfiles -g -Wall -Wextra"
Compiling dmaps
Running Make libs in ps7_cortexa9_0/libsrc/DRS4_firmware_v2_0/src
make -C ps7_cortexa9_0/libsrc/DRS4_firmware_v2_0/src -s libs  "SHELL=/bin/sh" "COMPILER=arm-none-eabi-gcc" "ARCHIVER=arm-none-eabi-ar" "COMPILER_FLAGS=  -O2 -c" "EXTRA_COMPILER_FLAGS=-mcpu=cortex-a9 -mfpu=vfpv3 -mfloat-abi=hard -nostartfiles -g -Wall -Wextra"
Compiling DRS4_firmware...
DRS4_firmware_selftest.c: In function 'DRS4_FIRMWARE_Reg_SelfTest':
DRS4_firmware_selftest.c:52:62: warning: comparison between signed and unsigned integer expressions [-Wsign-compare]
    if ( DRS4_FIRMWARE_mReadReg (baseaddr, read_loop_index*4) != (read_loop_index+1)*READ_WRITE_MUL_FACTOR){
                                                              ^~
DRS4_firmware_selftest.c:36:6: warning: unused variable 'Index' [-Wunused-variable]
  int Index;
      ^~~~~
Running Make libs in ps7_cortexa9_0/libsrc/emacps_v3_7/src
make -C ps7_cortexa9_0/libsrc/emacps_v3_7/src -s libs  "SHELL=/bin/sh" "COMPILER=arm-none-eabi-gcc" "ARCHIVER=arm-none-eabi-ar" "COMPILER_FLAGS=  -O2 -c" "EXTRA_COMPILER_FLAGS=-mcpu=cortex-a9 -mfpu=vfpv3 -mfloat-abi=hard -nostartfiles -g -Wall -Wextra"
Compiling emacps
Running Make libs in ps7_cortexa9_0/libsrc/gpiops_v3_3/src
make -C ps7_cortexa9_0/libsrc/gpiops_v3_3/src -s libs  "SHELL=/bin/sh" "COMPILER=arm-none-eabi-gcc" "ARCHIVER=arm-none-eabi-ar" "COMPILER_FLAGS=  -O2 -c" "EXTRA_COMPILER_FLAGS=-mcpu=cortex-a9 -mfpu=vfpv3 -mfloat-abi=hard -nostartfiles -g -Wall -Wextra"
Compiling gpiops
Running Make libs in ps7_cortexa9_0/libsrc/gpio_v4_3/src
make -C ps7_cortexa9_0/libsrc/gpio_v4_3/src -s libs  "SHELL=/bin/sh" "COMPILER=arm-none-eabi-gcc" "ARCHIVER=arm-none-eabi-ar" "COMPILER_FLAGS=  -O2 -c" "EXTRA_COMPILER_FLAGS=-mcpu=cortex-a9 -mfpu=vfpv3 -mfloat-abi=hard -nostartfiles -g -Wall -Wextra"
Compiling gpio
Running Make libs in ps7_cortexa9_0/libsrc/lwip202_v1_1/src
make -C ps7_cortexa9_0/libsrc/lwip202_v1_1/src -s libs  "SHELL=/bin/sh" "COMPILER=arm-none-eabi-gcc" "ARCHIVER=arm-none-eabi-ar" "COMPILER_FLAGS=  -O2 -c" "EXTRA_COMPILER_FLAGS=-mcpu=cortex-a9 -mfpu=vfpv3 -mfloat-abi=hard -nostartfiles -g -Wall -Wextra"
Compiling lwip src and adapter files
contrib/ports/xilinx/netif/xemacpsif.c: In function 'xemacpsif_init':
contrib/ports/xilinx/netif/xemacpsif.c:728:16: warning: assignment from incompatible pointer type [-Wincompatible-pointer-types]
  netif->output = xemacpsif_output;
                ^
In file included from ../../../include/xemacps.h:350:0,
                 from ../../../include/netif/xemacpsif.h:59,
                 from contrib/ports/xilinx/netif/xemacpsif_dma.c:39:
contrib/ports/xilinx/netif/xemacpsif_dma.c: In function 'init_dma':
../../../include/xemacps_hw.h:603:23: warning: 'bdrxterminate' may be used uninitialized in this function [-Wmaybe-uninitialized]
 #define XEmacPs_Out32 Xil_Out32
                       ^~~~~~~~~
contrib/ports/xilinx/netif/xemacpsif_dma.c:558:14: note: 'bdrxterminate' was declared here
  XEmacPs_Bd *bdrxterminate;
              ^~~~~~~~~~~~~
In file included from ../../../include/xemacps.h:351:0,
                 from ../../../include/netif/xemacpsif.h:59,
                 from contrib/ports/xilinx/netif/xemacpsif_dma.c:39:
../../../include/xemacps_bd.h:144:12: warning: 'bdtxterminate' may be used uninitialized in this function [-Wmaybe-uninitialized]
  (*(u32 *)((UINTPTR)((void*)(BaseAddress)) + (u32)(Offset)))
            ^
contrib/ports/xilinx/netif/xemacpsif_dma.c:557:14: note: 'bdtxterminate' was declared here
  XEmacPs_Bd *bdtxterminate;
              ^~~~~~~~~~~~~
Running Make libs in ps7_cortexa9_0/libsrc/qspips_v3_4/src
make -C ps7_cortexa9_0/libsrc/qspips_v3_4/src -s libs  "SHELL=/bin/sh" "COMPILER=arm-none-eabi-gcc" "ARCHIVER=arm-none-eabi-ar" "COMPILER_FLAGS=  -O2 -c" "EXTRA_COMPILER_FLAGS=-mcpu=cortex-a9 -mfpu=vfpv3 -mfloat-abi=hard -nostartfiles -g -Wall -Wextra"
Compiling qspips
Running Make libs in ps7_cortexa9_0/libsrc/scugic_v3_9/src
make -C ps7_cortexa9_0/libsrc/scugic_v3_9/src -s libs  "SHELL=/bin/sh" "COMPILER=arm-none-eabi-gcc" "ARCHIVER=arm-none-eabi-ar" "COMPILER_FLAGS=  -O2 -c" "EXTRA_COMPILER_FLAGS=-mcpu=cortex-a9 -mfpu=vfpv3 -mfloat-abi=hard -nostartfiles -g -Wall -Wextra"
Compiling scugic
Running Make libs in ps7_cortexa9_0/libsrc/scutimer_v2_1/src
make -C ps7_cortexa9_0/libsrc/scutimer_v2_1/src -s libs  "SHELL=/bin/sh" "COMPILER=arm-none-eabi-gcc" "ARCHIVER=arm-none-eabi-ar" "COMPILER_FLAGS=  -O2 -c" "EXTRA_COMPILER_FLAGS=-mcpu=cortex-a9 -mfpu=vfpv3 -mfloat-abi=hard -nostartfiles -g -Wall -Wextra"
Compiling scutimer
Running Make libs in ps7_cortexa9_0/libsrc/scuwdt_v2_1/src
make -C ps7_cortexa9_0/libsrc/scuwdt_v2_1/src -s libs  "SHELL=/bin/sh" "COMPILER=arm-none-eabi-gcc" "ARCHIVER=arm-none-eabi-ar" "COMPILER_FLAGS=  -O2 -c" "EXTRA_COMPILER_FLAGS=-mcpu=cortex-a9 -mfpu=vfpv3 -mfloat-abi=hard -nostartfiles -g -Wall -Wextra"
Compiling scuwdt
Running Make libs in ps7_cortexa9_0/libsrc/standalone_v6_7/src
make -C ps7_cortexa9_0/libsrc/standalone_v6_7/src -s libs  "SHELL=/bin/sh" "COMPILER=arm-none-eabi-gcc" "ARCHIVER=arm-none-eabi-ar" "COMPILER_FLAGS=  -O2 -c" "EXTRA_COMPILER_FLAGS=-mcpu=cortex-a9 -mfpu=vfpv3 -mfloat-abi=hard -nostartfiles -g -Wall -Wextra"
Compiling standalone
Running Make libs in ps7_cortexa9_0/libsrc/uartps_v3_6/src
make -C ps7_cortexa9_0/libsrc/uartps_v3_6/src -s libs  "SHELL=/bin/sh" "COMPILER=arm-none-eabi-gcc" "ARCHIVER=arm-none-eabi-ar" "COMPILER_FLAGS=  -O2 -c" "EXTRA_COMPILER_FLAGS=-mcpu=cortex-a9 -mfpu=vfpv3 -mfloat-abi=hard -nostartfiles -g -Wall -Wextra"
Compiling uartps
Running Make libs in ps7_cortexa9_0/libsrc/wdtps_v3_0/src
make -C ps7_cortexa9_0/libsrc/wdtps_v3_0/src -s libs  "SHELL=/bin/sh" "COMPILER=arm-none-eabi-gcc" "ARCHIVER=arm-none-eabi-ar" "COMPILER_FLAGS=  -O2 -c" "EXTRA_COMPILER_FLAGS=-mcpu=cortex-a9 -mfpu=vfpv3 -mfloat-abi=hard -nostartfiles -g -Wall -Wextra"
Compiling wdtps
Running Make libs in ps7_cortexa9_0/libsrc/xadcps_v2_2/src
make -C ps7_cortexa9_0/libsrc/xadcps_v2_2/src -s libs  "SHELL=/bin/sh" "COMPILER=arm-none-eabi-gcc" "ARCHIVER=arm-none-eabi-ar" "COMPILER_FLAGS=  -O2 -c" "EXTRA_COMPILER_FLAGS=-mcpu=cortex-a9 -mfpu=vfpv3 -mfloat-abi=hard -nostartfiles -g -Wall -Wextra"
Compiling xadcps
Finished building libraries
16:19:35 **** Build of configuration Debug for project MB40ch_wUART ****
make pre-build main-build 
a9-linaro-pre-build-step
 
Building file: ../src/ADC_driver.c
Invoking: ARM v7 gcc compiler
arm-none-eabi-gcc -Wall -O0 -g3 -c -fmessage-length=0 -MT"src/ADC_driver.o" -mcpu=cortex-a9 -mfpu=vfpv3 -mfloat-abi=hard -I../../MB40CH_wUART_bsp_4/ps7_cortexa9_0/include -MMD -MP -MF"src/ADC_driver.d" -MT"src/ADC_driver.o" -o "src/ADC_driver.o" "../src/ADC_driver.c"
Finished building: ../src/ADC_driver.c
 
Building file: ../src/CPLD_driver.c
Invoking: ARM v7 gcc compiler
arm-none-eabi-gcc -Wall -O0 -g3 -c -fmessage-length=0 -MT"src/CPLD_driver.o" -mcpu=cortex-a9 -mfpu=vfpv3 -mfloat-abi=hard -I../../MB40CH_wUART_bsp_4/ps7_cortexa9_0/include -MMD -MP -MF"src/CPLD_driver.d" -MT"src/CPLD_driver.o" -o "src/CPLD_driver.o" "../src/CPLD_driver.c"
../src/CPLD_driver.c: In function 'Mezz_CPLD_init':
../src/CPLD_driver.c:114:6: warning: unused variable 'ack_cpld' [-Wunused-variable]
  u32 ack_cpld;
      ^~~~~~~~
../src/CPLD_driver.c:113:6: warning: variable 'status' set but not used [-Wunused-but-set-variable]
  u32 status;
      ^~~~~~
../src/CPLD_driver.c: In function 'CPLD_mezz_power_off':
../src/CPLD_driver.c:160:6: warning: variable 'status' set but not used [-Wunused-but-set-variable]
  u32 status;
      ^~~~~~
Finished building: ../src/CPLD_driver.c
 
Building file: ../src/DRS4_driver.c
Invoking: ARM v7 gcc compiler
arm-none-eabi-gcc -Wall -O0 -g3 -c -fmessage-length=0 -MT"src/DRS4_driver.o" -mcpu=cortex-a9 -mfpu=vfpv3 -mfloat-abi=hard -I../../MB40CH_wUART_bsp_4/ps7_cortexa9_0/include -MMD -MP -MF"src/DRS4_driver.d" -MT"src/DRS4_driver.o" -o "src/DRS4_driver.o" "../src/DRS4_driver.c"
In file included from ../src/DRS4_driver.c:8:0:
../src/DRS4_driver.h:29:2: warning: #warning CHECK FOR the right DRS4 base address the one xparameters is wrong [-Wcpp]
 #warning CHECK FOR the right DRS4 base address the one xparameters is wrong
  ^~~~~~~
Finished building: ../src/DRS4_driver.c
 
Building file: ../src/echo.c
Invoking: ARM v7 gcc compiler
arm-none-eabi-gcc -Wall -O0 -g3 -c -fmessage-length=0 -MT"src/echo.o" -mcpu=cortex-a9 -mfpu=vfpv3 -mfloat-abi=hard -I../../MB40CH_wUART_bsp_4/ps7_cortexa9_0/include -MMD -MP -MF"src/echo.d" -MT"src/echo.o" -o "src/echo.o" "../src/echo.c"
Finished building: ../src/echo.c
 
Building file: ../src/gpio_handler.c
Invoking: ARM v7 gcc compiler
arm-none-eabi-gcc -Wall -O0 -g3 -c -fmessage-length=0 -MT"src/gpio_handler.o" -mcpu=cortex-a9 -mfpu=vfpv3 -mfloat-abi=hard -I../../MB40CH_wUART_bsp_4/ps7_cortexa9_0/include -MMD -MP -MF"src/gpio_handler.d" -MT"src/gpio_handler.o" -o "src/gpio_handler.o" "../src/gpio_handler.c"
Finished building: ../src/gpio_handler.c
 
Building file: ../src/i2c_access.c
Invoking: ARM v7 gcc compiler
arm-none-eabi-gcc -Wall -O0 -g3 -c -fmessage-length=0 -MT"src/i2c_access.o" -mcpu=cortex-a9 -mfpu=vfpv3 -mfloat-abi=hard -I../../MB40CH_wUART_bsp_4/ps7_cortexa9_0/include -MMD -MP -MF"src/i2c_access.d" -MT"src/i2c_access.o" -o "src/i2c_access.o" "../src/i2c_access.c"
Finished building: ../src/i2c_access.c
 
Building file: ../src/iic_phyreset.c
Invoking: ARM v7 gcc compiler
arm-none-eabi-gcc -Wall -O0 -g3 -c -fmessage-length=0 -MT"src/iic_phyreset.o" -mcpu=cortex-a9 -mfpu=vfpv3 -mfloat-abi=hard -I../../MB40CH_wUART_bsp_4/ps7_cortexa9_0/include -MMD -MP -MF"src/iic_phyreset.d" -MT"src/iic_phyreset.o" -o "src/iic_phyreset.o" "../src/iic_phyreset.c"
Finished building: ../src/iic_phyreset.c
 
Building file: ../src/main.c
Invoking: ARM v7 gcc compiler
arm-none-eabi-gcc -Wall -O0 -g3 -c -fmessage-length=0 -MT"src/main.o" -mcpu=cortex-a9 -mfpu=vfpv3 -mfloat-abi=hard -I../../MB40CH_wUART_bsp_4/ps7_cortexa9_0/include -MMD -MP -MF"src/main.d" -MT"src/main.o" -o "src/main.o" "../src/main.c"
In file included from ../src/main.h:26:0,
                 from ../src/main.c:36:
../src/DRS4_driver.h:29:2: warning: #warning CHECK FOR the right DRS4 base address the one xparameters is wrong [-Wcpp]
 #warning CHECK FOR the right DRS4 base address the one xparameters is wrong
  ^~~~~~~
In file included from ../src/main.h:28:0,
                 from ../src/main.c:36:
../src/xaxidma_controller.h:54:2: warning: #warning CHECK FOR THE VALID DDR ADDRESS IN XPARAMETERS.H, DEFAULT SET TO 0x01000000 [-Wcpp]
 #warning CHECK FOR THE VALID DDR ADDRESS IN XPARAMETERS.H, \
  ^~~~~~~
../src/main.c: In function 'main':
../src/main.c:107:11: warning: implicit declaration of function 'setup_dma_and_timer' [-Wimplicit-function-declaration]
  Status = setup_dma_and_timer();
           ^~~~~~~~~~~~~~~~~~~
../src/main.c:117:2: warning: implicit declaration of function 'print_app_header'; did you mean 'pbuf_header'? [-Wimplicit-function-declaration]
  print_app_header();
  ^~~~~~~~~~~~~~~~
  pbuf_header
../src/main.c:120:12: warning: implicit declaration of function 'setup_interrupt_dma_timer' [-Wimplicit-function-declaration]
  Status =  setup_interrupt_dma_timer();
            ^~~~~~~~~~~~~~~~~~~~~~~~~
../src/main.c:164:2: warning: implicit declaration of function 'print_ip_settings' [-Wimplicit-function-declaration]
  print_ip_settings(&ipaddr, &netmask, &gw);
  ^~~~~~~~~~~~~~~~~
../src/main.c:172:48: warning: pointer targets in passing argument 1 of 'strlen' differ in signedness [-Wpointer-sign]
     xil_printf("buffer length %d \n \n",strlen(buffer));
                                                ^~~~~~
In file included from /opt/Xilinx/SDK/2018.2/gnu/aarch32/lin/gcc-arm-none-eabi/arm-none-eabi/libc/usr/include/stdio.h:29:0,
                 from ../src/main.c:33:
/opt/Xilinx/SDK/2018.2/gnu/aarch32/lin/gcc-arm-none-eabi/arm-none-eabi/libc/usr/include/string.h:33:9: note: expected 'const char *' but argument is of type 'unsigned char *'
 size_t  _EXFUN(strlen,(const char *));
         ^
../src/main.c: In function 'setup_system':
../src/main.c:282:2: warning: implicit declaration of function 'ADC_SPI_init'; did you mean 'DRS4_Init'? [-Wimplicit-function-declaration]
  ADC_SPI_init();
  ^~~~~~~~~~~~
  DRS4_Init
../src/main.c:202:18: warning: unused variable 'Config' [-Wunused-variable]
  XUartPs_Config *Config;
                  ^~~~~~
../src/main.c: At top level:
../src/main.c:291:6: warning: conflicting types for 'ADC_SPI_init'
 void ADC_SPI_init()
      ^~~~~~~~~~~~
../src/main.c:282:2: note: previous implicit declaration of 'ADC_SPI_init' was here
  ADC_SPI_init();
  ^~~~~~~~~~~~
../src/main.c: In function 'ADC_SPI_init':
../src/main.c:296:6: warning: variable 'cpld_status' set but not used [-Wunused-but-set-variable]
  u32 cpld_status;
      ^~~~~~~~~~~
../src/main.c: In function 'loop_routine':
../src/main.c:695:31: warning: pointer targets in passing argument 1 of 'strlen' differ in signedness [-Wpointer-sign]
      memset(buffer, 0, strlen(buffer));
                               ^~~~~~
In file included from /opt/Xilinx/SDK/2018.2/gnu/aarch32/lin/gcc-arm-none-eabi/arm-none-eabi/libc/usr/include/stdio.h:29:0,
                 from ../src/main.c:33:
/opt/Xilinx/SDK/2018.2/gnu/aarch32/lin/gcc-arm-none-eabi/arm-none-eabi/libc/usr/include/string.h:33:9: note: expected 'const char *' but argument is of type 'unsigned char *'
 size_t  _EXFUN(strlen,(const char *));
         ^
../src/main.c:696:15: warning: pointer targets in passing argument 1 of 'snprintf' differ in signedness [-Wpointer-sign]
      snprintf(buffer,40,"\nDRS4 was shuted down... \nEnd program");
               ^~~~~~
In file included from /opt/Xilinx/SDK/2018.2/gnu/aarch32/lin/gcc-arm-none-eabi/arm-none-eabi/libc/usr/include/stdio.h:29:0,
                 from ../src/main.c:33:
/opt/Xilinx/SDK/2018.2/gnu/aarch32/lin/gcc-arm-none-eabi/arm-none-eabi/libc/usr/include/stdio.h:247:5: note: expected 'char * restrict' but argument is of type 'unsigned char *'
 int _EXFUN(snprintf, (char *__restrict, size_t, const char *__restrict, ...)
     ^
../src/main.c: In function 'DRS4_restart_ROI':
../src/main.c:801:6: warning: variable 'cpld_status' set but not used [-Wunused-but-set-variable]
  int cpld_status;
      ^~~~~~~~~~~
../src/main.c: In function 'recv_callback':
../src/main.c:847:27: warning: pointer targets in passing argument 1 of 'strlen' differ in signedness [-Wpointer-sign]
  memset(buffer, 0, strlen(buffer));
                           ^~~~~~
In file included from /opt/Xilinx/SDK/2018.2/gnu/aarch32/lin/gcc-arm-none-eabi/arm-none-eabi/libc/usr/include/stdio.h:29:0,
                 from ../src/main.c:33:
/opt/Xilinx/SDK/2018.2/gnu/aarch32/lin/gcc-arm-none-eabi/arm-none-eabi/libc/usr/include/string.h:33:9: note: expected 'const char *' but argument is of type 'unsigned char *'
 size_t  _EXFUN(strlen,(const char *));
         ^
../src/main.c:848:43: warning: pointer targets in passing argument 1 of 'strlen' differ in signedness [-Wpointer-sign]
  xil_printf("strlen:%d, mess:%s\n",strlen(RecvBuffer),RecvBuffer);
                                           ^~~~~~~~~~
In file included from /opt/Xilinx/SDK/2018.2/gnu/aarch32/lin/gcc-arm-none-eabi/arm-none-eabi/libc/usr/include/stdio.h:29:0,
                 from ../src/main.c:33:
/opt/Xilinx/SDK/2018.2/gnu/aarch32/lin/gcc-arm-none-eabi/arm-none-eabi/libc/usr/include/string.h:33:9: note: expected 'const char *' but argument is of type 'u8 * {aka unsigned char *}'
 size_t  _EXFUN(strlen,(const char *));
         ^
../src/main.c:852:29: warning: pointer targets in passing argument 1 of 'strlen' differ in signedness [-Wpointer-sign]
    memset(buffer, 0, strlen(buffer));
                             ^~~~~~
In file included from /opt/Xilinx/SDK/2018.2/gnu/aarch32/lin/gcc-arm-none-eabi/arm-none-eabi/libc/usr/include/stdio.h:29:0,
                 from ../src/main.c:33:
/opt/Xilinx/SDK/2018.2/gnu/aarch32/lin/gcc-arm-none-eabi/arm-none-eabi/libc/usr/include/string.h:33:9: note: expected 'const char *' but argument is of type 'unsigned char *'
 size_t  _EXFUN(strlen,(const char *));
         ^
../src/main.c:853:13: warning: pointer targets in passing argument 1 of 'snprintf' differ in signedness [-Wpointer-sign]
    snprintf(buffer,40,"DRS4 state is %x\n", state);
             ^~~~~~
In file included from /opt/Xilinx/SDK/2018.2/gnu/aarch32/lin/gcc-arm-none-eabi/arm-none-eabi/libc/usr/include/stdio.h:29:0,
                 from ../src/main.c:33:
/opt/Xilinx/SDK/2018.2/gnu/aarch32/lin/gcc-arm-none-eabi/arm-none-eabi/libc/usr/include/stdio.h:247:5: note: expected 'char * restrict' but argument is of type 'unsigned char *'
 int _EXFUN(snprintf, (char *__restrict, size_t, const char *__restrict, ...)
     ^
../src/main.c:861:29: warning: pointer targets in passing argument 1 of 'strlen' differ in signedness [-Wpointer-sign]
    memset(buffer, 0, strlen(buffer));
                             ^~~~~~
In file included from /opt/Xilinx/SDK/2018.2/gnu/aarch32/lin/gcc-arm-none-eabi/arm-none-eabi/libc/usr/include/stdio.h:29:0,
                 from ../src/main.c:33:
/opt/Xilinx/SDK/2018.2/gnu/aarch32/lin/gcc-arm-none-eabi/arm-none-eabi/libc/usr/include/string.h:33:9: note: expected 'const char *' but argument is of type 'unsigned char *'
 size_t  _EXFUN(strlen,(const char *));
         ^
../src/main.c:862:13: warning: pointer targets in passing argument 1 of 'snprintf' differ in signedness [-Wpointer-sign]
    snprintf(buffer,40,"\nDRS4 was shuted down, state is %x\n", state);
             ^~~~~~
In file included from /opt/Xilinx/SDK/2018.2/gnu/aarch32/lin/gcc-arm-none-eabi/arm-none-eabi/libc/usr/include/stdio.h:29:0,
                 from ../src/main.c:33:
/opt/Xilinx/SDK/2018.2/gnu/aarch32/lin/gcc-arm-none-eabi/arm-none-eabi/libc/usr/include/stdio.h:247:5: note: expected 'char * restrict' but argument is of type 'unsigned char *'
 int _EXFUN(snprintf, (char *__restrict, size_t, const char *__restrict, ...)
     ^
../src/main.c:868:29: warning: pointer targets in passing argument 1 of 'strlen' differ in signedness [-Wpointer-sign]
    memset(buffer, 0, strlen(buffer));
                             ^~~~~~
In file included from /opt/Xilinx/SDK/2018.2/gnu/aarch32/lin/gcc-arm-none-eabi/arm-none-eabi/libc/usr/include/stdio.h:29:0,
                 from ../src/main.c:33:
/opt/Xilinx/SDK/2018.2/gnu/aarch32/lin/gcc-arm-none-eabi/arm-none-eabi/libc/usr/include/string.h:33:9: note: expected 'const char *' but argument is of type 'unsigned char *'
 size_t  _EXFUN(strlen,(const char *));
         ^
../src/main.c:869:13: warning: pointer targets in passing argument 1 of 'snprintf' differ in signedness [-Wpointer-sign]
    snprintf(buffer,40,"DRS4 restarting\n");
             ^~~~~~
In file included from /opt/Xilinx/SDK/2018.2/gnu/aarch32/lin/gcc-arm-none-eabi/arm-none-eabi/libc/usr/include/stdio.h:29:0,
                 from ../src/main.c:33:
/opt/Xilinx/SDK/2018.2/gnu/aarch32/lin/gcc-arm-none-eabi/arm-none-eabi/libc/usr/include/stdio.h:247:5: note: expected 'char * restrict' but argument is of type 'unsigned char *'
 int _EXFUN(snprintf, (char *__restrict, size_t, const char *__restrict, ...)
     ^
../src/main.c:893:29: warning: pointer targets in passing argument 1 of 'strlen' differ in signedness [-Wpointer-sign]
    memset(buffer, 0, strlen(buffer));
                             ^~~~~~
In file included from /opt/Xilinx/SDK/2018.2/gnu/aarch32/lin/gcc-arm-none-eabi/arm-none-eabi/libc/usr/include/stdio.h:29:0,
                 from ../src/main.c:33:
/opt/Xilinx/SDK/2018.2/gnu/aarch32/lin/gcc-arm-none-eabi/arm-none-eabi/libc/usr/include/string.h:33:9: note: expected 'const char *' but argument is of type 'unsigned char *'
 size_t  _EXFUN(strlen,(const char *));
         ^
../src/main.c:894:13: warning: pointer targets in passing argument 1 of 'snprintf' differ in signedness [-Wpointer-sign]
    snprintf(buffer,40,"\n# event buffer = %x\n", RxDone);
             ^~~~~~
In file included from /opt/Xilinx/SDK/2018.2/gnu/aarch32/lin/gcc-arm-none-eabi/arm-none-eabi/libc/usr/include/stdio.h:29:0,
                 from ../src/main.c:33:
/opt/Xilinx/SDK/2018.2/gnu/aarch32/lin/gcc-arm-none-eabi/arm-none-eabi/libc/usr/include/stdio.h:247:5: note: expected 'char * restrict' but argument is of type 'unsigned char *'
 int _EXFUN(snprintf, (char *__restrict, size_t, const char *__restrict, ...)
     ^
../src/main.c:900:29: warning: pointer targets in passing argument 1 of 'strlen' differ in signedness [-Wpointer-sign]
    memset(buffer, 0, strlen(buffer));
                             ^~~~~~
In file included from /opt/Xilinx/SDK/2018.2/gnu/aarch32/lin/gcc-arm-none-eabi/arm-none-eabi/libc/usr/include/stdio.h:29:0,
                 from ../src/main.c:33:
/opt/Xilinx/SDK/2018.2/gnu/aarch32/lin/gcc-arm-none-eabi/arm-none-eabi/libc/usr/include/string.h:33:9: note: expected 'const char *' but argument is of type 'unsigned char *'
 size_t  _EXFUN(strlen,(const char *));
         ^
../src/main.c:901:13: warning: pointer targets in passing argument 1 of 'snprintf' differ in signedness [-Wpointer-sign]
    snprintf(buffer,40,"\n# VETO set to FALSE");
             ^~~~~~
In file included from /opt/Xilinx/SDK/2018.2/gnu/aarch32/lin/gcc-arm-none-eabi/arm-none-eabi/libc/usr/include/stdio.h:29:0,
                 from ../src/main.c:33:
/opt/Xilinx/SDK/2018.2/gnu/aarch32/lin/gcc-arm-none-eabi/arm-none-eabi/libc/usr/include/stdio.h:247:5: note: expected 'char * restrict' but argument is of type 'unsigned char *'
 int _EXFUN(snprintf, (char *__restrict, size_t, const char *__restrict, ...)
     ^
../src/main.c:909:29: warning: pointer targets in passing argument 1 of 'strlen' differ in signedness [-Wpointer-sign]
    memset(buffer, 0, strlen(buffer));
                             ^~~~~~
In file included from /opt/Xilinx/SDK/2018.2/gnu/aarch32/lin/gcc-arm-none-eabi/arm-none-eabi/libc/usr/include/stdio.h:29:0,
                 from ../src/main.c:33:
/opt/Xilinx/SDK/2018.2/gnu/aarch32/lin/gcc-arm-none-eabi/arm-none-eabi/libc/usr/include/string.h:33:9: note: expected 'const char *' but argument is of type 'unsigned char *'
 size_t  _EXFUN(strlen,(const char *));
         ^
../src/main.c:910:13: warning: pointer targets in passing argument 1 of 'snprintf' differ in signedness [-Wpointer-sign]
    snprintf(buffer,40,"\n# cleaning up the event buffer");
             ^~~~~~
In file included from /opt/Xilinx/SDK/2018.2/gnu/aarch32/lin/gcc-arm-none-eabi/arm-none-eabi/libc/usr/include/stdio.h:29:0,
                 from ../src/main.c:33:
/opt/Xilinx/SDK/2018.2/gnu/aarch32/lin/gcc-arm-none-eabi/arm-none-eabi/libc/usr/include/stdio.h:247:5: note: expected 'char * restrict' but argument is of type 'unsigned char *'
 int _EXFUN(snprintf, (char *__restrict, size_t, const char *__restrict, ...)
     ^
../src/main.c:917:29: warning: pointer targets in passing argument 1 of 'strlen' differ in signedness [-Wpointer-sign]
    memset(buffer, 0, strlen(buffer));
                             ^~~~~~
In file included from /opt/Xilinx/SDK/2018.2/gnu/aarch32/lin/gcc-arm-none-eabi/arm-none-eabi/libc/usr/include/stdio.h:29:0,
                 from ../src/main.c:33:
/opt/Xilinx/SDK/2018.2/gnu/aarch32/lin/gcc-arm-none-eabi/arm-none-eabi/libc/usr/include/string.h:33:9: note: expected 'const char *' but argument is of type 'unsigned char *'
 size_t  _EXFUN(strlen,(const char *));
         ^
../src/main.c:918:13: warning: pointer targets in passing argument 1 of 'snprintf' differ in signedness [-Wpointer-sign]
    snprintf(buffer,40,"\n# state = %x\n", state >> 24);
             ^~~~~~
In file included from /opt/Xilinx/SDK/2018.2/gnu/aarch32/lin/gcc-arm-none-eabi/arm-none-eabi/libc/usr/include/stdio.h:29:0,
                 from ../src/main.c:33:
/opt/Xilinx/SDK/2018.2/gnu/aarch32/lin/gcc-arm-none-eabi/arm-none-eabi/libc/usr/include/stdio.h:247:5: note: expected 'char * restrict' but argument is of type 'unsigned char *'
 int _EXFUN(snprintf, (char *__restrict, size_t, const char *__restrict, ...)
     ^
../src/main.c:924:31: warning: pointer targets in passing argument 1 of 'strlen' differ in signedness [-Wpointer-sign]
      memset(buffer, 0, strlen(buffer));
                               ^~~~~~
In file included from /opt/Xilinx/SDK/2018.2/gnu/aarch32/lin/gcc-arm-none-eabi/arm-none-eabi/libc/usr/include/stdio.h:29:0,
                 from ../src/main.c:33:
/opt/Xilinx/SDK/2018.2/gnu/aarch32/lin/gcc-arm-none-eabi/arm-none-eabi/libc/usr/include/string.h:33:9: note: expected 'const char *' but argument is of type 'unsigned char *'
 size_t  _EXFUN(strlen,(const char *));
         ^
../src/main.c:925:15: warning: pointer targets in passing argument 1 of 'snprintf' differ in signedness [-Wpointer-sign]
      snprintf(buffer,40,"\n# state = %x\n", state);
               ^~~~~~
In file included from /opt/Xilinx/SDK/2018.2/gnu/aarch32/lin/gcc-arm-none-eabi/arm-none-eabi/libc/usr/include/stdio.h:29:0,
                 from ../src/main.c:33:
/opt/Xilinx/SDK/2018.2/gnu/aarch32/lin/gcc-arm-none-eabi/arm-none-eabi/libc/usr/include/stdio.h:247:5: note: expected 'char * restrict' but argument is of type 'unsigned char *'
 int _EXFUN(snprintf, (char *__restrict, size_t, const char *__restrict, ...)
     ^
../src/main.c:929:17: warning: pointer targets in passing argument 1 of 'atoi' differ in signedness [-Wpointer-sign]
    value = atoi(&(RecvBuffer[13]));
                 ^
In file included from /opt/Xilinx/SDK/2018.2/gnu/aarch32/lin/gcc-arm-none-eabi/arm-none-eabi/libc/usr/include/stdio.h:29:0,
                 from ../src/main.c:33:
/opt/Xilinx/SDK/2018.2/gnu/aarch32/lin/gcc-arm-none-eabi/arm-none-eabi/libc/usr/include/stdlib.h:77:5: note: expected 'const char *' but argument is of type 'u8 * {aka unsigned char *}'
 int _EXFUN(atoi,(const char *__nptr));
     ^
../src/main.c:937:29: warning: pointer targets in passing argument 1 of 'strlen' differ in signedness [-Wpointer-sign]
    memset(buffer, 0, strlen(buffer));
                             ^~~~~~
In file included from /opt/Xilinx/SDK/2018.2/gnu/aarch32/lin/gcc-arm-none-eabi/arm-none-eabi/libc/usr/include/stdio.h:29:0,
                 from ../src/main.c:33:
/opt/Xilinx/SDK/2018.2/gnu/aarch32/lin/gcc-arm-none-eabi/arm-none-eabi/libc/usr/include/string.h:33:9: note: expected 'const char *' but argument is of type 'unsigned char *'
 size_t  _EXFUN(strlen,(const char *));
         ^
../src/main.c:938:13: warning: pointer targets in passing argument 1 of 'snprintf' differ in signedness [-Wpointer-sign]
    snprintf(buffer,40,"\n# n events set to  = %d", n_events);
             ^~~~~~
In file included from /opt/Xilinx/SDK/2018.2/gnu/aarch32/lin/gcc-arm-none-eabi/arm-none-eabi/libc/usr/include/stdio.h:29:0,
                 from ../src/main.c:33:
/opt/Xilinx/SDK/2018.2/gnu/aarch32/lin/gcc-arm-none-eabi/arm-none-eabi/libc/usr/include/stdio.h:247:5: note: expected 'char * restrict' but argument is of type 'unsigned char *'
 int _EXFUN(snprintf, (char *__restrict, size_t, const char *__restrict, ...)
     ^
../src/main.c:944:29: warning: pointer targets in passing argument 1 of 'strlen' differ in signedness [-Wpointer-sign]
    memset(buffer, 0, strlen(buffer));
                             ^~~~~~
In file included from /opt/Xilinx/SDK/2018.2/gnu/aarch32/lin/gcc-arm-none-eabi/arm-none-eabi/libc/usr/include/stdio.h:29:0,
                 from ../src/main.c:33:
/opt/Xilinx/SDK/2018.2/gnu/aarch32/lin/gcc-arm-none-eabi/arm-none-eabi/libc/usr/include/string.h:33:9: note: expected 'const char *' but argument is of type 'unsigned char *'
 size_t  _EXFUN(strlen,(const char *));
         ^
../src/main.c:945:13: warning: pointer targets in passing argument 1 of 'snprintf' differ in signedness [-Wpointer-sign]
    snprintf(buffer,372,"\nList of available commands:\n"
             ^~~~~~
In file included from /opt/Xilinx/SDK/2018.2/gnu/aarch32/lin/gcc-arm-none-eabi/arm-none-eabi/libc/usr/include/stdio.h:29:0,
                 from ../src/main.c:33:
/opt/Xilinx/SDK/2018.2/gnu/aarch32/lin/gcc-arm-none-eabi/arm-none-eabi/libc/usr/include/stdio.h:247:5: note: expected 'char * restrict' but argument is of type 'unsigned char *'
 int _EXFUN(snprintf, (char *__restrict, size_t, const char *__restrict, ...)
     ^
../src/main.c:966:15: warning: pointer targets in passing argument 1 of 'xil_printf' differ in signedness [-Wpointer-sign]
    xil_printf(buffer);
               ^~~~~~
In file included from ../src/main.h:28:0,
                 from ../src/main.c:36:
../src/xaxidma_controller.h:27:13: note: expected 'const char8 * {aka const char *}' but argument is of type 'unsigned char *'
 extern void xil_printf(const char *format, ...);
             ^~~~~~~~~~
../src/main.c:971:13: warning: pointer targets in passing argument 1 of 'snprintf' differ in signedness [-Wpointer-sign]
    snprintf(buffer,40,"\nSoft_trig command\n");
             ^~~~~~
In file included from /opt/Xilinx/SDK/2018.2/gnu/aarch32/lin/gcc-arm-none-eabi/arm-none-eabi/libc/usr/include/stdio.h:29:0,
                 from ../src/main.c:33:
/opt/Xilinx/SDK/2018.2/gnu/aarch32/lin/gcc-arm-none-eabi/arm-none-eabi/libc/usr/include/stdio.h:247:5: note: expected 'char * restrict' but argument is of type 'unsigned char *'
 int _EXFUN(snprintf, (char *__restrict, size_t, const char *__restrict, ...)
     ^
../src/main.c:987:15: warning: pointer targets in passing argument 1 of 'snprintf' differ in signedness [-Wpointer-sign]
      snprintf(buffer,40,"\nSoft_trig is OFF\n");
               ^~~~~~
In file included from /opt/Xilinx/SDK/2018.2/gnu/aarch32/lin/gcc-arm-none-eabi/arm-none-eabi/libc/usr/include/stdio.h:29:0,
                 from ../src/main.c:33:
/opt/Xilinx/SDK/2018.2/gnu/aarch32/lin/gcc-arm-none-eabi/arm-none-eabi/libc/usr/include/stdio.h:247:5: note: expected 'char * restrict' but argument is of type 'unsigned char *'
 int _EXFUN(snprintf, (char *__restrict, size_t, const char *__restrict, ...)
     ^
../src/main.c:994:17: warning: pointer targets in passing argument 1 of 'snprintf' differ in signedness [-Wpointer-sign]
        snprintf(buffer,40,"\nAUTO trigger on. Every 7s app.\n");
                 ^~~~~~
In file included from /opt/Xilinx/SDK/2018.2/gnu/aarch32/lin/gcc-arm-none-eabi/arm-none-eabi/libc/usr/include/stdio.h:29:0,
                 from ../src/main.c:33:
/opt/Xilinx/SDK/2018.2/gnu/aarch32/lin/gcc-arm-none-eabi/arm-none-eabi/libc/usr/include/stdio.h:247:5: note: expected 'char * restrict' but argument is of type 'unsigned char *'
 int _EXFUN(snprintf, (char *__restrict, size_t, const char *__restrict, ...)
     ^
../src/main.c:1003:13: warning: pointer targets in passing argument 1 of 'snprintf' differ in signedness [-Wpointer-sign]
    snprintf(buffer,40,"\nManual trigger RO\n");
             ^~~~~~
In file included from /opt/Xilinx/SDK/2018.2/gnu/aarch32/lin/gcc-arm-none-eabi/arm-none-eabi/libc/usr/include/stdio.h:29:0,
                 from ../src/main.c:33:
/opt/Xilinx/SDK/2018.2/gnu/aarch32/lin/gcc-arm-none-eabi/arm-none-eabi/libc/usr/include/stdio.h:247:5: note: expected 'char * restrict' but argument is of type 'unsigned char *'
 int _EXFUN(snprintf, (char *__restrict, size_t, const char *__restrict, ...)
     ^
../src/main.c:830:17: warning: unused variable 'mess' [-Wunused-variable]
   unsigned char mess[40];
                 ^~~~
../src/main.c:829:7: warning: unused variable 'Status' [-Wunused-variable]
   int Status;
       ^~~~~~
../src/main.c:828:7: warning: unused variable 'ch' [-Wunused-variable]
   int ch=0;
       ^~
../src/main.c:825:15: warning: unused variable 'ReceivedCount' [-Wunused-variable]
  unsigned int ReceivedCount = 0;
               ^~~~~~~~~~~~~
In file included from ../src/main.h:28:0,
                 from ../src/main.c:36:
At top level:
../src/xaxidma_controller.h:173:12: warning: 'read_pointer' defined but not used [-Wunused-variable]
 static u8 *read_pointer = (u8 *) RX_BUFFER_BASE;
            ^~~~~~~~~~~~
../src/xaxidma_controller.h:170:13: warning: 'Packet' defined but not used [-Wunused-variable]
 static u32 *Packet = (u32 *) TX_BUFFER_BASE;
             ^~~~~~
../src/xaxidma_controller.h:157:13: warning: 'Intc' defined but not used [-Wunused-variable]
 static INTC Intc; /* Instance of the Interrupt Controller */
             ^~~~
../src/main.c: In function 'setup_system':
../src/main.c:266:2: warning: 'cpld_status' may be used uninitialized in this function [-Wmaybe-uninitialized]
  xil_printf("Cpld status: %d \n\n",cpld_status);
  ^~~~~~~~~~~~~~~~~~~~~~~~~~~~~~~~~~~~~~~~~~~~~~
Finished building: ../src/main.c
 
Building file: ../src/platform.c
Invoking: ARM v7 gcc compiler
arm-none-eabi-gcc -Wall -O0 -g3 -c -fmessage-length=0 -MT"src/platform.o" -mcpu=cortex-a9 -mfpu=vfpv3 -mfloat-abi=hard -I../../MB40CH_wUART_bsp_4/ps7_cortexa9_0/include -MMD -MP -MF"src/platform.d" -MT"src/platform.o" -o "src/platform.o" "../src/platform.c"
Finished building: ../src/platform.c
 
Building file: ../src/platform_mb.c
Invoking: ARM v7 gcc compiler
arm-none-eabi-gcc -Wall -O0 -g3 -c -fmessage-length=0 -MT"src/platform_mb.o" -mcpu=cortex-a9 -mfpu=vfpv3 -mfloat-abi=hard -I../../MB40CH_wUART_bsp_4/ps7_cortexa9_0/include -MMD -MP -MF"src/platform_mb.d" -MT"src/platform_mb.o" -o "src/platform_mb.o" "../src/platform_mb.c"
Finished building: ../src/platform_mb.c
 
Building file: ../src/platform_ppc.c
Invoking: ARM v7 gcc compiler
arm-none-eabi-gcc -Wall -O0 -g3 -c -fmessage-length=0 -MT"src/platform_ppc.o" -mcpu=cortex-a9 -mfpu=vfpv3 -mfloat-abi=hard -I../../MB40CH_wUART_bsp_4/ps7_cortexa9_0/include -MMD -MP -MF"src/platform_ppc.d" -MT"src/platform_ppc.o" -o "src/platform_ppc.o" "../src/platform_ppc.c"
Finished building: ../src/platform_ppc.c
 
Building file: ../src/platform_zynq.c
Invoking: ARM v7 gcc compiler
arm-none-eabi-gcc -Wall -O0 -g3 -c -fmessage-length=0 -MT"src/platform_zynq.o" -mcpu=cortex-a9 -mfpu=vfpv3 -mfloat-abi=hard -I../../MB40CH_wUART_bsp_4/ps7_cortexa9_0/include -MMD -MP -MF"src/platform_zynq.d" -MT"src/platform_zynq.o" -o "src/platform_zynq.o" "../src/platform_zynq.c"
In file included from ../src/platform_zynq.c:65:0:
../src/xaxidma_controller.h:54:2: warning: #warning CHECK FOR THE VALID DDR ADDRESS IN XPARAMETERS.H, DEFAULT SET TO 0x01000000 [-Wcpp]
 #warning CHECK FOR THE VALID DDR ADDRESS IN XPARAMETERS.H, \
  ^~~~~~~
../src/platform_zynq.c: In function 'setup_dma_and_timer':
../src/platform_zynq.c:302:3: warning: 'return' with no value, in function returning non-void
   return;
   ^~~~~~
../src/platform_zynq.c:252:5: note: declared here
 int setup_dma_and_timer()
     ^~~~~~~~~~~~~~~~~~~
In file included from ../src/platform_zynq.c:65:0:
At top level:
../src/xaxidma_controller.h:173:12: warning: 'read_pointer' defined but not used [-Wunused-variable]
 static u8 *read_pointer = (u8 *) RX_BUFFER_BASE;
            ^~~~~~~~~~~~
../src/xaxidma_controller.h:170:13: warning: 'Packet' defined but not used [-Wunused-variable]
 static u32 *Packet = (u32 *) TX_BUFFER_BASE;
             ^~~~~~
In file included from ../src/xaxidma_controller.h:15:0,
                 from ../src/platform_zynq.c:65:
../src/tcp_com.h:39:24: warning: 'pcb' defined but not used [-Wunused-variable]
 static struct tcp_pcb *pcb;
                        ^~~
Finished building: ../src/platform_zynq.c
 
Building file: ../src/platform_zynqmp.c
Invoking: ARM v7 gcc compiler
arm-none-eabi-gcc -Wall -O0 -g3 -c -fmessage-length=0 -MT"src/platform_zynqmp.o" -mcpu=cortex-a9 -mfpu=vfpv3 -mfloat-abi=hard -I../../MB40CH_wUART_bsp_4/ps7_cortexa9_0/include -MMD -MP -MF"src/platform_zynqmp.d" -MT"src/platform_zynqmp.o" -o "src/platform_zynqmp.o" "../src/platform_zynqmp.c"
Finished building: ../src/platform_zynqmp.c
 
Building file: ../src/sfp.c
Invoking: ARM v7 gcc compiler
arm-none-eabi-gcc -Wall -O0 -g3 -c -fmessage-length=0 -MT"src/sfp.o" -mcpu=cortex-a9 -mfpu=vfpv3 -mfloat-abi=hard -I../../MB40CH_wUART_bsp_4/ps7_cortexa9_0/include -MMD -MP -MF"src/sfp.d" -MT"src/sfp.o" -o "src/sfp.o" "../src/sfp.c"
Finished building: ../src/sfp.c
 
Building file: ../src/si5324.c
Invoking: ARM v7 gcc compiler
arm-none-eabi-gcc -Wall -O0 -g3 -c -fmessage-length=0 -MT"src/si5324.o" -mcpu=cortex-a9 -mfpu=vfpv3 -mfloat-abi=hard -I../../MB40CH_wUART_bsp_4/ps7_cortexa9_0/include -MMD -MP -MF"src/si5324.d" -MT"src/si5324.o" -o "src/si5324.o" "../src/si5324.c"
Finished building: ../src/si5324.c
 
Building file: ../src/tcp_com.c
Invoking: ARM v7 gcc compiler
arm-none-eabi-gcc -Wall -O0 -g3 -c -fmessage-length=0 -MT"src/tcp_com.o" -mcpu=cortex-a9 -mfpu=vfpv3 -mfloat-abi=hard -I../../MB40CH_wUART_bsp_4/ps7_cortexa9_0/include -MMD -MP -MF"src/tcp_com.d" -MT"src/tcp_com.o" -o "src/tcp_com.o" "../src/tcp_com.c"
../src/tcp_com.c: In function 'packer':
../src/tcp_com.c:51:10: warning: pointer targets in passing argument 1 of 'strncpy' differ in signedness [-Wpointer-sign]
  strncpy(buffer,line,N_lines*Char_per_line);
          ^~~~~~
In file included from /opt/Xilinx/SDK/2018.2/gnu/aarch32/lin/gcc-arm-none-eabi/arm-none-eabi/libc/usr/include/stdio.h:29:0,
                 from ../../MB40CH_wUART_bsp_4/ps7_cortexa9_0/include/arch/cc.h:55,
                 from ../../MB40CH_wUART_bsp_4/ps7_cortexa9_0/include/lwip/arch.h:48,
                 from ../../MB40CH_wUART_bsp_4/ps7_cortexa9_0/include/lwip/debug.h:40,
                 from ../../MB40CH_wUART_bsp_4/ps7_cortexa9_0/include/lwip/opt.h:52,
                 from ../../MB40CH_wUART_bsp_4/ps7_cortexa9_0/include/lwip/tcp.h:41,
                 from ../src/tcp_com.h:11,
                 from ../src/tcp_com.c:7:
/opt/Xilinx/SDK/2018.2/gnu/aarch32/lin/gcc-arm-none-eabi/arm-none-eabi/libc/usr/include/string.h:36:8: note: expected 'char * restrict' but argument is of type 'unsigned char *'
 char  *_EXFUN(strncpy,(char *__restrict, const char *__restrict, size_t));
        ^
../src/tcp_com.c: In function 'hash':
../src/tcp_com.c:72:12: warning: suggest parentheses around assignment used as truth value [-Wparentheses]
     while (c = *str++)
            ^
../src/tcp_com.c: In function 'transfer_data_bkup':
../src/tcp_com.c:117:29: warning: pointer targets in passing argument 1 of 'strlen' differ in signedness [-Wpointer-sign]
   p->len = (uint16_t)strlen(buffer);
                             ^~~~~~
In file included from /opt/Xilinx/SDK/2018.2/gnu/aarch32/lin/gcc-arm-none-eabi/arm-none-eabi/libc/usr/include/stdio.h:29:0,
                 from ../../MB40CH_wUART_bsp_4/ps7_cortexa9_0/include/arch/cc.h:55,
                 from ../../MB40CH_wUART_bsp_4/ps7_cortexa9_0/include/lwip/arch.h:48,
                 from ../../MB40CH_wUART_bsp_4/ps7_cortexa9_0/include/lwip/debug.h:40,
                 from ../../MB40CH_wUART_bsp_4/ps7_cortexa9_0/include/lwip/opt.h:52,
                 from ../../MB40CH_wUART_bsp_4/ps7_cortexa9_0/include/lwip/tcp.h:41,
                 from ../src/tcp_com.h:11,
                 from ../src/tcp_com.c:7:
/opt/Xilinx/SDK/2018.2/gnu/aarch32/lin/gcc-arm-none-eabi/arm-none-eabi/libc/usr/include/string.h:33:9: note: expected 'const char *' but argument is of type 'unsigned char *'
 size_t  _EXFUN(strlen,(const char *));
         ^
../src/tcp_com.c:127:3: warning: implicit declaration of function 'usleep'; did you mean 'fseek'? [-Wimplicit-function-declaration]
   usleep(200);
   ^~~~~~
   fseek
../src/tcp_com.c: In function 'transfer_data':
../src/tcp_com.c:133:33: warning: pointer targets in passing argument 1 of 'strlen' differ in signedness [-Wpointer-sign]
  u16_t total = (uint16_t)strlen(buffer);
                                 ^~~~~~
In file included from /opt/Xilinx/SDK/2018.2/gnu/aarch32/lin/gcc-arm-none-eabi/arm-none-eabi/libc/usr/include/stdio.h:29:0,
                 from ../../MB40CH_wUART_bsp_4/ps7_cortexa9_0/include/arch/cc.h:55,
                 from ../../MB40CH_wUART_bsp_4/ps7_cortexa9_0/include/lwip/arch.h:48,
                 from ../../MB40CH_wUART_bsp_4/ps7_cortexa9_0/include/lwip/debug.h:40,
                 from ../../MB40CH_wUART_bsp_4/ps7_cortexa9_0/include/lwip/opt.h:52,
                 from ../../MB40CH_wUART_bsp_4/ps7_cortexa9_0/include/lwip/tcp.h:41,
                 from ../src/tcp_com.h:11,
                 from ../src/tcp_com.c:7:
/opt/Xilinx/SDK/2018.2/gnu/aarch32/lin/gcc-arm-none-eabi/arm-none-eabi/libc/usr/include/string.h:33:9: note: expected 'const char *' but argument is of type 'unsigned char *'
 size_t  _EXFUN(strlen,(const char *));
         ^
../src/tcp_com.c:159:29: warning: pointer targets in passing argument 1 of 'strlen' differ in signedness [-Wpointer-sign]
  memset(data_ptr, 0, strlen(data_ptr));
                             ^~~~~~~~
In file included from /opt/Xilinx/SDK/2018.2/gnu/aarch32/lin/gcc-arm-none-eabi/arm-none-eabi/libc/usr/include/stdio.h:29:0,
                 from ../../MB40CH_wUART_bsp_4/ps7_cortexa9_0/include/arch/cc.h:55,
                 from ../../MB40CH_wUART_bsp_4/ps7_cortexa9_0/include/lwip/arch.h:48,
                 from ../../MB40CH_wUART_bsp_4/ps7_cortexa9_0/include/lwip/debug.h:40,
                 from ../../MB40CH_wUART_bsp_4/ps7_cortexa9_0/include/lwip/opt.h:52,
                 from ../../MB40CH_wUART_bsp_4/ps7_cortexa9_0/include/lwip/tcp.h:41,
                 from ../src/tcp_com.h:11,
                 from ../src/tcp_com.c:7:
/opt/Xilinx/SDK/2018.2/gnu/aarch32/lin/gcc-arm-none-eabi/arm-none-eabi/libc/usr/include/string.h:33:9: note: expected 'const char *' but argument is of type 'u8_t * {aka unsigned char *}'
 size_t  _EXFUN(strlen,(const char *));
         ^
../src/tcp_com.c:160:11: warning: pointer targets in passing argument 1 of 'snprintf' differ in signedness [-Wpointer-sign]
  snprintf(data_ptr,40,"!#\n"); //end character sequence
           ^~~~~~~~
In file included from /opt/Xilinx/SDK/2018.2/gnu/aarch32/lin/gcc-arm-none-eabi/arm-none-eabi/libc/usr/include/stdio.h:29:0,
                 from ../../MB40CH_wUART_bsp_4/ps7_cortexa9_0/include/arch/cc.h:55,
                 from ../../MB40CH_wUART_bsp_4/ps7_cortexa9_0/include/lwip/arch.h:48,
                 from ../../MB40CH_wUART_bsp_4/ps7_cortexa9_0/include/lwip/debug.h:40,
                 from ../../MB40CH_wUART_bsp_4/ps7_cortexa9_0/include/lwip/opt.h:52,
                 from ../../MB40CH_wUART_bsp_4/ps7_cortexa9_0/include/lwip/tcp.h:41,
                 from ../src/tcp_com.h:11,
                 from ../src/tcp_com.c:7:
/opt/Xilinx/SDK/2018.2/gnu/aarch32/lin/gcc-arm-none-eabi/arm-none-eabi/libc/usr/include/stdio.h:247:5: note: expected 'char * restrict' but argument is of type 'u8_t * {aka unsigned char *}'
 int _EXFUN(snprintf, (char *__restrict, size_t, const char *__restrict, ...)
     ^
../src/tcp_com.c:161:31: warning: pointer targets in passing argument 1 of 'strlen' differ in signedness [-Wpointer-sign]
  remaining = (uint16_t)strlen(data_ptr);
                               ^~~~~~~~
In file included from /opt/Xilinx/SDK/2018.2/gnu/aarch32/lin/gcc-arm-none-eabi/arm-none-eabi/libc/usr/include/stdio.h:29:0,
                 from ../../MB40CH_wUART_bsp_4/ps7_cortexa9_0/include/arch/cc.h:55,
                 from ../../MB40CH_wUART_bsp_4/ps7_cortexa9_0/include/lwip/arch.h:48,
                 from ../../MB40CH_wUART_bsp_4/ps7_cortexa9_0/include/lwip/debug.h:40,
                 from ../../MB40CH_wUART_bsp_4/ps7_cortexa9_0/include/lwip/opt.h:52,
                 from ../../MB40CH_wUART_bsp_4/ps7_cortexa9_0/include/lwip/tcp.h:41,
                 from ../src/tcp_com.h:11,
                 from ../src/tcp_com.c:7:
/opt/Xilinx/SDK/2018.2/gnu/aarch32/lin/gcc-arm-none-eabi/arm-none-eabi/libc/usr/include/string.h:33:9: note: expected 'const char *' but argument is of type 'u8_t * {aka unsigned char *}'
 size_t  _EXFUN(strlen,(const char *));
         ^
../src/tcp_com.c:181:1: warning: control reaches end of non-void function [-Wreturn-type]
 }
 ^
Finished building: ../src/tcp_com.c
 
Building file: ../src/xaxidma_controller.c
Invoking: ARM v7 gcc compiler
arm-none-eabi-gcc -Wall -O0 -g3 -c -fmessage-length=0 -MT"src/xaxidma_controller.o" -mcpu=cortex-a9 -mfpu=vfpv3 -mfloat-abi=hard -I../../MB40CH_wUART_bsp_4/ps7_cortexa9_0/include -MMD -MP -MF"src/xaxidma_controller.d" -MT"src/xaxidma_controller.o" -o "src/xaxidma_controller.o" "../src/xaxidma_controller.c"
In file included from ../src/xaxidma_controller.c:90:0:
../src/xaxidma_controller.h:54:2: warning: #warning CHECK FOR THE VALID DDR ADDRESS IN XPARAMETERS.H, DEFAULT SET TO 0x01000000 [-Wcpp]
 #warning CHECK FOR THE VALID DDR ADDRESS IN XPARAMETERS.H, \
  ^~~~~~~
../src/xaxidma_controller.c: In function 'process_n_send_data':
../src/xaxidma_controller.c:496:15: warning: assignment makes pointer from integer without a cast [-Wint-conversion]
  read_pointer = XAxiDma_BdGetBufAddr(BdPtr);
               ^
../src/xaxidma_controller.c:534:11: warning: pointer targets in passing argument 1 of 'strncpy' differ in signedness [-Wpointer-sign]
   strncpy(buffer,read_pointer+buffer_length*cont,buffer_length);
           ^~~~~~
In file included from /opt/Xilinx/SDK/2018.2/gnu/aarch32/lin/gcc-arm-none-eabi/arm-none-eabi/libc/usr/include/ctype.h:4:0,
                 from ../../MB40CH_wUART_bsp_4/ps7_cortexa9_0/include/xil_printf.h:8,
                 from ../../MB40CH_wUART_bsp_4/ps7_cortexa9_0/include/xil_io.h:65,
                 from ../../MB40CH_wUART_bsp_4/ps7_cortexa9_0/include/xaxidma_hw.h:69,
                 from ../../MB40CH_wUART_bsp_4/ps7_cortexa9_0/include/xaxidma_bd.h:117,
                 from ../../MB40CH_wUART_bsp_4/ps7_cortexa9_0/include/xaxidma_bdring.h:87,
                 from ../../MB40CH_wUART_bsp_4/ps7_cortexa9_0/include/xaxidma.h:492,
                 from ../src/xaxidma_controller.h:11,
                 from ../src/xaxidma_controller.c:90:
/opt/Xilinx/SDK/2018.2/gnu/aarch32/lin/gcc-arm-none-eabi/arm-none-eabi/libc/usr/include/string.h:36:8: note: expected 'char * restrict' but argument is of type 'unsigned char *'
 char  *_EXFUN(strncpy,(char *__restrict, const char *__restrict, size_t));
        ^
../src/xaxidma_controller.c:534:18: warning: pointer targets in passing argument 2 of 'strncpy' differ in signedness [-Wpointer-sign]
   strncpy(buffer,read_pointer+buffer_length*cont,buffer_length);
                  ^~~~~~~~~~~~
In file included from /opt/Xilinx/SDK/2018.2/gnu/aarch32/lin/gcc-arm-none-eabi/arm-none-eabi/libc/usr/include/ctype.h:4:0,
                 from ../../MB40CH_wUART_bsp_4/ps7_cortexa9_0/include/xil_printf.h:8,
                 from ../../MB40CH_wUART_bsp_4/ps7_cortexa9_0/include/xil_io.h:65,
                 from ../../MB40CH_wUART_bsp_4/ps7_cortexa9_0/include/xaxidma_hw.h:69,
                 from ../../MB40CH_wUART_bsp_4/ps7_cortexa9_0/include/xaxidma_bd.h:117,
                 from ../../MB40CH_wUART_bsp_4/ps7_cortexa9_0/include/xaxidma_bdring.h:87,
                 from ../../MB40CH_wUART_bsp_4/ps7_cortexa9_0/include/xaxidma.h:492,
                 from ../src/xaxidma_controller.h:11,
                 from ../src/xaxidma_controller.c:90:
/opt/Xilinx/SDK/2018.2/gnu/aarch32/lin/gcc-arm-none-eabi/arm-none-eabi/libc/usr/include/string.h:36:8: note: expected 'const char * restrict' but argument is of type 'u8 * {aka unsigned char *}'
 char  *_EXFUN(strncpy,(char *__restrict, const char *__restrict, size_t));
        ^
../src/xaxidma_controller.c: In function 'cleanup_buffer':
../src/xaxidma_controller.c:580:6: warning: variable 'BdCount' set but not used [-Wunused-but-set-variable]
  int BdCount;
      ^~~~~~~
../src/xaxidma_controller.c: In function 'RxCallBack':
../src/xaxidma_controller.c:604:6: warning: unused variable 'Index' [-Wunused-variable]
  int Index;
      ^~~~~
In file included from ../src/xaxidma_controller.h:15:0,
                 from ../src/xaxidma_controller.c:90:
At top level:
../src/tcp_com.h:39:24: warning: 'pcb' defined but not used [-Wunused-variable]
 static struct tcp_pcb *pcb;
                        ^~~
Finished building: ../src/xaxidma_controller.c
 
Building target: MB40ch_wUART.elf
Invoking: ARM v7 gcc linker
arm-none-eabi-gcc -mcpu=cortex-a9 -mfpu=vfpv3 -mfloat-abi=hard -Wl,-build-id=none -specs=Xilinx.spec -Wl,-T -Wl,../src/lscript.ld -L../../MB40CH_wUART_bsp_4/ps7_cortexa9_0/lib -o "MB40ch_wUART.elf" ./src/ADC_driver.o ./src/CPLD_driver.o ./src/DRS4_driver.o ./src/echo.o ./src/gpio_handler.o ./src/i2c_access.o ./src/iic_phyreset.o ./src/main.o ./src/platform.o ./src/platform_mb.o ./src/platform_ppc.o ./src/platform_zynq.o ./src/platform_zynqmp.o ./src/sfp.o ./src/si5324.o ./src/tcp_com.o ./src/xaxidma_controller.o   -Wl,--start-group,-lxil,-lgcc,-lc,--end-group -Wl,--start-group,-lxil,-llwip4,-lgcc,-lc,--end-group
Finished building target: MB40ch_wUART.elf
 
Invoking: ARM v7 Print Size
arm-none-eabi-size MB40ch_wUART.elf  |tee "MB40ch_wUART.elf.size"
   text	   data	    bss	    dec	    hex	filename
 198884	   4504	2105344	2308732	 233a7c	MB40ch_wUART.elf
Finished building: MB40ch_wUART.elf.size
 
16:19:47 **** Auto Build of project MB40CH_wUART_bsp_4 ****
make -k all 
Running Make include in ps7_cortexa9_0/libsrc/AXI_ADC_v1_0/src
make -C ps7_cortexa9_0/libsrc/AXI_ADC_v1_0/src -s include  "SHELL=/bin/sh" "COMPILER=arm-none-eabi-gcc" "ARCHIVER=arm-none-eabi-ar" "COMPILER_FLAGS=  -O2 -c" "EXTRA_COMPILER_FLAGS=-mcpu=cortex-a9 -mfpu=vfpv3 -mfloat-abi=hard -nostartfiles -g -Wall -Wextra"
Running Make include in ps7_cortexa9_0/libsrc/axidma_v9_7/src
make -C ps7_cortexa9_0/libsrc/axidma_v9_7/src -s include  "SHELL=/bin/sh" "COMPILER=arm-none-eabi-gcc" "ARCHIVER=arm-none-eabi-ar" "COMPILER_FLAGS=  -O2 -c" "EXTRA_COMPILER_FLAGS=-mcpu=cortex-a9 -mfpu=vfpv3 -mfloat-abi=hard -nostartfiles -g -Wall -Wextra"
Running Make include in ps7_cortexa9_0/libsrc/clk_mon_v1_0/src
make -C ps7_cortexa9_0/libsrc/clk_mon_v1_0/src -s include  "SHELL=/bin/sh" "COMPILER=arm-none-eabi-gcc" "ARCHIVER=arm-none-eabi-ar" "COMPILER_FLAGS=  -O2 -c" "EXTRA_COMPILER_FLAGS=-mcpu=cortex-a9 -mfpu=vfpv3 -mfloat-abi=hard -nostartfiles -g -Wall -Wextra"
Running Make include in ps7_cortexa9_0/libsrc/coresightps_dcc_v1_4/src
make -C ps7_cortexa9_0/libsrc/coresightps_dcc_v1_4/src -s include  "SHELL=/bin/sh" "COMPILER=arm-none-eabi-gcc" "ARCHIVER=arm-none-eabi-ar" "COMPILER_FLAGS=  -O2 -c" "EXTRA_COMPILER_FLAGS=-mcpu=cortex-a9 -mfpu=vfpv3 -mfloat-abi=hard -nostartfiles -g -Wall -Wextra"
Running Make include in ps7_cortexa9_0/libsrc/CPLD_ctrl_v1_0/src
make -C ps7_cortexa9_0/libsrc/CPLD_ctrl_v1_0/src -s include  "SHELL=/bin/sh" "COMPILER=arm-none-eabi-gcc" "ARCHIVER=arm-none-eabi-ar" "COMPILER_FLAGS=  -O2 -c" "EXTRA_COMPILER_FLAGS=-mcpu=cortex-a9 -mfpu=vfpv3 -mfloat-abi=hard -nostartfiles -g -Wall -Wextra"
Running Make include in ps7_cortexa9_0/libsrc/cpu_cortexa9_v2_6/src
make -C ps7_cortexa9_0/libsrc/cpu_cortexa9_v2_6/src -s include  "SHELL=/bin/sh" "COMPILER=arm-none-eabi-gcc" "ARCHIVER=arm-none-eabi-ar" "COMPILER_FLAGS=  -O2 -c" "EXTRA_COMPILER_FLAGS=-mcpu=cortex-a9 -mfpu=vfpv3 -mfloat-abi=hard -nostartfiles -g -Wall -Wextra"
Running Make include in ps7_cortexa9_0/libsrc/dac_i2c_v1_0/src
make -C ps7_cortexa9_0/libsrc/dac_i2c_v1_0/src -s include  "SHELL=/bin/sh" "COMPILER=arm-none-eabi-gcc" "ARCHIVER=arm-none-eabi-ar" "COMPILER_FLAGS=  -O2 -c" "EXTRA_COMPILER_FLAGS=-mcpu=cortex-a9 -mfpu=vfpv3 -mfloat-abi=hard -nostartfiles -g -Wall -Wextra"
Running Make include in ps7_cortexa9_0/libsrc/ddrps_v1_0/src
make -C ps7_cortexa9_0/libsrc/ddrps_v1_0/src -s include  "SHELL=/bin/sh" "COMPILER=arm-none-eabi-gcc" "ARCHIVER=arm-none-eabi-ar" "COMPILER_FLAGS=  -O2 -c" "EXTRA_COMPILER_FLAGS=-mcpu=cortex-a9 -mfpu=vfpv3 -mfloat-abi=hard -nostartfiles -g -Wall -Wextra"
Running Make include in ps7_cortexa9_0/libsrc/devcfg_v3_5/src
make -C ps7_cortexa9_0/libsrc/devcfg_v3_5/src -s include  "SHELL=/bin/sh" "COMPILER=arm-none-eabi-gcc" "ARCHIVER=arm-none-eabi-ar" "COMPILER_FLAGS=  -O2 -c" "EXTRA_COMPILER_FLAGS=-mcpu=cortex-a9 -mfpu=vfpv3 -mfloat-abi=hard -nostartfiles -g -Wall -Wextra"
Running Make include in ps7_cortexa9_0/libsrc/dmaps_v2_3/src
make -C ps7_cortexa9_0/libsrc/dmaps_v2_3/src -s include  "SHELL=/bin/sh" "COMPILER=arm-none-eabi-gcc" "ARCHIVER=arm-none-eabi-ar" "COMPILER_FLAGS=  -O2 -c" "EXTRA_COMPILER_FLAGS=-mcpu=cortex-a9 -mfpu=vfpv3 -mfloat-abi=hard -nostartfiles -g -Wall -Wextra"
Running Make include in ps7_cortexa9_0/libsrc/DRS4_firmware_v2_0/src
make -C ps7_cortexa9_0/libsrc/DRS4_firmware_v2_0/src -s include  "SHELL=/bin/sh" "COMPILER=arm-none-eabi-gcc" "ARCHIVER=arm-none-eabi-ar" "COMPILER_FLAGS=  -O2 -c" "EXTRA_COMPILER_FLAGS=-mcpu=cortex-a9 -mfpu=vfpv3 -mfloat-abi=hard -nostartfiles -g -Wall -Wextra"
Running Make include in ps7_cortexa9_0/libsrc/emacps_v3_7/src
make -C ps7_cortexa9_0/libsrc/emacps_v3_7/src -s include  "SHELL=/bin/sh" "COMPILER=arm-none-eabi-gcc" "ARCHIVER=arm-none-eabi-ar" "COMPILER_FLAGS=  -O2 -c" "EXTRA_COMPILER_FLAGS=-mcpu=cortex-a9 -mfpu=vfpv3 -mfloat-abi=hard -nostartfiles -g -Wall -Wextra"
Running Make include in ps7_cortexa9_0/libsrc/gpiops_v3_3/src
make -C ps7_cortexa9_0/libsrc/gpiops_v3_3/src -s include  "SHELL=/bin/sh" "COMPILER=arm-none-eabi-gcc" "ARCHIVER=arm-none-eabi-ar" "COMPILER_FLAGS=  -O2 -c" "EXTRA_COMPILER_FLAGS=-mcpu=cortex-a9 -mfpu=vfpv3 -mfloat-abi=hard -nostartfiles -g -Wall -Wextra"
Running Make include in ps7_cortexa9_0/libsrc/gpio_v4_3/src
make -C ps7_cortexa9_0/libsrc/gpio_v4_3/src -s include  "SHELL=/bin/sh" "COMPILER=arm-none-eabi-gcc" "ARCHIVER=arm-none-eabi-ar" "COMPILER_FLAGS=  -O2 -c" "EXTRA_COMPILER_FLAGS=-mcpu=cortex-a9 -mfpu=vfpv3 -mfloat-abi=hard -nostartfiles -g -Wall -Wextra"
Running Make include in ps7_cortexa9_0/libsrc/lwip202_v1_1/src
make -C ps7_cortexa9_0/libsrc/lwip202_v1_1/src -s include  "SHELL=/bin/sh" "COMPILER=arm-none-eabi-gcc" "ARCHIVER=arm-none-eabi-ar" "COMPILER_FLAGS=  -O2 -c" "EXTRA_COMPILER_FLAGS=-mcpu=cortex-a9 -mfpu=vfpv3 -mfloat-abi=hard -nostartfiles -g -Wall -Wextra"
Running Make include in ps7_cortexa9_0/libsrc/qspips_v3_4/src
make -C ps7_cortexa9_0/libsrc/qspips_v3_4/src -s include  "SHELL=/bin/sh" "COMPILER=arm-none-eabi-gcc" "ARCHIVER=arm-none-eabi-ar" "COMPILER_FLAGS=  -O2 -c" "EXTRA_COMPILER_FLAGS=-mcpu=cortex-a9 -mfpu=vfpv3 -mfloat-abi=hard -nostartfiles -g -Wall -Wextra"
Running Make include in ps7_cortexa9_0/libsrc/scugic_v3_9/src
make -C ps7_cortexa9_0/libsrc/scugic_v3_9/src -s include  "SHELL=/bin/sh" "COMPILER=arm-none-eabi-gcc" "ARCHIVER=arm-none-eabi-ar" "COMPILER_FLAGS=  -O2 -c" "EXTRA_COMPILER_FLAGS=-mcpu=cortex-a9 -mfpu=vfpv3 -mfloat-abi=hard -nostartfiles -g -Wall -Wextra"
Running Make include in ps7_cortexa9_0/libsrc/scutimer_v2_1/src
make -C ps7_cortexa9_0/libsrc/scutimer_v2_1/src -s include  "SHELL=/bin/sh" "COMPILER=arm-none-eabi-gcc" "ARCHIVER=arm-none-eabi-ar" "COMPILER_FLAGS=  -O2 -c" "EXTRA_COMPILER_FLAGS=-mcpu=cortex-a9 -mfpu=vfpv3 -mfloat-abi=hard -nostartfiles -g -Wall -Wextra"
Running Make include in ps7_cortexa9_0/libsrc/scuwdt_v2_1/src
make -C ps7_cortexa9_0/libsrc/scuwdt_v2_1/src -s include  "SHELL=/bin/sh" "COMPILER=arm-none-eabi-gcc" "ARCHIVER=arm-none-eabi-ar" "COMPILER_FLAGS=  -O2 -c" "EXTRA_COMPILER_FLAGS=-mcpu=cortex-a9 -mfpu=vfpv3 -mfloat-abi=hard -nostartfiles -g -Wall -Wextra"
Running Make include in ps7_cortexa9_0/libsrc/standalone_v6_7/src
make -C ps7_cortexa9_0/libsrc/standalone_v6_7/src -s include  "SHELL=/bin/sh" "COMPILER=arm-none-eabi-gcc" "ARCHIVER=arm-none-eabi-ar" "COMPILER_FLAGS=  -O2 -c" "EXTRA_COMPILER_FLAGS=-mcpu=cortex-a9 -mfpu=vfpv3 -mfloat-abi=hard -nostartfiles -g -Wall -Wextra"
Running Make include in ps7_cortexa9_0/libsrc/uartps_v3_6/src
make -C ps7_cortexa9_0/libsrc/uartps_v3_6/src -s include  "SHELL=/bin/sh" "COMPILER=arm-none-eabi-gcc" "ARCHIVER=arm-none-eabi-ar" "COMPILER_FLAGS=  -O2 -c" "EXTRA_COMPILER_FLAGS=-mcpu=cortex-a9 -mfpu=vfpv3 -mfloat-abi=hard -nostartfiles -g -Wall -Wextra"
Running Make include in ps7_cortexa9_0/libsrc/wdtps_v3_0/src
make -C ps7_cortexa9_0/libsrc/wdtps_v3_0/src -s include  "SHELL=/bin/sh" "COMPILER=arm-none-eabi-gcc" "ARCHIVER=arm-none-eabi-ar" "COMPILER_FLAGS=  -O2 -c" "EXTRA_COMPILER_FLAGS=-mcpu=cortex-a9 -mfpu=vfpv3 -mfloat-abi=hard -nostartfiles -g -Wall -Wextra"
Running Make include in ps7_cortexa9_0/libsrc/xadcps_v2_2/src
make -C ps7_cortexa9_0/libsrc/xadcps_v2_2/src -s include  "SHELL=/bin/sh" "COMPILER=arm-none-eabi-gcc" "ARCHIVER=arm-none-eabi-ar" "COMPILER_FLAGS=  -O2 -c" "EXTRA_COMPILER_FLAGS=-mcpu=cortex-a9 -mfpu=vfpv3 -mfloat-abi=hard -nostartfiles -g -Wall -Wextra"
Running Make libs in ps7_cortexa9_0/libsrc/AXI_ADC_v1_0/src
make -C ps7_cortexa9_0/libsrc/AXI_ADC_v1_0/src -s libs  "SHELL=/bin/sh" "COMPILER=arm-none-eabi-gcc" "ARCHIVER=arm-none-eabi-ar" "COMPILER_FLAGS=  -O2 -c" "EXTRA_COMPILER_FLAGS=-mcpu=cortex-a9 -mfpu=vfpv3 -mfloat-abi=hard -nostartfiles -g -Wall -Wextra"
Compiling AXI_ADC...
AXI_ADC_selftest.c: In function 'AXI_ADC_Reg_SelfTest':
AXI_ADC_selftest.c:52:56: warning: comparison between signed and unsigned integer expressions [-Wsign-compare]
    if ( AXI_ADC_mReadReg (baseaddr, read_loop_index*4) != (read_loop_index+1)*READ_WRITE_MUL_FACTOR){
                                                        ^~
AXI_ADC_selftest.c:36:6: warning: unused variable 'Index' [-Wunused-variable]
  int Index;
      ^~~~~
arm-none-eabi-ar: creating ../../../lib/libxil.a
Running Make libs in ps7_cortexa9_0/libsrc/axidma_v9_7/src
make -C ps7_cortexa9_0/libsrc/axidma_v9_7/src -s libs  "SHELL=/bin/sh" "COMPILER=arm-none-eabi-gcc" "ARCHIVER=arm-none-eabi-ar" "COMPILER_FLAGS=  -O2 -c" "EXTRA_COMPILER_FLAGS=-mcpu=cortex-a9 -mfpu=vfpv3 -mfloat-abi=hard -nostartfiles -g -Wall -Wextra"
Compiling axidma
Running Make libs in ps7_cortexa9_0/libsrc/clk_mon_v1_0/src
make -C ps7_cortexa9_0/libsrc/clk_mon_v1_0/src -s libs  "SHELL=/bin/sh" "COMPILER=arm-none-eabi-gcc" "ARCHIVER=arm-none-eabi-ar" "COMPILER_FLAGS=  -O2 -c" "EXTRA_COMPILER_FLAGS=-mcpu=cortex-a9 -mfpu=vfpv3 -mfloat-abi=hard -nostartfiles -g -Wall -Wextra"
Compiling clk_mon...
clk_mon_selftest.c: In function 'CLK_MON_Reg_SelfTest':
clk_mon_selftest.c:52:56: warning: comparison between signed and unsigned integer expressions [-Wsign-compare]
    if ( CLK_MON_mReadReg (baseaddr, read_loop_index*4) != (read_loop_index+1)*READ_WRITE_MUL_FACTOR){
                                                        ^~
clk_mon_selftest.c:36:6: warning: unused variable 'Index' [-Wunused-variable]
  int Index;
      ^~~~~
Running Make libs in ps7_cortexa9_0/libsrc/coresightps_dcc_v1_4/src
make -C ps7_cortexa9_0/libsrc/coresightps_dcc_v1_4/src -s libs  "SHELL=/bin/sh" "COMPILER=arm-none-eabi-gcc" "ARCHIVER=arm-none-eabi-ar" "COMPILER_FLAGS=  -O2 -c" "EXTRA_COMPILER_FLAGS=-mcpu=cortex-a9 -mfpu=vfpv3 -mfloat-abi=hard -nostartfiles -g -Wall -Wextra"
Compiling coresightps_dcc
Running Make libs in ps7_cortexa9_0/libsrc/CPLD_ctrl_v1_0/src
make -C ps7_cortexa9_0/libsrc/CPLD_ctrl_v1_0/src -s libs  "SHELL=/bin/sh" "COMPILER=arm-none-eabi-gcc" "ARCHIVER=arm-none-eabi-ar" "COMPILER_FLAGS=  -O2 -c" "EXTRA_COMPILER_FLAGS=-mcpu=cortex-a9 -mfpu=vfpv3 -mfloat-abi=hard -nostartfiles -g -Wall -Wextra"
Compiling CPLD_ctrl...
CPLD_ctrl_selftest.c: In function 'CPLD_CTRL_Reg_SelfTest':
CPLD_ctrl_selftest.c:52:58: warning: comparison between signed and unsigned integer expressions [-Wsign-compare]
    if ( CPLD_CTRL_mReadReg (baseaddr, read_loop_index*4) != (read_loop_index+1)*READ_WRITE_MUL_FACTOR){
                                                          ^~
CPLD_ctrl_selftest.c:36:6: warning: unused variable 'Index' [-Wunused-variable]
  int Index;
      ^~~~~
Running Make libs in ps7_cortexa9_0/libsrc/cpu_cortexa9_v2_6/src
make -C ps7_cortexa9_0/libsrc/cpu_cortexa9_v2_6/src -s libs  "SHELL=/bin/sh" "COMPILER=arm-none-eabi-gcc" "ARCHIVER=arm-none-eabi-ar" "COMPILER_FLAGS=  -O2 -c" "EXTRA_COMPILER_FLAGS=-mcpu=cortex-a9 -mfpu=vfpv3 -mfloat-abi=hard -nostartfiles -g -Wall -Wextra"
Compiling cpu_cortexa9
Running Make libs in ps7_cortexa9_0/libsrc/dac_i2c_v1_0/src
make -C ps7_cortexa9_0/libsrc/dac_i2c_v1_0/src -s libs  "SHELL=/bin/sh" "COMPILER=arm-none-eabi-gcc" "ARCHIVER=arm-none-eabi-ar" "COMPILER_FLAGS=  -O2 -c" "EXTRA_COMPILER_FLAGS=-mcpu=cortex-a9 -mfpu=vfpv3 -mfloat-abi=hard -nostartfiles -g -Wall -Wextra"
Compiling dac_i2c...
dac_i2c_selftest.c: In function 'DAC_I2C_Reg_SelfTest':
dac_i2c_selftest.c:52:56: warning: comparison between signed and unsigned integer expressions [-Wsign-compare]
    if ( DAC_I2C_mReadReg (baseaddr, read_loop_index*4) != (read_loop_index+1)*READ_WRITE_MUL_FACTOR){
                                                        ^~
dac_i2c_selftest.c:36:6: warning: unused variable 'Index' [-Wunused-variable]
  int Index;
      ^~~~~
Running Make libs in ps7_cortexa9_0/libsrc/ddrps_v1_0/src
make -C ps7_cortexa9_0/libsrc/ddrps_v1_0/src -s libs  "SHELL=/bin/sh" "COMPILER=arm-none-eabi-gcc" "ARCHIVER=arm-none-eabi-ar" "COMPILER_FLAGS=  -O2 -c" "EXTRA_COMPILER_FLAGS=-mcpu=cortex-a9 -mfpu=vfpv3 -mfloat-abi=hard -nostartfiles -g -Wall -Wextra"
Compiling ddrps
Running Make libs in ps7_cortexa9_0/libsrc/devcfg_v3_5/src
make -C ps7_cortexa9_0/libsrc/devcfg_v3_5/src -s libs  "SHELL=/bin/sh" "COMPILER=arm-none-eabi-gcc" "ARCHIVER=arm-none-eabi-ar" "COMPILER_FLAGS=  -O2 -c" "EXTRA_COMPILER_FLAGS=-mcpu=cortex-a9 -mfpu=vfpv3 -mfloat-abi=hard -nostartfiles -g -Wall -Wextra"
Compiling devcfg
Running Make libs in ps7_cortexa9_0/libsrc/dmaps_v2_3/src
make -C ps7_cortexa9_0/libsrc/dmaps_v2_3/src -s libs  "SHELL=/bin/sh" "COMPILER=arm-none-eabi-gcc" "ARCHIVER=arm-none-eabi-ar" "COMPILER_FLAGS=  -O2 -c" "EXTRA_COMPILER_FLAGS=-mcpu=cortex-a9 -mfpu=vfpv3 -mfloat-abi=hard -nostartfiles -g -Wall -Wextra"
Compiling dmaps
Running Make libs in ps7_cortexa9_0/libsrc/DRS4_firmware_v2_0/src
make -C ps7_cortexa9_0/libsrc/DRS4_firmware_v2_0/src -s libs  "SHELL=/bin/sh" "COMPILER=arm-none-eabi-gcc" "ARCHIVER=arm-none-eabi-ar" "COMPILER_FLAGS=  -O2 -c" "EXTRA_COMPILER_FLAGS=-mcpu=cortex-a9 -mfpu=vfpv3 -mfloat-abi=hard -nostartfiles -g -Wall -Wextra"
Compiling DRS4_firmware...
DRS4_firmware_selftest.c: In function 'DRS4_FIRMWARE_Reg_SelfTest':
DRS4_firmware_selftest.c:52:62: warning: comparison between signed and unsigned integer expressions [-Wsign-compare]
    if ( DRS4_FIRMWARE_mReadReg (baseaddr, read_loop_index*4) != (read_loop_index+1)*READ_WRITE_MUL_FACTOR){
                                                              ^~
DRS4_firmware_selftest.c:36:6: warning: unused variable 'Index' [-Wunused-variable]
  int Index;
      ^~~~~
Running Make libs in ps7_cortexa9_0/libsrc/emacps_v3_7/src
make -C ps7_cortexa9_0/libsrc/emacps_v3_7/src -s libs  "SHELL=/bin/sh" "COMPILER=arm-none-eabi-gcc" "ARCHIVER=arm-none-eabi-ar" "COMPILER_FLAGS=  -O2 -c" "EXTRA_COMPILER_FLAGS=-mcpu=cortex-a9 -mfpu=vfpv3 -mfloat-abi=hard -nostartfiles -g -Wall -Wextra"
Compiling emacps
Running Make libs in ps7_cortexa9_0/libsrc/gpiops_v3_3/src
make -C ps7_cortexa9_0/libsrc/gpiops_v3_3/src -s libs  "SHELL=/bin/sh" "COMPILER=arm-none-eabi-gcc" "ARCHIVER=arm-none-eabi-ar" "COMPILER_FLAGS=  -O2 -c" "EXTRA_COMPILER_FLAGS=-mcpu=cortex-a9 -mfpu=vfpv3 -mfloat-abi=hard -nostartfiles -g -Wall -Wextra"
Compiling gpiops
Running Make libs in ps7_cortexa9_0/libsrc/gpio_v4_3/src
make -C ps7_cortexa9_0/libsrc/gpio_v4_3/src -s libs  "SHELL=/bin/sh" "COMPILER=arm-none-eabi-gcc" "ARCHIVER=arm-none-eabi-ar" "COMPILER_FLAGS=  -O2 -c" "EXTRA_COMPILER_FLAGS=-mcpu=cortex-a9 -mfpu=vfpv3 -mfloat-abi=hard -nostartfiles -g -Wall -Wextra"
Compiling gpio
Running Make libs in ps7_cortexa9_0/libsrc/lwip202_v1_1/src
make -C ps7_cortexa9_0/libsrc/lwip202_v1_1/src -s libs  "SHELL=/bin/sh" "COMPILER=arm-none-eabi-gcc" "ARCHIVER=arm-none-eabi-ar" "COMPILER_FLAGS=  -O2 -c" "EXTRA_COMPILER_FLAGS=-mcpu=cortex-a9 -mfpu=vfpv3 -mfloat-abi=hard -nostartfiles -g -Wall -Wextra"
Compiling lwip src and adapter files
contrib/ports/xilinx/netif/xemacpsif.c: In function 'xemacpsif_init':
contrib/ports/xilinx/netif/xemacpsif.c:728:16: warning: assignment from incompatible pointer type [-Wincompatible-pointer-types]
  netif->output = xemacpsif_output;
                ^
In file included from ../../../include/xemacps.h:350:0,
                 from ../../../include/netif/xemacpsif.h:59,
                 from contrib/ports/xilinx/netif/xemacpsif_dma.c:39:
contrib/ports/xilinx/netif/xemacpsif_dma.c: In function 'init_dma':
../../../include/xemacps_hw.h:603:23: warning: 'bdrxterminate' may be used uninitialized in this function [-Wmaybe-uninitialized]
 #define XEmacPs_Out32 Xil_Out32
                       ^~~~~~~~~
contrib/ports/xilinx/netif/xemacpsif_dma.c:558:14: note: 'bdrxterminate' was declared here
  XEmacPs_Bd *bdrxterminate;
              ^~~~~~~~~~~~~
In file included from ../../../include/xemacps.h:351:0,
                 from ../../../include/netif/xemacpsif.h:59,
                 from contrib/ports/xilinx/netif/xemacpsif_dma.c:39:
../../../include/xemacps_bd.h:144:12: warning: 'bdtxterminate' may be used uninitialized in this function [-Wmaybe-uninitialized]
[...]
      snprintf(buffer,40,"\nDRS4 was shuted down... \nEnd program");
               ^~~~~~
In file included from /opt/Xilinx/SDK/2018.2/gnu/aarch32/lin/gcc-arm-none-eabi/arm-none-eabi/libc/usr/include/stdio.h:29:0,
                 from ../src/main.c:33:
/opt/Xilinx/SDK/2018.2/gnu/aarch32/lin/gcc-arm-none-eabi/arm-none-eabi/libc/usr/include/stdio.h:247:5: note: expected 'char * restrict' but argument is of type 'unsigned char *'
 int _EXFUN(snprintf, (char *__restrict, size_t, const char *__restrict, ...)
     ^
../src/main.c: In function 'DRS4_restart_ROI':
../src/main.c:669:6: warning: variable 'cpld_status' set but not used [-Wunused-but-set-variable]
  int cpld_status;
      ^~~~~~~~~~~
../src/main.c: In function 'recv_callback':
../src/main.c:715:27: warning: pointer targets in passing argument 1 of 'strlen' differ in signedness [-Wpointer-sign]
  memset(buffer, 0, strlen(buffer));
                           ^~~~~~
In file included from /opt/Xilinx/SDK/2018.2/gnu/aarch32/lin/gcc-arm-none-eabi/arm-none-eabi/libc/usr/include/stdio.h:29:0,
                 from ../src/main.c:33:
/opt/Xilinx/SDK/2018.2/gnu/aarch32/lin/gcc-arm-none-eabi/arm-none-eabi/libc/usr/include/string.h:33:9: note: expected 'const char *' but argument is of type 'unsigned char *'
 size_t  _EXFUN(strlen,(const char *));
         ^
../src/main.c:716:43: warning: pointer targets in passing argument 1 of 'strlen' differ in signedness [-Wpointer-sign]
  xil_printf("strlen:%d, mess:%s\n",strlen(RecvBuffer),RecvBuffer);
                                           ^~~~~~~~~~
In file included from /opt/Xilinx/SDK/2018.2/gnu/aarch32/lin/gcc-arm-none-eabi/arm-none-eabi/libc/usr/include/stdio.h:29:0,
                 from ../src/main.c:33:
/opt/Xilinx/SDK/2018.2/gnu/aarch32/lin/gcc-arm-none-eabi/arm-none-eabi/libc/usr/include/string.h:33:9: note: expected 'const char *' but argument is of type 'u8 * {aka unsigned char *}'
 size_t  _EXFUN(strlen,(const char *));
         ^
../src/main.c:720:29: warning: pointer targets in passing argument 1 of 'strlen' differ in signedness [-Wpointer-sign]
    memset(buffer, 0, strlen(buffer));
                             ^~~~~~
In file included from /opt/Xilinx/SDK/2018.2/gnu/aarch32/lin/gcc-arm-none-eabi/arm-none-eabi/libc/usr/include/stdio.h:29:0,
                 from ../src/main.c:33:
/opt/Xilinx/SDK/2018.2/gnu/aarch32/lin/gcc-arm-none-eabi/arm-none-eabi/libc/usr/include/string.h:33:9: note: expected 'const char *' but argument is of type 'unsigned char *'
 size_t  _EXFUN(strlen,(const char *));
         ^
../src/main.c:721:13: warning: pointer targets in passing argument 1 of 'snprintf' differ in signedness [-Wpointer-sign]
    snprintf(buffer,40,"DRS4 state is %x\n", state);
             ^~~~~~
In file included from /opt/Xilinx/SDK/2018.2/gnu/aarch32/lin/gcc-arm-none-eabi/arm-none-eabi/libc/usr/include/stdio.h:29:0,
                 from ../src/main.c:33:
/opt/Xilinx/SDK/2018.2/gnu/aarch32/lin/gcc-arm-none-eabi/arm-none-eabi/libc/usr/include/stdio.h:247:5: note: expected 'char * restrict' but argument is of type 'unsigned char *'
 int _EXFUN(snprintf, (char *__restrict, size_t, const char *__restrict, ...)
     ^
../src/main.c:729:29: warning: pointer targets in passing argument 1 of 'strlen' differ in signedness [-Wpointer-sign]
    memset(buffer, 0, strlen(buffer));
                             ^~~~~~
In file included from /opt/Xilinx/SDK/2018.2/gnu/aarch32/lin/gcc-arm-none-eabi/arm-none-eabi/libc/usr/include/stdio.h:29:0,
                 from ../src/main.c:33:
/opt/Xilinx/SDK/2018.2/gnu/aarch32/lin/gcc-arm-none-eabi/arm-none-eabi/libc/usr/include/string.h:33:9: note: expected 'const char *' but argument is of type 'unsigned char *'
 size_t  _EXFUN(strlen,(const char *));
         ^
../src/main.c:730:13: warning: pointer targets in passing argument 1 of 'snprintf' differ in signedness [-Wpointer-sign]
    snprintf(buffer,40,"\nDRS4 was shuted down, state is %x\n", state);
             ^~~~~~
In file included from /opt/Xilinx/SDK/2018.2/gnu/aarch32/lin/gcc-arm-none-eabi/arm-none-eabi/libc/usr/include/stdio.h:29:0,
                 from ../src/main.c:33:
/opt/Xilinx/SDK/2018.2/gnu/aarch32/lin/gcc-arm-none-eabi/arm-none-eabi/libc/usr/include/stdio.h:247:5: note: expected 'char * restrict' but argument is of type 'unsigned char *'
 int _EXFUN(snprintf, (char *__restrict, size_t, const char *__restrict, ...)
     ^
../src/main.c:736:29: warning: pointer targets in passing argument 1 of 'strlen' differ in signedness [-Wpointer-sign]
    memset(buffer, 0, strlen(buffer));
                             ^~~~~~
In file included from /opt/Xilinx/SDK/2018.2/gnu/aarch32/lin/gcc-arm-none-eabi/arm-none-eabi/libc/usr/include/stdio.h:29:0,
                 from ../src/main.c:33:
/opt/Xilinx/SDK/2018.2/gnu/aarch32/lin/gcc-arm-none-eabi/arm-none-eabi/libc/usr/include/string.h:33:9: note: expected 'const char *' but argument is of type 'unsigned char *'
 size_t  _EXFUN(strlen,(const char *));
         ^
../src/main.c:737:13: warning: pointer targets in passing argument 1 of 'snprintf' differ in signedness [-Wpointer-sign]
    snprintf(buffer,40,"DRS4 restarting\n");
             ^~~~~~
In file included from /opt/Xilinx/SDK/2018.2/gnu/aarch32/lin/gcc-arm-none-eabi/arm-none-eabi/libc/usr/include/stdio.h:29:0,
                 from ../src/main.c:33:
/opt/Xilinx/SDK/2018.2/gnu/aarch32/lin/gcc-arm-none-eabi/arm-none-eabi/libc/usr/include/stdio.h:247:5: note: expected 'char * restrict' but argument is of type 'unsigned char *'
 int _EXFUN(snprintf, (char *__restrict, size_t, const char *__restrict, ...)
     ^
../src/main.c:761:29: warning: pointer targets in passing argument 1 of 'strlen' differ in signedness [-Wpointer-sign]
    memset(buffer, 0, strlen(buffer));
                             ^~~~~~
In file included from /opt/Xilinx/SDK/2018.2/gnu/aarch32/lin/gcc-arm-none-eabi/arm-none-eabi/libc/usr/include/stdio.h:29:0,
                 from ../src/main.c:33:
/opt/Xilinx/SDK/2018.2/gnu/aarch32/lin/gcc-arm-none-eabi/arm-none-eabi/libc/usr/include/string.h:33:9: note: expected 'const char *' but argument is of type 'unsigned char *'
 size_t  _EXFUN(strlen,(const char *));
         ^
../src/main.c:762:13: warning: pointer targets in passing argument 1 of 'snprintf' differ in signedness [-Wpointer-sign]
    snprintf(buffer,40,"\n# event buffer = %x\n", RxDone);
             ^~~~~~
In file included from /opt/Xilinx/SDK/2018.2/gnu/aarch32/lin/gcc-arm-none-eabi/arm-none-eabi/libc/usr/include/stdio.h:29:0,
                 from ../src/main.c:33:
/opt/Xilinx/SDK/2018.2/gnu/aarch32/lin/gcc-arm-none-eabi/arm-none-eabi/libc/usr/include/stdio.h:247:5: note: expected 'char * restrict' but argument is of type 'unsigned char *'
 int _EXFUN(snprintf, (char *__restrict, size_t, const char *__restrict, ...)
     ^
../src/main.c:768:29: warning: pointer targets in passing argument 1 of 'strlen' differ in signedness [-Wpointer-sign]
    memset(buffer, 0, strlen(buffer));
                             ^~~~~~
In file included from /opt/Xilinx/SDK/2018.2/gnu/aarch32/lin/gcc-arm-none-eabi/arm-none-eabi/libc/usr/include/stdio.h:29:0,
                 from ../src/main.c:33:
/opt/Xilinx/SDK/2018.2/gnu/aarch32/lin/gcc-arm-none-eabi/arm-none-eabi/libc/usr/include/string.h:33:9: note: expected 'const char *' but argument is of type 'unsigned char *'
 size_t  _EXFUN(strlen,(const char *));
         ^
../src/main.c:769:13: warning: pointer targets in passing argument 1 of 'snprintf' differ in signedness [-Wpointer-sign]
    snprintf(buffer,40,"\n# VETO set to FALSE");
             ^~~~~~
In file included from /opt/Xilinx/SDK/2018.2/gnu/aarch32/lin/gcc-arm-none-eabi/arm-none-eabi/libc/usr/include/stdio.h:29:0,
                 from ../src/main.c:33:
/opt/Xilinx/SDK/2018.2/gnu/aarch32/lin/gcc-arm-none-eabi/arm-none-eabi/libc/usr/include/stdio.h:247:5: note: expected 'char * restrict' but argument is of type 'unsigned char *'
 int _EXFUN(snprintf, (char *__restrict, size_t, const char *__restrict, ...)
     ^
../src/main.c:777:29: warning: pointer targets in passing argument 1 of 'strlen' differ in signedness [-Wpointer-sign]
    memset(buffer, 0, strlen(buffer));
                             ^~~~~~
In file included from /opt/Xilinx/SDK/2018.2/gnu/aarch32/lin/gcc-arm-none-eabi/arm-none-eabi/libc/usr/include/stdio.h:29:0,
                 from ../src/main.c:33:
/opt/Xilinx/SDK/2018.2/gnu/aarch32/lin/gcc-arm-none-eabi/arm-none-eabi/libc/usr/include/string.h:33:9: note: expected 'const char *' but argument is of type 'unsigned char *'
 size_t  _EXFUN(strlen,(const char *));
         ^
../src/main.c:778:13: warning: pointer targets in passing argument 1 of 'snprintf' differ in signedness [-Wpointer-sign]
    snprintf(buffer,40,"\n# cleaning up the event buffer");
             ^~~~~~
In file included from /opt/Xilinx/SDK/2018.2/gnu/aarch32/lin/gcc-arm-none-eabi/arm-none-eabi/libc/usr/include/stdio.h:29:0,
                 from ../src/main.c:33:
/opt/Xilinx/SDK/2018.2/gnu/aarch32/lin/gcc-arm-none-eabi/arm-none-eabi/libc/usr/include/stdio.h:247:5: note: expected 'char * restrict' but argument is of type 'unsigned char *'
 int _EXFUN(snprintf, (char *__restrict, size_t, const char *__restrict, ...)
     ^
../src/main.c:785:29: warning: pointer targets in passing argument 1 of 'strlen' differ in signedness [-Wpointer-sign]
    memset(buffer, 0, strlen(buffer));
                             ^~~~~~
In file included from /opt/Xilinx/SDK/2018.2/gnu/aarch32/lin/gcc-arm-none-eabi/arm-none-eabi/libc/usr/include/stdio.h:29:0,
                 from ../src/main.c:33:
/opt/Xilinx/SDK/2018.2/gnu/aarch32/lin/gcc-arm-none-eabi/arm-none-eabi/libc/usr/include/string.h:33:9: note: expected 'const char *' but argument is of type 'unsigned char *'
 size_t  _EXFUN(strlen,(const char *));
         ^
../src/main.c:786:13: warning: pointer targets in passing argument 1 of 'snprintf' differ in signedness [-Wpointer-sign]
    snprintf(buffer,40,"\n# state = %x\n", state >> 24);
             ^~~~~~
In file included from /opt/Xilinx/SDK/2018.2/gnu/aarch32/lin/gcc-arm-none-eabi/arm-none-eabi/libc/usr/include/stdio.h:29:0,
                 from ../src/main.c:33:
/opt/Xilinx/SDK/2018.2/gnu/aarch32/lin/gcc-arm-none-eabi/arm-none-eabi/libc/usr/include/stdio.h:247:5: note: expected 'char * restrict' but argument is of type 'unsigned char *'
 int _EXFUN(snprintf, (char *__restrict, size_t, const char *__restrict, ...)
     ^
../src/main.c:792:31: warning: pointer targets in passing argument 1 of 'strlen' differ in signedness [-Wpointer-sign]
      memset(buffer, 0, strlen(buffer));
                               ^~~~~~
In file included from /opt/Xilinx/SDK/2018.2/gnu/aarch32/lin/gcc-arm-none-eabi/arm-none-eabi/libc/usr/include/stdio.h:29:0,
                 from ../src/main.c:33:
/opt/Xilinx/SDK/2018.2/gnu/aarch32/lin/gcc-arm-none-eabi/arm-none-eabi/libc/usr/include/string.h:33:9: note: expected 'const char *' but argument is of type 'unsigned char *'
 size_t  _EXFUN(strlen,(const char *));
         ^
../src/main.c:793:15: warning: pointer targets in passing argument 1 of 'snprintf' differ in signedness [-Wpointer-sign]
      snprintf(buffer,40,"\n# state = %x\n", state);
               ^~~~~~
In file included from /opt/Xilinx/SDK/2018.2/gnu/aarch32/lin/gcc-arm-none-eabi/arm-none-eabi/libc/usr/include/stdio.h:29:0,
                 from ../src/main.c:33:
/opt/Xilinx/SDK/2018.2/gnu/aarch32/lin/gcc-arm-none-eabi/arm-none-eabi/libc/usr/include/stdio.h:247:5: note: expected 'char * restrict' but argument is of type 'unsigned char *'
 int _EXFUN(snprintf, (char *__restrict, size_t, const char *__restrict, ...)
     ^
../src/main.c:797:17: warning: pointer targets in passing argument 1 of 'atoi' differ in signedness [-Wpointer-sign]
    value = atoi(&(RecvBuffer[13]));
                 ^
In file included from /opt/Xilinx/SDK/2018.2/gnu/aarch32/lin/gcc-arm-none-eabi/arm-none-eabi/libc/usr/include/stdio.h:29:0,
                 from ../src/main.c:33:
/opt/Xilinx/SDK/2018.2/gnu/aarch32/lin/gcc-arm-none-eabi/arm-none-eabi/libc/usr/include/stdlib.h:77:5: note: expected 'const char *' but argument is of type 'u8 * {aka unsigned char *}'
 int _EXFUN(atoi,(const char *__nptr));
     ^
../src/main.c:805:29: warning: pointer targets in passing argument 1 of 'strlen' differ in signedness [-Wpointer-sign]
    memset(buffer, 0, strlen(buffer));
                             ^~~~~~
In file included from /opt/Xilinx/SDK/2018.2/gnu/aarch32/lin/gcc-arm-none-eabi/arm-none-eabi/libc/usr/include/stdio.h:29:0,
                 from ../src/main.c:33:
/opt/Xilinx/SDK/2018.2/gnu/aarch32/lin/gcc-arm-none-eabi/arm-none-eabi/libc/usr/include/string.h:33:9: note: expected 'const char *' but argument is of type 'unsigned char *'
 size_t  _EXFUN(strlen,(const char *));
         ^
../src/main.c:806:13: warning: pointer targets in passing argument 1 of 'snprintf' differ in signedness [-Wpointer-sign]
    snprintf(buffer,40,"\n# n events set to  = %d", n_events);
             ^~~~~~
In file included from /opt/Xilinx/SDK/2018.2/gnu/aarch32/lin/gcc-arm-none-eabi/arm-none-eabi/libc/usr/include/stdio.h:29:0,
                 from ../src/main.c:33:
/opt/Xilinx/SDK/2018.2/gnu/aarch32/lin/gcc-arm-none-eabi/arm-none-eabi/libc/usr/include/stdio.h:247:5: note: expected 'char * restrict' but argument is of type 'unsigned char *'
 int _EXFUN(snprintf, (char *__restrict, size_t, const char *__restrict, ...)
     ^
../src/main.c:812:29: warning: pointer targets in passing argument 1 of 'strlen' differ in signedness [-Wpointer-sign]
    memset(buffer, 0, strlen(buffer));
                             ^~~~~~
In file included from /opt/Xilinx/SDK/2018.2/gnu/aarch32/lin/gcc-arm-none-eabi/arm-none-eabi/libc/usr/include/stdio.h:29:0,
                 from ../src/main.c:33:
/opt/Xilinx/SDK/2018.2/gnu/aarch32/lin/gcc-arm-none-eabi/arm-none-eabi/libc/usr/include/string.h:33:9: note: expected 'const char *' but argument is of type 'unsigned char *'
 size_t  _EXFUN(strlen,(const char *));
         ^
../src/main.c:813:13: warning: pointer targets in passing argument 1 of 'snprintf' differ in signedness [-Wpointer-sign]
    snprintf(buffer,372,"\nList of available commands:\n"
             ^~~~~~
In file included from /opt/Xilinx/SDK/2018.2/gnu/aarch32/lin/gcc-arm-none-eabi/arm-none-eabi/libc/usr/include/stdio.h:29:0,
                 from ../src/main.c:33:
/opt/Xilinx/SDK/2018.2/gnu/aarch32/lin/gcc-arm-none-eabi/arm-none-eabi/libc/usr/include/stdio.h:247:5: note: expected 'char * restrict' but argument is of type 'unsigned char *'
 int _EXFUN(snprintf, (char *__restrict, size_t, const char *__restrict, ...)
     ^
../src/main.c:834:15: warning: pointer targets in passing argument 1 of 'xil_printf' differ in signedness [-Wpointer-sign]
    xil_printf(buffer);
               ^~~~~~
In file included from ../src/main.h:28:0,
                 from ../src/main.c:36:
../src/xaxidma_controller.h:27:13: note: expected 'const char8 * {aka const char *}' but argument is of type 'unsigned char *'
 extern void xil_printf(const char *format, ...);
             ^~~~~~~~~~
../src/main.c:839:13: warning: pointer targets in passing argument 1 of 'snprintf' differ in signedness [-Wpointer-sign]
    snprintf(buffer,40,"\nSoft_trig command\n");
             ^~~~~~
In file included from /opt/Xilinx/SDK/2018.2/gnu/aarch32/lin/gcc-arm-none-eabi/arm-none-eabi/libc/usr/include/stdio.h:29:0,
                 from ../src/main.c:33:
/opt/Xilinx/SDK/2018.2/gnu/aarch32/lin/gcc-arm-none-eabi/arm-none-eabi/libc/usr/include/stdio.h:247:5: note: expected 'char * restrict' but argument is of type 'unsigned char *'
 int _EXFUN(snprintf, (char *__restrict, size_t, const char *__restrict, ...)
     ^
../src/main.c:855:15: warning: pointer targets in passing argument 1 of 'snprintf' differ in signedness [-Wpointer-sign]
      snprintf(buffer,40,"\nSoft_trig is OFF\n");
               ^~~~~~
In file included from /opt/Xilinx/SDK/2018.2/gnu/aarch32/lin/gcc-arm-none-eabi/arm-none-eabi/libc/usr/include/stdio.h:29:0,
                 from ../src/main.c:33:
/opt/Xilinx/SDK/2018.2/gnu/aarch32/lin/gcc-arm-none-eabi/arm-none-eabi/libc/usr/include/stdio.h:247:5: note: expected 'char * restrict' but argument is of type 'unsigned char *'
 int _EXFUN(snprintf, (char *__restrict, size_t, const char *__restrict, ...)
     ^
../src/main.c:862:17: warning: pointer targets in passing argument 1 of 'snprintf' differ in signedness [-Wpointer-sign]
        snprintf(buffer,40,"\nAUTO trigger on. Every 7s app.\n");
                 ^~~~~~
In file included from /opt/Xilinx/SDK/2018.2/gnu/aarch32/lin/gcc-arm-none-eabi/arm-none-eabi/libc/usr/include/stdio.h:29:0,
                 from ../src/main.c:33:
/opt/Xilinx/SDK/2018.2/gnu/aarch32/lin/gcc-arm-none-eabi/arm-none-eabi/libc/usr/include/stdio.h:247:5: note: expected 'char * restrict' but argument is of type 'unsigned char *'
 int _EXFUN(snprintf, (char *__restrict, size_t, const char *__restrict, ...)
     ^
../src/main.c:871:13: warning: pointer targets in passing argument 1 of 'snprintf' differ in signedness [-Wpointer-sign]
    snprintf(buffer,40,"\nManual trigger RO\n");
             ^~~~~~
In file included from /opt/Xilinx/SDK/2018.2/gnu/aarch32/lin/gcc-arm-none-eabi/arm-none-eabi/libc/usr/include/stdio.h:29:0,
                 from ../src/main.c:33:
/opt/Xilinx/SDK/2018.2/gnu/aarch32/lin/gcc-arm-none-eabi/arm-none-eabi/libc/usr/include/stdio.h:247:5: note: expected 'char * restrict' but argument is of type 'unsigned char *'
 int _EXFUN(snprintf, (char *__restrict, size_t, const char *__restrict, ...)
     ^
../src/main.c:698:17: warning: unused variable 'mess' [-Wunused-variable]
   unsigned char mess[40];
                 ^~~~
../src/main.c:697:7: warning: unused variable 'Status' [-Wunused-variable]
   int Status;
       ^~~~~~
../src/main.c:696:7: warning: unused variable 'ch' [-Wunused-variable]
   int ch=0;
       ^~
../src/main.c:693:15: warning: unused variable 'ReceivedCount' [-Wunused-variable]
  unsigned int ReceivedCount = 0;
               ^~~~~~~~~~~~~
In file included from ../src/main.h:28:0,
                 from ../src/main.c:36:
At top level:
../src/xaxidma_controller.h:173:12: warning: 'read_pointer' defined but not used [-Wunused-variable]
 static u8 *read_pointer = (u8 *) RX_BUFFER_BASE;
            ^~~~~~~~~~~~
../src/xaxidma_controller.h:170:13: warning: 'Packet' defined but not used [-Wunused-variable]
 static u32 *Packet = (u32 *) TX_BUFFER_BASE;
             ^~~~~~
../src/xaxidma_controller.h:157:13: warning: 'Intc' defined but not used [-Wunused-variable]
 static INTC Intc; /* Instance of the Interrupt Controller */
             ^~~~
../src/main.c: In function 'setup_system':
../src/main.c:266:2: warning: 'cpld_status' may be used uninitialized in this function [-Wmaybe-uninitialized]
  xil_printf("Cpld status: %d \n\n",cpld_status);
  ^~~~~~~~~~~~~~~~~~~~~~~~~~~~~~~~~~~~~~~~~~~~~~
Finished building: ../src/main.c
 
Building target: MB40ch_wUART.elf
Invoking: ARM v7 gcc linker
arm-none-eabi-gcc -mcpu=cortex-a9 -mfpu=vfpv3 -mfloat-abi=hard -Wl,-build-id=none -specs=Xilinx.spec -Wl,-T -Wl,../src/lscript.ld -L../../MB40CH_wUART_bsp_4/ps7_cortexa9_0/lib -o "MB40ch_wUART.elf" ./src/ADC_driver.o ./src/CPLD_driver.o ./src/DRS4_driver.o ./src/echo.o ./src/gpio_handler.o ./src/i2c_access.o ./src/iic_phyreset.o ./src/main.o ./src/platform.o ./src/platform_mb.o ./src/platform_ppc.o ./src/platform_zynq.o ./src/platform_zynqmp.o ./src/sfp.o ./src/si5324.o ./src/tcp_com.o ./src/xaxidma_controller.o   -Wl,--start-group,-lxil,-lgcc,-lc,--end-group -Wl,--start-group,-lxil,-llwip4,-lgcc,-lc,--end-group
Finished building target: MB40ch_wUART.elf
 
Invoking: ARM v7 Print Size
arm-none-eabi-size MB40ch_wUART.elf  |tee "MB40ch_wUART.elf.size"
   text	   data	    bss	    dec	    hex	filename
 197852	   4504	2105344	2307700	 233674	MB40ch_wUART.elf
Finished building: MB40ch_wUART.elf.size
 
