10:09:40 **** Incremental Build of configuration Debug for project 1mezz_uart_hw3 ****
make pre-build main-build 
a9-linaro-pre-build-step
' '
make: No se hace nada para `main-build'.
10:10:45 **** Auto Build of configuration Debug for project 1mezz_uart_hw3 ****
make pre-build main-build 
a9-linaro-pre-build-step
' '
make: No se hace nada para `main-build'.
10:33:28 **** Auto Build of configuration Debug for project 1mezz_uart_hw3 ****
make pre-build main-build 
a9-linaro-pre-build-step
' '
'Building file: ../src/main.c'
'Invoking: ARM v7 gcc compiler'
arm-none-eabi-gcc -Wall -O0 -g3 -c -fmessage-length=0 -MT"src/main.o" -mcpu=cortex-a9 -mfpu=vfpv3 -mfloat-abi=hard -I../../1mezz_uart_hw3_bsp/ps7_cortexa9_0/include -MMD -MP -MF"src/main.d" -MT"src/main.o" -o "src/main.o" "../src/main.c"
In file included from ../src/main.h:26:0,
                 from ../src/main.c:36:
../src/DRS4_driver.h:15:2: warning: #warning CHECK FOR the right DRS4 base address the one xparameters is wrong [-Wcpp]
 #warning CHECK FOR the right DRS4 base address the one xparameters is wrong
  ^~~~~~~
../src/main.c: In function 'main':
../src/main.c:68:6: warning: unused variable 'Status' [-Wunused-variable]
  int Status;
      ^~~~~~
../src/main.c: In function 'setup_system':
../src/main.c:125:2: warning: implicit declaration of function 'init_DACs'; did you mean 'setup_DACs'? [-Wimplicit-function-declaration]
  init_DACs();
  ^~~~~~~~~
  setup_DACs
../src/main.c:91:18: warning: unused variable 'Config' [-Wunused-variable]
  XUartPs_Config *Config;
                  ^~~~~~
../src/main.c: At top level:
../src/main.c:167:6: warning: conflicting types for 'init_DACs'
 void init_DACs()
      ^~~~~~~~~
../src/main.c:125:2: note: previous implicit declaration of 'init_DACs' was here
  init_DACs();
  ^~~~~~~~~
../src/main.c: In function 'setup_DACs':
../src/main.c:185:6: warning: unused variable 'state' [-Wunused-variable]
  u32 state;
      ^~~~~
'Finished building: ../src/main.c'
' '
'Building target: 1mezz_uart_hw3.elf'
'Invoking: ARM v7 gcc linker'
arm-none-eabi-gcc -mcpu=cortex-a9 -mfpu=vfpv3 -mfloat-abi=hard -Wl,-build-id=none -specs=Xilinx.spec -Wl,-T -Wl,../src/lscript.ld -L../../1mezz_uart_hw3_bsp/ps7_cortexa9_0/lib -o "1mezz_uart_hw3.elf"  ./src/ADC_driver.o ./src/DRS4_driver.o ./src/gpio_handler.o ./src/i2c_access.o ./src/main.o ./src/platform.o ./src/platform_mb.o ./src/platform_ppc.o   -Wl,--start-group,-lxil,-lgcc,-lc,--end-group
'Finished building target: 1mezz_uart_hw3.elf'
' '
'Invoking: ARM v7 Print Size'
arm-none-eabi-size 1mezz_uart_hw3.elf  |tee "1mezz_uart_hw3.elf.size"
   text	   data	    bss	    dec	    hex	filename
  28424	   1288	  28888	  58600	   e4e8	1mezz_uart_hw3.elf
'Finished building: 1mezz_uart_hw3.elf.size'
' '
10:33:50 **** Incremental Build of configuration Debug for project 1mezz_uart_hw3 ****
make pre-build main-build 
a9-linaro-pre-build-step
' '
make: No se hace nada para `main-build'.
10:34:06 **** Auto Build of configuration Debug for project 1mezz_uart_hw3 ****
make pre-build main-build 
a9-linaro-pre-build-step
' '
make: No se hace nada para `main-build'.
10:38:03 **** Auto Build of configuration Debug for project 1mezz_uart_hw3 ****
make pre-build main-build 
a9-linaro-pre-build-step
' '
'Building file: ../src/main.c'
'Invoking: ARM v7 gcc compiler'
arm-none-eabi-gcc -Wall -O0 -g3 -c -fmessage-length=0 -MT"src/main.o" -mcpu=cortex-a9 -mfpu=vfpv3 -mfloat-abi=hard -I../../1mezz_uart_hw3_bsp/ps7_cortexa9_0/include -MMD -MP -MF"src/main.d" -MT"src/main.o" -o "src/main.o" "../src/main.c"
In file included from ../src/main.h:26:0,
                 from ../src/main.c:36:
../src/DRS4_driver.h:15:2: warning: #warning CHECK FOR the right DRS4 base address the one xparameters is wrong [-Wcpp]
 #warning CHECK FOR the right DRS4 base address the one xparameters is wrong
  ^~~~~~~
../src/main.c: In function 'main':
../src/main.c:68:6: warning: unused variable 'Status' [-Wunused-variable]
  int Status;
      ^~~~~~
../src/main.c: In function 'setup_system':
../src/main.c:125:2: warning: implicit declaration of function 'init_DACs'; did you mean 'setup_DACs'? [-Wimplicit-function-declaration]
  init_DACs();
  ^~~~~~~~~
  setup_DACs
../src/main.c:91:18: warning: unused variable 'Config' [-Wunused-variable]
  XUartPs_Config *Config;
                  ^~~~~~
../src/main.c: At top level:
../src/main.c:167:6: warning: conflicting types for 'init_DACs'
 void init_DACs()
      ^~~~~~~~~
../src/main.c:125:2: note: previous implicit declaration of 'init_DACs' was here
  init_DACs();
  ^~~~~~~~~
../src/main.c: In function 'setup_DACs':
../src/main.c:185:6: warning: unused variable 'state' [-Wunused-variable]
  u32 state;
      ^~~~~
'Finished building: ../src/main.c'
' '
'Building target: 1mezz_uart_hw3.elf'
'Invoking: ARM v7 gcc linker'
arm-none-eabi-gcc -mcpu=cortex-a9 -mfpu=vfpv3 -mfloat-abi=hard -Wl,-build-id=none -specs=Xilinx.spec -Wl,-T -Wl,../src/lscript.ld -L../../1mezz_uart_hw3_bsp/ps7_cortexa9_0/lib -o "1mezz_uart_hw3.elf"  ./src/ADC_driver.o ./src/DRS4_driver.o ./src/gpio_handler.o ./src/i2c_access.o ./src/main.o ./src/platform.o ./src/platform_mb.o ./src/platform_ppc.o   -Wl,--start-group,-lxil,-lgcc,-lc,--end-group
'Finished building target: 1mezz_uart_hw3.elf'
' '
'Invoking: ARM v7 Print Size'
arm-none-eabi-size 1mezz_uart_hw3.elf  |tee "1mezz_uart_hw3.elf.size"
   text	   data	    bss	    dec	    hex	filename
  28424	   1288	  28888	  58600	   e4e8	1mezz_uart_hw3.elf
'Finished building: 1mezz_uart_hw3.elf.size'
' '
10:38:07 **** Incremental Build of configuration Debug for project 1mezz_uart_hw3 ****
make pre-build main-build 
a9-linaro-pre-build-step
' '
make: No se hace nada para `main-build'.

**** Build of configuration Debug for project empty ****

Nothing to build for project empty
10:38:27 **** Auto Build of configuration Debug for project 1mezz_uart_hw3 ****
make pre-build main-build 
a9-linaro-pre-build-step
' '
make: No se hace nada para `main-build'.
10:40:26 **** Incremental Build of configuration Debug for project 1mezz_uart_hw3 ****
make pre-build main-build 
a9-linaro-pre-build-step
' '
make: No se hace nada para `main-build'.
10:41:22 **** Incremental Build of configuration Debug for project 1mezz_uart_hw3 ****
make pre-build main-build 
a9-linaro-pre-build-step
' '
make: No se hace nada para `main-build'.
10:41:41 **** Incremental Build of configuration Debug for project 1mezz_uart_hw3 ****
make pre-build main-build 
a9-linaro-pre-build-step
' '
make: No se hace nada para `main-build'.
10:42:41 **** Auto Build of configuration Debug for project 1mezz_uart_hw3 ****
make pre-build main-build 
a9-linaro-pre-build-step
' '
'Building file: ../src/main.c'
'Invoking: ARM v7 gcc compiler'
arm-none-eabi-gcc -Wall -O0 -g3 -c -fmessage-length=0 -MT"src/main.o" -mcpu=cortex-a9 -mfpu=vfpv3 -mfloat-abi=hard -I../../1mezz_uart_hw3_bsp/ps7_cortexa9_0/include -MMD -MP -MF"src/main.d" -MT"src/main.o" -o "src/main.o" "../src/main.c"
In file included from ../src/main.h:26:0,
                 from ../src/main.c:36:
../src/DRS4_driver.h:15:2: warning: #warning CHECK FOR the right DRS4 base address the one xparameters is wrong [-Wcpp]
 #warning CHECK FOR the right DRS4 base address the one xparameters is wrong
  ^~~~~~~
../src/main.c: In function 'main':
../src/main.c:68:6: warning: unused variable 'Status' [-Wunused-variable]
  int Status;
      ^~~~~~
../src/main.c: In function 'setup_system':
../src/main.c:125:2: warning: implicit declaration of function 'init_DACs'; did you mean 'setup_DACs'? [-Wimplicit-function-declaration]
  init_DACs();
  ^~~~~~~~~
  setup_DACs
../src/main.c:91:18: warning: unused variable 'Config' [-Wunused-variable]
  XUartPs_Config *Config;
                  ^~~~~~
../src/main.c: At top level:
../src/main.c:168:6: warning: conflicting types for 'init_DACs'
 void init_DACs()
      ^~~~~~~~~
../src/main.c:125:2: note: previous implicit declaration of 'init_DACs' was here
  init_DACs();
  ^~~~~~~~~
../src/main.c: In function 'setup_DACs':
../src/main.c:186:6: warning: unused variable 'state' [-Wunused-variable]
  u32 state;
      ^~~~~
'Finished building: ../src/main.c'
' '
'Building target: 1mezz_uart_hw3.elf'
'Invoking: ARM v7 gcc linker'
arm-none-eabi-gcc -mcpu=cortex-a9 -mfpu=vfpv3 -mfloat-abi=hard -Wl,-build-id=none -specs=Xilinx.spec -Wl,-T -Wl,../src/lscript.ld -L../../1mezz_uart_hw3_bsp/ps7_cortexa9_0/lib -o "1mezz_uart_hw3.elf"  ./src/ADC_driver.o ./src/DRS4_driver.o ./src/gpio_handler.o ./src/i2c_access.o ./src/main.o ./src/platform.o ./src/platform_mb.o ./src/platform_ppc.o   -Wl,--start-group,-lxil,-lgcc,-lc,--end-group
'Finished building target: 1mezz_uart_hw3.elf'
' '
'Invoking: ARM v7 Print Size'
arm-none-eabi-size 1mezz_uart_hw3.elf  |tee "1mezz_uart_hw3.elf.size"
   text	   data	    bss	    dec	    hex	filename
  28424	   1288	  28888	  58600	   e4e8	1mezz_uart_hw3.elf
'Finished building: 1mezz_uart_hw3.elf.size'
' '
10:42:58 **** Auto Build of configuration Debug for project 1mezz_uart_hw3 ****
make pre-build main-build 
a9-linaro-pre-build-step
' '
'Building file: ../src/main.c'
'Invoking: ARM v7 gcc compiler'
arm-none-eabi-gcc -Wall -O0 -g3 -c -fmessage-length=0 -MT"src/main.o" -mcpu=cortex-a9 -mfpu=vfpv3 -mfloat-abi=hard -I../../1mezz_uart_hw3_bsp/ps7_cortexa9_0/include -MMD -MP -MF"src/main.d" -MT"src/main.o" -o "src/main.o" "../src/main.c"
In file included from ../src/main.h:26:0,
                 from ../src/main.c:36:
../src/DRS4_driver.h:15:2: warning: #warning CHECK FOR the right DRS4 base address the one xparameters is wrong [-Wcpp]
 #warning CHECK FOR the right DRS4 base address the one xparameters is wrong
  ^~~~~~~
../src/main.c: In function 'main':
../src/main.c:68:6: warning: unused variable 'Status' [-Wunused-variable]
  int Status;
      ^~~~~~
../src/main.c: In function 'setup_system':
../src/main.c:125:2: warning: implicit declaration of function 'init_DACs'; did you mean 'setup_DACs'? [-Wimplicit-function-declaration]
  init_DACs();
  ^~~~~~~~~
  setup_DACs
../src/main.c:91:18: warning: unused variable 'Config' [-Wunused-variable]
  XUartPs_Config *Config;
                  ^~~~~~
../src/main.c: At top level:
../src/main.c:168:6: warning: conflicting types for 'init_DACs'
 void init_DACs()
      ^~~~~~~~~
../src/main.c:125:2: note: previous implicit declaration of 'init_DACs' was here
  init_DACs();
  ^~~~~~~~~
../src/main.c: In function 'setup_DACs':
../src/main.c:186:6: warning: unused variable 'state' [-Wunused-variable]
  u32 state;
      ^~~~~
'Finished building: ../src/main.c'
' '
'Building target: 1mezz_uart_hw3.elf'
'Invoking: ARM v7 gcc linker'
arm-none-eabi-gcc -mcpu=cortex-a9 -mfpu=vfpv3 -mfloat-abi=hard -Wl,-build-id=none -specs=Xilinx.spec -Wl,-T -Wl,../src/lscript.ld -L../../1mezz_uart_hw3_bsp/ps7_cortexa9_0/lib -o "1mezz_uart_hw3.elf"  ./src/ADC_driver.o ./src/DRS4_driver.o ./src/gpio_handler.o ./src/i2c_access.o ./src/main.o ./src/platform.o ./src/platform_mb.o ./src/platform_ppc.o   -Wl,--start-group,-lxil,-lgcc,-lc,--end-group
'Finished building target: 1mezz_uart_hw3.elf'
' '
'Invoking: ARM v7 Print Size'
arm-none-eabi-size 1mezz_uart_hw3.elf  |tee "1mezz_uart_hw3.elf.size"
   text	   data	    bss	    dec	    hex	filename
  28424	   1288	  28888	  58600	   e4e8	1mezz_uart_hw3.elf
'Finished building: 1mezz_uart_hw3.elf.size'
' '
10:43:02 **** Incremental Build of configuration Debug for project 1mezz_uart_hw3 ****
make pre-build main-build 
a9-linaro-pre-build-step
' '
make: No se hace nada para `main-build'.
10:44:00 **** Auto Build of configuration Debug for project 1mezz_uart_hw3 ****
make pre-build main-build 
a9-linaro-pre-build-step
' '
make: No se hace nada para `main-build'.
14:50:46 **** Auto Build of configuration Debug for project 1mezz_uart_hw3 ****
make pre-build main-build 
a9-linaro-pre-build-step
' '
'Building file: ../src/main.c'
'Invoking: ARM v7 gcc compiler'
arm-none-eabi-gcc -Wall -O0 -g3 -c -fmessage-length=0 -MT"src/main.o" -mcpu=cortex-a9 -mfpu=vfpv3 -mfloat-abi=hard -I../../1mezz_uart_hw3_bsp/ps7_cortexa9_0/include -MMD -MP -MF"src/main.d" -MT"src/main.o" -o "src/main.o" "../src/main.c"
In file included from ../src/main.h:26:0,
                 from ../src/main.c:36:
../src/DRS4_driver.h:15:2: warning: #warning CHECK FOR the right DRS4 base address the one xparameters is wrong [-Wcpp]
 #warning CHECK FOR the right DRS4 base address the one xparameters is wrong
  ^~~~~~~
../src/main.c: In function 'main':
../src/main.c:68:6: warning: unused variable 'Status' [-Wunused-variable]
  int Status;
      ^~~~~~
../src/main.c: In function 'setup_system':
../src/main.c:102:12: error: 'XSLCR_UNLOCK_ADDR' undeclared (first use in this function)
  Xil_Out32(XSLCR_UNLOCK_ADDR, XSLCR_UNLOCK_CODE);
            ^~~~~~~~~~~~~~~~~
../src/main.c:102:12: note: each undeclared identifier is reported only once for each function it appears in
../src/main.c:102:31: error: 'XSLCR_UNLOCK_CODE' undeclared (first use in this function); did you mean 'XSLCR_UNLOCK_ADDR'?
  Xil_Out32(XSLCR_UNLOCK_ADDR, XSLCR_UNLOCK_CODE);
                               ^~~~~~~~~~~~~~~~~
                               XSLCR_UNLOCK_ADDR
../src/main.c:103:12: error: 'XSLCR_FPGA_RST_CTRL_ADDR' undeclared (first use in this function); did you mean 'XSLCR_UNLOCK_ADDR'?
  Xil_Out32(XSLCR_FPGA_RST_CTRL_ADDR, 0x0F);
            ^~~~~~~~~~~~~~~~~~~~~~~~
            XSLCR_UNLOCK_ADDR
../src/main.c:116:2: warning: implicit declaration of function 'init_DACs'; did you mean 'setup_DACs'? [-Wimplicit-function-declaration]
  init_DACs();
  ^~~~~~~~~
  setup_DACs
../src/main.c:91:18: warning: unused variable 'Config' [-Wunused-variable]
  XUartPs_Config *Config;
                  ^~~~~~
../src/main.c: At top level:
../src/main.c:159:6: warning: conflicting types for 'init_DACs'
 void init_DACs()
      ^~~~~~~~~
../src/main.c:116:2: note: previous implicit declaration of 'init_DACs' was here
  init_DACs();
  ^~~~~~~~~
../src/main.c: In function 'setup_DACs':
../src/main.c:177:6: warning: unused variable 'state' [-Wunused-variable]
  u32 state;
      ^~~~~
make: *** [src/main.o] Error 1
14:53:42 **** Auto Build of configuration Debug for project 1mezz_uart_hw3 ****
make pre-build main-build 
a9-linaro-pre-build-step
' '
'Building file: ../src/main.c'
'Invoking: ARM v7 gcc compiler'
arm-none-eabi-gcc -Wall -O0 -g3 -c -fmessage-length=0 -MT"src/main.o" -mcpu=cortex-a9 -mfpu=vfpv3 -mfloat-abi=hard -I../../1mezz_uart_hw3_bsp/ps7_cortexa9_0/include -MMD -MP -MF"src/main.d" -MT"src/main.o" -o "src/main.o" "../src/main.c"
In file included from ../src/main.h:26:0,
                 from ../src/main.c:36:
../src/DRS4_driver.h:15:2: warning: #warning CHECK FOR the right DRS4 base address the one xparameters is wrong [-Wcpp]
 #warning CHECK FOR the right DRS4 base address the one xparameters is wrong
  ^~~~~~~
../src/main.c: In function 'main':
../src/main.c:68:6: warning: unused variable 'Status' [-Wunused-variable]
  int Status;
      ^~~~~~
../src/main.c: In function 'setup_system':
../src/main.c:125:2: warning: implicit declaration of function 'init_DACs'; did you mean 'setup_DACs'? [-Wimplicit-function-declaration]
  init_DACs();
  ^~~~~~~~~
  setup_DACs
../src/main.c:91:18: warning: unused variable 'Config' [-Wunused-variable]
  XUartPs_Config *Config;
                  ^~~~~~
../src/main.c: At top level:
../src/main.c:168:6: warning: conflicting types for 'init_DACs'
 void init_DACs()
      ^~~~~~~~~
../src/main.c:125:2: note: previous implicit declaration of 'init_DACs' was here
  init_DACs();
  ^~~~~~~~~
../src/main.c: In function 'setup_DACs':
../src/main.c:186:6: warning: unused variable 'state' [-Wunused-variable]
  u32 state;
      ^~~~~
'Finished building: ../src/main.c'
' '
'Building target: 1mezz_uart_hw3.elf'
'Invoking: ARM v7 gcc linker'
arm-none-eabi-gcc -mcpu=cortex-a9 -mfpu=vfpv3 -mfloat-abi=hard -Wl,-build-id=none -specs=Xilinx.spec -Wl,-T -Wl,../src/lscript.ld -L../../1mezz_uart_hw3_bsp/ps7_cortexa9_0/lib -o "1mezz_uart_hw3.elf"  ./src/ADC_driver.o ./src/DRS4_driver.o ./src/gpio_handler.o ./src/i2c_access.o ./src/main.o ./src/platform.o ./src/platform_mb.o ./src/platform_ppc.o   -Wl,--start-group,-lxil,-lgcc,-lc,--end-group
'Finished building target: 1mezz_uart_hw3.elf'
' '
'Invoking: ARM v7 Print Size'
arm-none-eabi-size 1mezz_uart_hw3.elf  |tee "1mezz_uart_hw3.elf.size"
   text	   data	    bss	    dec	    hex	filename
  28424	   1288	  28888	  58600	   e4e8	1mezz_uart_hw3.elf
'Finished building: 1mezz_uart_hw3.elf.size'
' '
14:54:35 **** Auto Build of configuration Debug for project 1mezz_uart_hw3 ****
make pre-build main-build 
a9-linaro-pre-build-step
' '
'Building file: ../src/main.c'
'Invoking: ARM v7 gcc compiler'
arm-none-eabi-gcc -Wall -O0 -g3 -c -fmessage-length=0 -MT"src/main.o" -mcpu=cortex-a9 -mfpu=vfpv3 -mfloat-abi=hard -I../../1mezz_uart_hw3_bsp/ps7_cortexa9_0/include -MMD -MP -MF"src/main.d" -MT"src/main.o" -o "src/main.o" "../src/main.c"
In file included from ../src/main.h:26:0,
                 from ../src/main.c:36:
../src/DRS4_driver.h:15:2: warning: #warning CHECK FOR the right DRS4 base address the one xparameters is wrong [-Wcpp]
 #warning CHECK FOR the right DRS4 base address the one xparameters is wrong
  ^~~~~~~
../src/main.c: In function 'main':
../src/main.c:68:6: warning: unused variable 'Status' [-Wunused-variable]
  int Status;
      ^~~~~~
../src/main.c: In function 'setup_system':
../src/main.c:104:12: error: 'XSLCR_UNLOCK_ADDR' undeclared (first use in this function)
  Xil_Out32(XSLCR_UNLOCK_ADDR, XSLCR_UNLOCK_CODE);
            ^~~~~~~~~~~~~~~~~
../src/main.c:104:12: note: each undeclared identifier is reported only once for each function it appears in
../src/main.c:104:31: error: 'XSLCR_UNLOCK_CODE' undeclared (first use in this function); did you mean 'XSLCR_UNLOCK_ADDR'?
  Xil_Out32(XSLCR_UNLOCK_ADDR, XSLCR_UNLOCK_CODE);
                               ^~~~~~~~~~~~~~~~~
                               XSLCR_UNLOCK_ADDR
../src/main.c:105:12: error: 'XSLCR_FPGA_RST_CTRL_ADDR' undeclared (first use in this function); did you mean 'XSLCR_UNLOCK_ADDR'?
  Xil_Out32(XSLCR_FPGA_RST_CTRL_ADDR, 0x0F);
            ^~~~~~~~~~~~~~~~~~~~~~~~
            XSLCR_UNLOCK_ADDR
../src/main.c:127:2: warning: implicit declaration of function 'init_DACs'; did you mean 'setup_DACs'? [-Wimplicit-function-declaration]
  init_DACs();
  ^~~~~~~~~
  setup_DACs
../src/main.c:91:18: warning: unused variable 'Config' [-Wunused-variable]
  XUartPs_Config *Config;
                  ^~~~~~
../src/main.c: At top level:
../src/main.c:170:6: warning: conflicting types for 'init_DACs'
 void init_DACs()
      ^~~~~~~~~
../src/main.c:127:2: note: previous implicit declaration of 'init_DACs' was here
  init_DACs();
  ^~~~~~~~~
../src/main.c: In function 'setup_DACs':
../src/main.c:188:6: warning: unused variable 'state' [-Wunused-variable]
  u32 state;
      ^~~~~
make: *** [src/main.o] Error 1
14:56:36 **** Auto Build of configuration Debug for project 1mezz_uart_hw3 ****
make pre-build main-build 
a9-linaro-pre-build-step
' '
'Building file: ../src/main.c'
'Invoking: ARM v7 gcc compiler'
arm-none-eabi-gcc -Wall -O0 -g3 -c -fmessage-length=0 -MT"src/main.o" -mcpu=cortex-a9 -mfpu=vfpv3 -mfloat-abi=hard -I../../1mezz_uart_hw3_bsp/ps7_cortexa9_0/include -MMD -MP -MF"src/main.d" -MT"src/main.o" -o "src/main.o" "../src/main.c"
In file included from ../src/main.h:26:0,
                 from ../src/main.c:36:
../src/DRS4_driver.h:15:2: warning: #warning CHECK FOR the right DRS4 base address the one xparameters is wrong [-Wcpp]
 #warning CHECK FOR the right DRS4 base address the one xparameters is wrong
  ^~~~~~~
../src/main.c: In function 'main':
../src/main.c:68:6: warning: unused variable 'Status' [-Wunused-variable]
  int Status;
      ^~~~~~
../src/main.c: In function 'setup_system':
../src/main.c:105:12: error: 'XSLCR_FPGA_RST_CTRL_ADDR' undeclared (first use in this function); did you mean 'XSLCR_SPI_RST_CTRL_ADDR'?
  Xil_Out32(XSLCR_FPGA_RST_CTRL_ADDR, 0x0F);
            ^~~~~~~~~~~~~~~~~~~~~~~~
            XSLCR_SPI_RST_CTRL_ADDR
../src/main.c:105:12: note: each undeclared identifier is reported only once for each function it appears in
../src/main.c:127:2: warning: implicit declaration of function 'init_DACs'; did you mean 'setup_DACs'? [-Wimplicit-function-declaration]
  init_DACs();
  ^~~~~~~~~
  setup_DACs
../src/main.c:91:18: warning: unused variable 'Config' [-Wunused-variable]
  XUartPs_Config *Config;
                  ^~~~~~
../src/main.c: At top level:
../src/main.c:170:6: warning: conflicting types for 'init_DACs'
 void init_DACs()
      ^~~~~~~~~
../src/main.c:127:2: note: previous implicit declaration of 'init_DACs' was here
  init_DACs();
  ^~~~~~~~~
../src/main.c: In function 'setup_DACs':
../src/main.c:188:6: warning: unused variable 'state' [-Wunused-variable]
  u32 state;
      ^~~~~
make: *** [src/main.o] Error 1
15:05:43 **** Auto Build of configuration Debug for project 1mezz_uart_hw3 ****
make pre-build main-build 
a9-linaro-pre-build-step
' '
'Building file: ../src/main.c'
'Invoking: ARM v7 gcc compiler'
arm-none-eabi-gcc -Wall -O0 -g3 -c -fmessage-length=0 -MT"src/main.o" -mcpu=cortex-a9 -mfpu=vfpv3 -mfloat-abi=hard -I../../1mezz_uart_hw3_bsp/ps7_cortexa9_0/include -MMD -MP -MF"src/main.d" -MT"src/main.o" -o "src/main.o" "../src/main.c"
In file included from ../src/main.h:26:0,
                 from ../src/main.c:36:
../src/DRS4_driver.h:15:2: warning: #warning CHECK FOR the right DRS4 base address the one xparameters is wrong [-Wcpp]
 #warning CHECK FOR the right DRS4 base address the one xparameters is wrong
  ^~~~~~~
../src/main.c: In function 'main':
../src/main.c:68:6: warning: unused variable 'Status' [-Wunused-variable]
  int Status;
      ^~~~~~
../src/main.c: In function 'setup_system':
../src/main.c:128:2: warning: implicit declaration of function 'init_DACs'; did you mean 'setup_DACs'? [-Wimplicit-function-declaration]
  init_DACs();
  ^~~~~~~~~
  setup_DACs
../src/main.c:91:18: warning: unused variable 'Config' [-Wunused-variable]
  XUartPs_Config *Config;
                  ^~~~~~
../src/main.c: At top level:
../src/main.c:171:6: warning: conflicting types for 'init_DACs'
 void init_DACs()
      ^~~~~~~~~
../src/main.c:128:2: note: previous implicit declaration of 'init_DACs' was here
  init_DACs();
  ^~~~~~~~~
../src/main.c: In function 'setup_DACs':
../src/main.c:189:6: warning: unused variable 'state' [-Wunused-variable]
  u32 state;
      ^~~~~
'Finished building: ../src/main.c'
' '
'Building target: 1mezz_uart_hw3.elf'
'Invoking: ARM v7 gcc linker'
arm-none-eabi-gcc -mcpu=cortex-a9 -mfpu=vfpv3 -mfloat-abi=hard -Wl,-build-id=none -specs=Xilinx.spec -Wl,-T -Wl,../src/lscript.ld -L../../1mezz_uart_hw3_bsp/ps7_cortexa9_0/lib -o "1mezz_uart_hw3.elf"  ./src/ADC_driver.o ./src/DRS4_driver.o ./src/gpio_handler.o ./src/i2c_access.o ./src/main.o ./src/platform.o ./src/platform_mb.o ./src/platform_ppc.o   -Wl,--start-group,-lxil,-lgcc,-lc,--end-group
'Finished building target: 1mezz_uart_hw3.elf'
' '
'Invoking: ARM v7 Print Size'
arm-none-eabi-size 1mezz_uart_hw3.elf  |tee "1mezz_uart_hw3.elf.size"
   text	   data	    bss	    dec	    hex	filename
  28360	   1288	  28888	  58536	   e4a8	1mezz_uart_hw3.elf
'Finished building: 1mezz_uart_hw3.elf.size'
' '
15:09:58 **** Auto Build of configuration Debug for project 1mezz_uart_hw3 ****
make pre-build main-build 
a9-linaro-pre-build-step
' '
'Building file: ../src/main.c'
'Invoking: ARM v7 gcc compiler'
arm-none-eabi-gcc -Wall -O0 -g3 -c -fmessage-length=0 -MT"src/main.o" -mcpu=cortex-a9 -mfpu=vfpv3 -mfloat-abi=hard -I../../1mezz_uart_hw3_bsp/ps7_cortexa9_0/include -MMD -MP -MF"src/main.d" -MT"src/main.o" -o "src/main.o" "../src/main.c"
In file included from ../src/main.h:26:0,
                 from ../src/main.c:36:
../src/DRS4_driver.h:15:2: warning: #warning CHECK FOR the right DRS4 base address the one xparameters is wrong [-Wcpp]
 #warning CHECK FOR the right DRS4 base address the one xparameters is wrong
  ^~~~~~~
../src/main.c: In function 'main':
../src/main.c:68:6: warning: unused variable 'Status' [-Wunused-variable]
  int Status;
      ^~~~~~
../src/main.c: In function 'setup_system':
../src/main.c:95:12: error: 'SLCR_LVL_SHFTR_EN' undeclared (first use in this function); did you mean 'XSLCR_LVL_SHFTR_EN_ADDR'?
  Xil_Out32(SLCR_LVL_SHFTR_EN, 0xA);  //Before reset , it is better to disable Level shifter
            ^~~~~~~~~~~~~~~~~
            XSLCR_LVL_SHFTR_EN_ADDR
../src/main.c:95:12: note: each undeclared identifier is reported only once for each function it appears in
../src/main.c:130:2: warning: implicit declaration of function 'init_DACs'; did you mean 'setup_DACs'? [-Wimplicit-function-declaration]
  init_DACs();
  ^~~~~~~~~
  setup_DACs
../src/main.c:91:18: warning: unused variable 'Config' [-Wunused-variable]
  XUartPs_Config *Config;
                  ^~~~~~
../src/main.c: At top level:
../src/main.c:173:6: warning: conflicting types for 'init_DACs'
 void init_DACs()
      ^~~~~~~~~
../src/main.c:130:2: note: previous implicit declaration of 'init_DACs' was here
  init_DACs();
  ^~~~~~~~~
../src/main.c: In function 'setup_DACs':
../src/main.c:191:6: warning: unused variable 'state' [-Wunused-variable]
  u32 state;
      ^~~~~
make: *** [src/main.o] Error 1
15:11:10 **** Auto Build of configuration Debug for project 1mezz_uart_hw3 ****
make pre-build main-build 
a9-linaro-pre-build-step
' '
'Building file: ../src/main.c'
'Invoking: ARM v7 gcc compiler'
arm-none-eabi-gcc -Wall -O0 -g3 -c -fmessage-length=0 -MT"src/main.o" -mcpu=cortex-a9 -mfpu=vfpv3 -mfloat-abi=hard -I../../1mezz_uart_hw3_bsp/ps7_cortexa9_0/include -MMD -MP -MF"src/main.d" -MT"src/main.o" -o "src/main.o" "../src/main.c"
In file included from ../src/main.h:26:0,
                 from ../src/main.c:36:
../src/DRS4_driver.h:15:2: warning: #warning CHECK FOR the right DRS4 base address the one xparameters is wrong [-Wcpp]
 #warning CHECK FOR the right DRS4 base address the one xparameters is wrong
  ^~~~~~~
../src/main.c: In function 'main':
../src/main.c:68:6: warning: unused variable 'Status' [-Wunused-variable]
  int Status;
      ^~~~~~
../src/main.c: In function 'setup_system':
../src/main.c:97:12: error: 'SLCR_LVL_SHFTR_EN' undeclared (first use in this function); did you mean 'XSLCR_LVL_SHFTR_EN_ADDR'?
  Xil_Out32(SLCR_LVL_SHFTR_EN, 0xF);  //After reset , it is better to enable Level shifter
            ^~~~~~~~~~~~~~~~~
            XSLCR_LVL_SHFTR_EN_ADDR
../src/main.c:97:12: note: each undeclared identifier is reported only once for each function it appears in
../src/main.c:130:2: warning: implicit declaration of function 'init_DACs'; did you mean 'setup_DACs'? [-Wimplicit-function-declaration]
  init_DACs();
  ^~~~~~~~~
  setup_DACs
../src/main.c:91:18: warning: unused variable 'Config' [-Wunused-variable]
  XUartPs_Config *Config;
                  ^~~~~~
../src/main.c: At top level:
../src/main.c:173:6: warning: conflicting types for 'init_DACs'
 void init_DACs()
      ^~~~~~~~~
../src/main.c:130:2: note: previous implicit declaration of 'init_DACs' was here
  init_DACs();
  ^~~~~~~~~
../src/main.c: In function 'setup_DACs':
../src/main.c:191:6: warning: unused variable 'state' [-Wunused-variable]
  u32 state;
      ^~~~~
make: *** [src/main.o] Error 1
15:11:21 **** Auto Build of configuration Debug for project 1mezz_uart_hw3 ****
make pre-build main-build 
a9-linaro-pre-build-step
' '
'Building file: ../src/main.c'
'Invoking: ARM v7 gcc compiler'
arm-none-eabi-gcc -Wall -O0 -g3 -c -fmessage-length=0 -MT"src/main.o" -mcpu=cortex-a9 -mfpu=vfpv3 -mfloat-abi=hard -I../../1mezz_uart_hw3_bsp/ps7_cortexa9_0/include -MMD -MP -MF"src/main.d" -MT"src/main.o" -o "src/main.o" "../src/main.c"
In file included from ../src/main.h:26:0,
                 from ../src/main.c:36:
../src/DRS4_driver.h:15:2: warning: #warning CHECK FOR the right DRS4 base address the one xparameters is wrong [-Wcpp]
 #warning CHECK FOR the right DRS4 base address the one xparameters is wrong
  ^~~~~~~
../src/main.c: In function 'main':
../src/main.c:68:6: warning: unused variable 'Status' [-Wunused-variable]
  int Status;
      ^~~~~~
../src/main.c: In function 'setup_system':
../src/main.c:97:12: error: 'SLCR_LVL_SHFTR_EN' undeclared (first use in this function); did you mean 'XSLCR_LVL_SHFTR_EN_ADDR'?
  Xil_Out32(SLCR_LVL_SHFTR_EN, 0xF);  //After reset , it is better to enable Level shifter
            ^~~~~~~~~~~~~~~~~
            XSLCR_LVL_SHFTR_EN_ADDR
../src/main.c:97:12: note: each undeclared identifier is reported only once for each function it appears in
../src/main.c:130:2: warning: implicit declaration of function 'init_DACs'; did you mean 'setup_DACs'? [-Wimplicit-function-declaration]
  init_DACs();
  ^~~~~~~~~
  setup_DACs
../src/main.c:91:18: warning: unused variable 'Config' [-Wunused-variable]
  XUartPs_Config *Config;
                  ^~~~~~
../src/main.c: At top level:
../src/main.c:173:6: warning: conflicting types for 'init_DACs'
 void init_DACs()
      ^~~~~~~~~
../src/main.c:130:2: note: previous implicit declaration of 'init_DACs' was here
  init_DACs();
  ^~~~~~~~~
../src/main.c: In function 'setup_DACs':
../src/main.c:191:6: warning: unused variable 'state' [-Wunused-variable]
  u32 state;
      ^~~~~
make: *** [src/main.o] Error 1
15:11:49 **** Auto Build of configuration Debug for project 1mezz_uart_hw3 ****
make pre-build main-build 
a9-linaro-pre-build-step
' '
'Building file: ../src/main.c'
'Invoking: ARM v7 gcc compiler'
arm-none-eabi-gcc -Wall -O0 -g3 -c -fmessage-length=0 -MT"src/main.o" -mcpu=cortex-a9 -mfpu=vfpv3 -mfloat-abi=hard -I../../1mezz_uart_hw3_bsp/ps7_cortexa9_0/include -MMD -MP -MF"src/main.d" -MT"src/main.o" -o "src/main.o" "../src/main.c"
In file included from ../src/main.h:26:0,
                 from ../src/main.c:36:
../src/DRS4_driver.h:15:2: warning: #warning CHECK FOR the right DRS4 base address the one xparameters is wrong [-Wcpp]
 #warning CHECK FOR the right DRS4 base address the one xparameters is wrong
  ^~~~~~~
../src/main.c: In function 'main':
../src/main.c:68:6: warning: unused variable 'Status' [-Wunused-variable]
  int Status;
      ^~~~~~
../src/main.c: In function 'setup_system':
../src/main.c:130:2: warning: implicit declaration of function 'init_DACs'; did you mean 'setup_DACs'? [-Wimplicit-function-declaration]
  init_DACs();
  ^~~~~~~~~
  setup_DACs
../src/main.c:91:18: warning: unused variable 'Config' [-Wunused-variable]
  XUartPs_Config *Config;
                  ^~~~~~
../src/main.c: At top level:
../src/main.c:173:6: warning: conflicting types for 'init_DACs'
 void init_DACs()
      ^~~~~~~~~
../src/main.c:130:2: note: previous implicit declaration of 'init_DACs' was here
  init_DACs();
  ^~~~~~~~~
../src/main.c: In function 'setup_DACs':
../src/main.c:191:6: warning: unused variable 'state' [-Wunused-variable]
  u32 state;
      ^~~~~
'Finished building: ../src/main.c'
' '
'Building target: 1mezz_uart_hw3.elf'
'Invoking: ARM v7 gcc linker'
arm-none-eabi-gcc -mcpu=cortex-a9 -mfpu=vfpv3 -mfloat-abi=hard -Wl,-build-id=none -specs=Xilinx.spec -Wl,-T -Wl,../src/lscript.ld -L../../1mezz_uart_hw3_bsp/ps7_cortexa9_0/lib -o "1mezz_uart_hw3.elf"  ./src/ADC_driver.o ./src/DRS4_driver.o ./src/gpio_handler.o ./src/i2c_access.o ./src/main.o ./src/platform.o ./src/platform_mb.o ./src/platform_ppc.o   -Wl,--start-group,-lxil,-lgcc,-lc,--end-group
'Finished building target: 1mezz_uart_hw3.elf'
' '
'Invoking: ARM v7 Print Size'
arm-none-eabi-size 1mezz_uart_hw3.elf  |tee "1mezz_uart_hw3.elf.size"
   text	   data	    bss	    dec	    hex	filename
  28360	   1288	  28888	  58536	   e4a8	1mezz_uart_hw3.elf
'Finished building: 1mezz_uart_hw3.elf.size'
' '
15:11:57 **** Auto Build of configuration Debug for project 1mezz_uart_hw3 ****
make pre-build main-build 
a9-linaro-pre-build-step
' '
'Building file: ../src/main.c'
'Invoking: ARM v7 gcc compiler'
arm-none-eabi-gcc -Wall -O0 -g3 -c -fmessage-length=0 -MT"src/main.o" -mcpu=cortex-a9 -mfpu=vfpv3 -mfloat-abi=hard -I../../1mezz_uart_hw3_bsp/ps7_cortexa9_0/include -MMD -MP -MF"src/main.d" -MT"src/main.o" -o "src/main.o" "../src/main.c"
In file included from ../src/main.h:26:0,
                 from ../src/main.c:36:
../src/DRS4_driver.h:15:2: warning: #warning CHECK FOR the right DRS4 base address the one xparameters is wrong [-Wcpp]
 #warning CHECK FOR the right DRS4 base address the one xparameters is wrong
  ^~~~~~~
../src/main.c: In function 'main':
../src/main.c:68:6: warning: unused variable 'Status' [-Wunused-variable]
  int Status;
      ^~~~~~
../src/main.c: In function 'setup_system':
../src/main.c:130:2: warning: implicit declaration of function 'init_DACs'; did you mean 'setup_DACs'? [-Wimplicit-function-declaration]
  init_DACs();
  ^~~~~~~~~
  setup_DACs
../src/main.c:91:18: warning: unused variable 'Config' [-Wunused-variable]
  XUartPs_Config *Config;
                  ^~~~~~
../src/main.c: At top level:
../src/main.c:173:6: warning: conflicting types for 'init_DACs'
 void init_DACs()
      ^~~~~~~~~
../src/main.c:130:2: note: previous implicit declaration of 'init_DACs' was here
  init_DACs();
  ^~~~~~~~~
../src/main.c: In function 'setup_DACs':
../src/main.c:191:6: warning: unused variable 'state' [-Wunused-variable]
  u32 state;
      ^~~~~
'Finished building: ../src/main.c'
' '
'Building target: 1mezz_uart_hw3.elf'
'Invoking: ARM v7 gcc linker'
arm-none-eabi-gcc -mcpu=cortex-a9 -mfpu=vfpv3 -mfloat-abi=hard -Wl,-build-id=none -specs=Xilinx.spec -Wl,-T -Wl,../src/lscript.ld -L../../1mezz_uart_hw3_bsp/ps7_cortexa9_0/lib -o "1mezz_uart_hw3.elf"  ./src/ADC_driver.o ./src/DRS4_driver.o ./src/gpio_handler.o ./src/i2c_access.o ./src/main.o ./src/platform.o ./src/platform_mb.o ./src/platform_ppc.o   -Wl,--start-group,-lxil,-lgcc,-lc,--end-group
'Finished building target: 1mezz_uart_hw3.elf'
' '
'Invoking: ARM v7 Print Size'
arm-none-eabi-size 1mezz_uart_hw3.elf  |tee "1mezz_uart_hw3.elf.size"
   text	   data	    bss	    dec	    hex	filename
  28360	   1288	  28888	  58536	   e4a8	1mezz_uart_hw3.elf
'Finished building: 1mezz_uart_hw3.elf.size'
' '
15:15:58 **** Auto Build of configuration Debug for project 1mezz_uart_hw3 ****
make pre-build main-build 
a9-linaro-pre-build-step
' '
'Building file: ../src/main.c'
'Invoking: ARM v7 gcc compiler'
arm-none-eabi-gcc -Wall -O0 -g3 -c -fmessage-length=0 -MT"src/main.o" -mcpu=cortex-a9 -mfpu=vfpv3 -mfloat-abi=hard -I../../1mezz_uart_hw3_bsp/ps7_cortexa9_0/include -MMD -MP -MF"src/main.d" -MT"src/main.o" -o "src/main.o" "../src/main.c"
In file included from ../src/main.h:26:0,
                 from ../src/main.c:36:
../src/DRS4_driver.h:15:2: warning: #warning CHECK FOR the right DRS4 base address the one xparameters is wrong [-Wcpp]
 #warning CHECK FOR the right DRS4 base address the one xparameters is wrong
  ^~~~~~~
../src/main.c: In function 'main':
../src/main.c:68:6: warning: unused variable 'Status' [-Wunused-variable]
  int Status;
      ^~~~~~
../src/main.c: In function 'setup_system':
../src/main.c:97:12: error: 'XSLCR_FPGA_RST_CTRL_ADDR' undeclared (first use in this function); did you mean 'XSLCR_SPI_RST_CTRL_ADDR'?
  Xil_Out32(XSLCR_FPGA_RST_CTRL_ADDR, 0x0F);
            ^~~~~~~~~~~~~~~~~~~~~~~~
            XSLCR_SPI_RST_CTRL_ADDR
../src/main.c:97:12: note: each undeclared identifier is reported only once for each function it appears in
../src/main.c:131:2: warning: implicit declaration of function 'init_DACs'; did you mean 'setup_DACs'? [-Wimplicit-function-declaration]
  init_DACs();
  ^~~~~~~~~
  setup_DACs
../src/main.c:91:18: warning: unused variable 'Config' [-Wunused-variable]
  XUartPs_Config *Config;
                  ^~~~~~
../src/main.c: At top level:
../src/main.c:174:6: warning: conflicting types for 'init_DACs'
 void init_DACs()
      ^~~~~~~~~
../src/main.c:131:2: note: previous implicit declaration of 'init_DACs' was here
  init_DACs();
  ^~~~~~~~~
../src/main.c: In function 'setup_DACs':
../src/main.c:192:6: warning: unused variable 'state' [-Wunused-variable]
  u32 state;
      ^~~~~
make: *** [src/main.o] Error 1
15:16:17 **** Auto Build of configuration Debug for project 1mezz_uart_hw3 ****
make pre-build main-build 
a9-linaro-pre-build-step
' '
'Building file: ../src/main.c'
'Invoking: ARM v7 gcc compiler'
arm-none-eabi-gcc -Wall -O0 -g3 -c -fmessage-length=0 -MT"src/main.o" -mcpu=cortex-a9 -mfpu=vfpv3 -mfloat-abi=hard -I../../1mezz_uart_hw3_bsp/ps7_cortexa9_0/include -MMD -MP -MF"src/main.d" -MT"src/main.o" -o "src/main.o" "../src/main.c"
In file included from ../src/main.h:26:0,
                 from ../src/main.c:36:
../src/DRS4_driver.h:15:2: warning: #warning CHECK FOR the right DRS4 base address the one xparameters is wrong [-Wcpp]
 #warning CHECK FOR the right DRS4 base address the one xparameters is wrong
  ^~~~~~~
../src/main.c: In function 'main':
../src/main.c:68:6: warning: unused variable 'Status' [-Wunused-variable]
  int Status;
      ^~~~~~
../src/main.c: In function 'setup_system':
../src/main.c:97:12: error: 'XSLCR_FPGA_RST_CTRL_ADDR' undeclared (first use in this function); did you mean 'XSLCR_SPI_RST_CTRL_ADDR'?
  Xil_Out32(XSLCR_FPGA_RST_CTRL_ADDR, 0x0F);
            ^~~~~~~~~~~~~~~~~~~~~~~~
            XSLCR_SPI_RST_CTRL_ADDR
../src/main.c:97:12: note: each undeclared identifier is reported only once for each function it appears in
../src/main.c:101:16: error: 'XSLCR_LOCK_ADDR' undeclared (first use in this function); did you mean 'XSLCR_UNLOCK_ADDR'?
      Xil_Out32(XSLCR_LOCK_ADDR, XSLCR_LOCK_CODE);
                ^~~~~~~~~~~~~~~
                XSLCR_UNLOCK_ADDR
../src/main.c:101:33: error: 'XSLCR_LOCK_CODE' undeclared (first use in this function); did you mean 'XSLCR_UNLOCK_CODE'?
      Xil_Out32(XSLCR_LOCK_ADDR, XSLCR_LOCK_CODE);
                                 ^~~~~~~~~~~~~~~
                                 XSLCR_UNLOCK_CODE
../src/main.c:136:2: warning: implicit declaration of function 'init_DACs'; did you mean 'setup_DACs'? [-Wimplicit-function-declaration]
  init_DACs();
  ^~~~~~~~~
  setup_DACs
../src/main.c:91:18: warning: unused variable 'Config' [-Wunused-variable]
  XUartPs_Config *Config;
                  ^~~~~~
../src/main.c: At top level:
../src/main.c:179:6: warning: conflicting types for 'init_DACs'
 void init_DACs()
      ^~~~~~~~~
../src/main.c:136:2: note: previous implicit declaration of 'init_DACs' was here
  init_DACs();
  ^~~~~~~~~
../src/main.c: In function 'setup_DACs':
../src/main.c:197:6: warning: unused variable 'state' [-Wunused-variable]
  u32 state;
      ^~~~~
make: *** [src/main.o] Error 1
15:16:24 **** Auto Build of configuration Debug for project 1mezz_uart_hw3 ****
make pre-build main-build 
a9-linaro-pre-build-step
' '
'Building file: ../src/main.c'
'Invoking: ARM v7 gcc compiler'
arm-none-eabi-gcc -Wall -O0 -g3 -c -fmessage-length=0 -MT"src/main.o" -mcpu=cortex-a9 -mfpu=vfpv3 -mfloat-abi=hard -I../../1mezz_uart_hw3_bsp/ps7_cortexa9_0/include -MMD -MP -MF"src/main.d" -MT"src/main.o" -o "src/main.o" "../src/main.c"
In file included from ../src/main.h:26:0,
                 from ../src/main.c:36:
../src/DRS4_driver.h:15:2: warning: #warning CHECK FOR the right DRS4 base address the one xparameters is wrong [-Wcpp]
 #warning CHECK FOR the right DRS4 base address the one xparameters is wrong
  ^~~~~~~
../src/main.c: In function 'main':
../src/main.c:68:6: warning: unused variable 'Status' [-Wunused-variable]
  int Status;
      ^~~~~~
../src/main.c: In function 'setup_system':
../src/main.c:97:12: error: 'XSLCR_FPGA_RST_CTRL_ADDR' undeclared (first use in this function); did you mean 'XSLCR_SPI_RST_CTRL_ADDR'?
  Xil_Out32(XSLCR_FPGA_RST_CTRL_ADDR, 0x0F);
            ^~~~~~~~~~~~~~~~~~~~~~~~
            XSLCR_SPI_RST_CTRL_ADDR
../src/main.c:97:12: note: each undeclared identifier is reported only once for each function it appears in
../src/main.c:101:12: error: 'XSLCR_LOCK_ADDR' undeclared (first use in this function); did you mean 'XSLCR_UNLOCK_ADDR'?
  Xil_Out32(XSLCR_LOCK_ADDR, XSLCR_LOCK_CODE);
            ^~~~~~~~~~~~~~~
            XSLCR_UNLOCK_ADDR
../src/main.c:101:29: error: 'XSLCR_LOCK_CODE' undeclared (first use in this function); did you mean 'XSLCR_UNLOCK_CODE'?
  Xil_Out32(XSLCR_LOCK_ADDR, XSLCR_LOCK_CODE);
                             ^~~~~~~~~~~~~~~
                             XSLCR_UNLOCK_CODE
../src/main.c:136:2: warning: implicit declaration of function 'init_DACs'; did you mean 'setup_DACs'? [-Wimplicit-function-declaration]
  init_DACs();
  ^~~~~~~~~
  setup_DACs
../src/main.c:91:18: warning: unused variable 'Config' [-Wunused-variable]
  XUartPs_Config *Config;
                  ^~~~~~
../src/main.c: At top level:
../src/main.c:179:6: warning: conflicting types for 'init_DACs'
 void init_DACs()
      ^~~~~~~~~
../src/main.c:136:2: note: previous implicit declaration of 'init_DACs' was here
  init_DACs();
  ^~~~~~~~~
../src/main.c: In function 'setup_DACs':
../src/main.c:197:6: warning: unused variable 'state' [-Wunused-variable]
  u32 state;
      ^~~~~
make: *** [src/main.o] Error 1
14:52:26 **** Auto Build of configuration Debug for project 1mezz_uart_hw3 ****
make pre-build main-build 
a9-linaro-pre-build-step
' '
'Building file: ../src/main.c'
'Invoking: ARM v7 gcc compiler'
arm-none-eabi-gcc -Wall -O0 -g3 -c -fmessage-length=0 -MT"src/main.o" -mcpu=cortex-a9 -mfpu=vfpv3 -mfloat-abi=hard -I../../1mezz_uart_hw3_bsp/ps7_cortexa9_0/include -MMD -MP -MF"src/main.d" -MT"src/main.o" -o "src/main.o" "../src/main.c"
In file included from ../src/main.h:26:0,
                 from ../src/main.c:36:
../src/DRS4_driver.h:15:2: warning: #warning CHECK FOR the right DRS4 base address the one xparameters is wrong [-Wcpp]
 #warning CHECK FOR the right DRS4 base address the one xparameters is wrong
  ^~~~~~~
../src/main.c: In function 'main':
../src/main.c:68:6: warning: unused variable 'Status' [-Wunused-variable]
  int Status;
      ^~~~~~
../src/main.c: In function 'setup_system':
../src/main.c:136:2: warning: implicit declaration of function 'init_DACs'; did you mean 'setup_DACs'? [-Wimplicit-function-declaration]
  init_DACs();
  ^~~~~~~~~
  setup_DACs
../src/main.c:91:18: warning: unused variable 'Config' [-Wunused-variable]
  XUartPs_Config *Config;
                  ^~~~~~
../src/main.c: At top level:
../src/main.c:179:6: warning: conflicting types for 'init_DACs'
 void init_DACs()
      ^~~~~~~~~
../src/main.c:136:2: note: previous implicit declaration of 'init_DACs' was here
  init_DACs();
  ^~~~~~~~~
../src/main.c: In function 'setup_DACs':
../src/main.c:197:6: warning: unused variable 'state' [-Wunused-variable]
  u32 state;
      ^~~~~
'Finished building: ../src/main.c'
' '
'Building target: 1mezz_uart_hw3.elf'
'Invoking: ARM v7 gcc linker'
arm-none-eabi-gcc -mcpu=cortex-a9 -mfpu=vfpv3 -mfloat-abi=hard -Wl,-build-id=none -specs=Xilinx.spec -Wl,-T -Wl,../src/lscript.ld -L../../1mezz_uart_hw3_bsp/ps7_cortexa9_0/lib -o "1mezz_uart_hw3.elf"  ./src/ADC_driver.o ./src/DRS4_driver.o ./src/gpio_handler.o ./src/i2c_access.o ./src/main.o ./src/platform.o ./src/platform_mb.o ./src/platform_ppc.o   -Wl,--start-group,-lxil,-lgcc,-lc,--end-group
'Finished building target: 1mezz_uart_hw3.elf'
' '
'Invoking: ARM v7 Print Size'
arm-none-eabi-size 1mezz_uart_hw3.elf  |tee "1mezz_uart_hw3.elf.size"
   text	   data	    bss	    dec	    hex	filename
  28424	   1288	  28888	  58600	   e4e8	1mezz_uart_hw3.elf
'Finished building: 1mezz_uart_hw3.elf.size'
' '
14:54:59 **** Incremental Build of configuration Debug for project 1mezz_uart_hw3 ****
make pre-build main-build 
a9-linaro-pre-build-step
' '
make: No se hace nada para `main-build'.
14:55:32 **** Incremental Build of configuration Debug for project 1mezz_uart_hw3 ****
make pre-build main-build 
a9-linaro-pre-build-step
' '
make: No se hace nada para `main-build'.
14:57:27 **** Auto Build of configuration Debug for project 1mezz_uart_hw3 ****
make pre-build main-build 
a9-linaro-pre-build-step
' '
'Building file: ../src/main.c'
'Invoking: ARM v7 gcc compiler'
arm-none-eabi-gcc -Wall -O0 -g3 -c -fmessage-length=0 -MT"src/main.o" -mcpu=cortex-a9 -mfpu=vfpv3 -mfloat-abi=hard -I../../1mezz_uart_hw3_bsp/ps7_cortexa9_0/include -MMD -MP -MF"src/main.d" -MT"src/main.o" -o "src/main.o" "../src/main.c"
In file included from ../src/main.h:26:0,
                 from ../src/main.c:36:
../src/DRS4_driver.h:15:2: warning: #warning CHECK FOR the right DRS4 base address the one xparameters is wrong [-Wcpp]
 #warning CHECK FOR the right DRS4 base address the one xparameters is wrong
  ^~~~~~~
../src/main.c: In function 'main':
../src/main.c:68:6: warning: unused variable 'Status' [-Wunused-variable]
  int Status;
      ^~~~~~
../src/main.c: In function 'setup_system':
../src/main.c:136:2: warning: implicit declaration of function 'init_DACs'; did you mean 'setup_DACs'? [-Wimplicit-function-declaration]
  init_DACs();
  ^~~~~~~~~
  setup_DACs
../src/main.c:91:18: warning: unused variable 'Config' [-Wunused-variable]
  XUartPs_Config *Config;
                  ^~~~~~
../src/main.c: At top level:
../src/main.c:179:6: warning: conflicting types for 'init_DACs'
 void init_DACs()
      ^~~~~~~~~
../src/main.c:136:2: note: previous implicit declaration of 'init_DACs' was here
  init_DACs();
  ^~~~~~~~~
../src/main.c: In function 'setup_DACs':
../src/main.c:197:6: warning: unused variable 'state' [-Wunused-variable]
  u32 state;
      ^~~~~
'Finished building: ../src/main.c'
' '
'Building target: 1mezz_uart_hw3.elf'
'Invoking: ARM v7 gcc linker'
arm-none-eabi-gcc -mcpu=cortex-a9 -mfpu=vfpv3 -mfloat-abi=hard -Wl,-build-id=none -specs=Xilinx.spec -Wl,-T -Wl,../src/lscript.ld -L../../1mezz_uart_hw3_bsp/ps7_cortexa9_0/lib -o "1mezz_uart_hw3.elf"  ./src/ADC_driver.o ./src/DRS4_driver.o ./src/gpio_handler.o ./src/i2c_access.o ./src/main.o ./src/platform.o ./src/platform_mb.o ./src/platform_ppc.o   -Wl,--start-group,-lxil,-lgcc,-lc,--end-group
'Finished building target: 1mezz_uart_hw3.elf'
' '
'Invoking: ARM v7 Print Size'
arm-none-eabi-size 1mezz_uart_hw3.elf  |tee "1mezz_uart_hw3.elf.size"
   text	   data	    bss	    dec	    hex	filename
  28424	   1288	  28888	  58600	   e4e8	1mezz_uart_hw3.elf
'Finished building: 1mezz_uart_hw3.elf.size'
' '
15:00:47 **** Incremental Build of configuration Debug for project 1mezz_uart_hw3 ****
make pre-build main-build 
a9-linaro-pre-build-step
' '
make: No se hace nada para `main-build'.
15:05:11 **** Incremental Build of configuration Debug for project 1mezz_uart_hw3 ****
make pre-build main-build 
a9-linaro-pre-build-step
' '
make: No se hace nada para `main-build'.
16:29:34 **** Incremental Build of configuration Debug for project 1mezz_uart_hw3 ****
make pre-build main-build 
a9-linaro-pre-build-step
' '
make: No se hace nada para `main-build'.
15:36:16 **** Incremental Build of configuration Debug for project 1mezz_uart_hw3 ****
make pre-build main-build 
a9-linaro-pre-build-step
' '
make: No se hace nada para `main-build'.
15:41:17 **** Auto Build of configuration Debug for project 1mezz_uart_hw3 ****
make pre-build main-build 
a9-linaro-pre-build-step
' '
make: No se hace nada para `main-build'.
15:41:57 **** Auto Build of configuration Debug for project 1mezz_uart_hw3 ****
make pre-build main-build 
a9-linaro-pre-build-step
' '
'Building file: ../src/main.c'
'Invoking: ARM v7 gcc compiler'
arm-none-eabi-gcc -Wall -O0 -g3 -c -fmessage-length=0 -MT"src/main.o" -mcpu=cortex-a9 -mfpu=vfpv3 -mfloat-abi=hard -I../../1mezz_uart_hw3_bsp/ps7_cortexa9_0/include -MMD -MP -MF"src/main.d" -MT"src/main.o" -o "src/main.o" "../src/main.c"
In file included from ../src/main.h:26:0,
                 from ../src/main.c:36:
../src/DRS4_driver.h:15:2: warning: #warning CHECK FOR the right DRS4 base address the one xparameters is wrong [-Wcpp]
 #warning CHECK FOR the right DRS4 base address the one xparameters is wrong
  ^~~~~~~
../src/main.c: In function 'main':
../src/main.c:72:5: warning: implicit declaration of function 'udelay' [-Wimplicit-function-declaration]
     udelay(100000);
     ^~~~~~
../src/main.c:68:6: warning: unused variable 'Status' [-Wunused-variable]
  int Status;
      ^~~~~~
../src/main.c: In function 'setup_system':
../src/main.c:137:2: warning: implicit declaration of function 'init_DACs'; did you mean 'setup_DACs'? [-Wimplicit-function-declaration]
  init_DACs();
  ^~~~~~~~~
  setup_DACs
../src/main.c:92:18: warning: unused variable 'Config' [-Wunused-variable]
  XUartPs_Config *Config;
                  ^~~~~~
../src/main.c: At top level:
../src/main.c:180:6: warning: conflicting types for 'init_DACs'
 void init_DACs()
      ^~~~~~~~~
../src/main.c:137:2: note: previous implicit declaration of 'init_DACs' was here
  init_DACs();
  ^~~~~~~~~
../src/main.c: In function 'setup_DACs':
../src/main.c:198:6: warning: unused variable 'state' [-Wunused-variable]
  u32 state;
      ^~~~~
'Finished building: ../src/main.c'
' '
'Building target: 1mezz_uart_hw3.elf'
'Invoking: ARM v7 gcc linker'
arm-none-eabi-gcc -mcpu=cortex-a9 -mfpu=vfpv3 -mfloat-abi=hard -Wl,-build-id=none -specs=Xilinx.spec -Wl,-T -Wl,../src/lscript.ld -L../../1mezz_uart_hw3_bsp/ps7_cortexa9_0/lib -o "1mezz_uart_hw3.elf"  ./src/ADC_driver.o ./src/DRS4_driver.o ./src/gpio_handler.o ./src/i2c_access.o ./src/main.o ./src/platform.o ./src/platform_mb.o ./src/platform_ppc.o   -Wl,--start-group,-lxil,-lgcc,-lc,--end-group
./src/main.o: In function `main':
C:\Users\victo\Desktop\Vivados\verDAQ8_uart\verDAQ8_uart.sdk\1mezz_uart_hw3\Debug/../src/main.c:72: undefined reference to `udelay'
collect2.exe: error: ld returned 1 exit status
make: *** [1mezz_uart_hw3.elf] Error 1
15:42:11 **** Auto Build of configuration Debug for project 1mezz_uart_hw3 ****
make pre-build main-build 
a9-linaro-pre-build-step
' '
'Building file: ../src/main.c'
'Invoking: ARM v7 gcc compiler'
arm-none-eabi-gcc -Wall -O0 -g3 -c -fmessage-length=0 -MT"src/main.o" -mcpu=cortex-a9 -mfpu=vfpv3 -mfloat-abi=hard -I../../1mezz_uart_hw3_bsp/ps7_cortexa9_0/include -MMD -MP -MF"src/main.d" -MT"src/main.o" -o "src/main.o" "../src/main.c"
In file included from ../src/main.h:26:0,
                 from ../src/main.c:36:
../src/DRS4_driver.h:15:2: warning: #warning CHECK FOR the right DRS4 base address the one xparameters is wrong [-Wcpp]
 #warning CHECK FOR the right DRS4 base address the one xparameters is wrong
  ^~~~~~~
../src/main.c: In function 'main':
../src/main.c:68:6: warning: unused variable 'Status' [-Wunused-variable]
  int Status;
      ^~~~~~
../src/main.c: In function 'setup_system':
../src/main.c:137:2: warning: implicit declaration of function 'init_DACs'; did you mean 'setup_DACs'? [-Wimplicit-function-declaration]
  init_DACs();
  ^~~~~~~~~
  setup_DACs
../src/main.c:92:18: warning: unused variable 'Config' [-Wunused-variable]
  XUartPs_Config *Config;
                  ^~~~~~
../src/main.c: At top level:
../src/main.c:180:6: warning: conflicting types for 'init_DACs'
 void init_DACs()
      ^~~~~~~~~
../src/main.c:137:2: note: previous implicit declaration of 'init_DACs' was here
  init_DACs();
  ^~~~~~~~~
../src/main.c: In function 'setup_DACs':
../src/main.c:198:6: warning: unused variable 'state' [-Wunused-variable]
  u32 state;
      ^~~~~
'Finished building: ../src/main.c'
' '
'Building target: 1mezz_uart_hw3.elf'
'Invoking: ARM v7 gcc linker'
arm-none-eabi-gcc -mcpu=cortex-a9 -mfpu=vfpv3 -mfloat-abi=hard -Wl,-build-id=none -specs=Xilinx.spec -Wl,-T -Wl,../src/lscript.ld -L../../1mezz_uart_hw3_bsp/ps7_cortexa9_0/lib -o "1mezz_uart_hw3.elf"  ./src/ADC_driver.o ./src/DRS4_driver.o ./src/gpio_handler.o ./src/i2c_access.o ./src/main.o ./src/platform.o ./src/platform_mb.o ./src/platform_ppc.o   -Wl,--start-group,-lxil,-lgcc,-lc,--end-group
'Finished building target: 1mezz_uart_hw3.elf'
' '
'Invoking: ARM v7 Print Size'
arm-none-eabi-size 1mezz_uart_hw3.elf  |tee "1mezz_uart_hw3.elf.size"
   text	   data	    bss	    dec	    hex	filename
  28424	   1288	  28888	  58600	   e4e8	1mezz_uart_hw3.elf
'Finished building: 1mezz_uart_hw3.elf.size'
' '
15:42:54 **** Auto Build of configuration Debug for project 1mezz_uart_hw3 ****
make pre-build main-build 
a9-linaro-pre-build-step
' '
make: No se hace nada para `main-build'.
15:45:26 **** Incremental Build of configuration Debug for project 1mezz_uart_hw3 ****
make pre-build main-build 
a9-linaro-pre-build-step
' '
make: No se hace nada para `main-build'.
15:46:41 **** Auto Build of configuration Debug for project 1mezz_uart_hw3 ****
make pre-build main-build 
a9-linaro-pre-build-step
' '
'Building file: ../src/main.c'
'Invoking: ARM v7 gcc compiler'
arm-none-eabi-gcc -Wall -O0 -g3 -c -fmessage-length=0 -MT"src/main.o" -mcpu=cortex-a9 -mfpu=vfpv3 -mfloat-abi=hard -I../../1mezz_uart_hw3_bsp/ps7_cortexa9_0/include -MMD -MP -MF"src/main.d" -MT"src/main.o" -o "src/main.o" "../src/main.c"
In file included from ../src/main.h:26:0,
                 from ../src/main.c:36:
../src/DRS4_driver.h:15:2: warning: #warning CHECK FOR the right DRS4 base address the one xparameters is wrong [-Wcpp]
 #warning CHECK FOR the right DRS4 base address the one xparameters is wrong
  ^~~~~~~
../src/main.c: In function 'main':
../src/main.c:68:6: warning: unused variable 'Status' [-Wunused-variable]
  int Status;
      ^~~~~~
../src/main.c: In function 'setup_system':
../src/main.c:137:2: warning: implicit declaration of function 'init_DACs'; did you mean 'setup_DACs'? [-Wimplicit-function-declaration]
  init_DACs();
  ^~~~~~~~~
  setup_DACs
../src/main.c:92:18: warning: unused variable 'Config' [-Wunused-variable]
  XUartPs_Config *Config;
                  ^~~~~~
../src/main.c: At top level:
../src/main.c:180:6: warning: conflicting types for 'init_DACs'
 void init_DACs()
      ^~~~~~~~~
../src/main.c:137:2: note: previous implicit declaration of 'init_DACs' was here
  init_DACs();
  ^~~~~~~~~
../src/main.c: In function 'setup_DACs':
../src/main.c:198:6: warning: unused variable 'state' [-Wunused-variable]
  u32 state;
      ^~~~~
'Finished building: ../src/main.c'
' '
'Building target: 1mezz_uart_hw3.elf'
'Invoking: ARM v7 gcc linker'
arm-none-eabi-gcc -mcpu=cortex-a9 -mfpu=vfpv3 -mfloat-abi=hard -Wl,-build-id=none -specs=Xilinx.spec -Wl,-T -Wl,../src/lscript.ld -L../../1mezz_uart_hw3_bsp/ps7_cortexa9_0/lib -o "1mezz_uart_hw3.elf"  ./src/ADC_driver.o ./src/DRS4_driver.o ./src/gpio_handler.o ./src/i2c_access.o ./src/main.o ./src/platform.o ./src/platform_mb.o ./src/platform_ppc.o   -Wl,--start-group,-lxil,-lgcc,-lc,--end-group
'Finished building target: 1mezz_uart_hw3.elf'
' '
'Invoking: ARM v7 Print Size'
arm-none-eabi-size 1mezz_uart_hw3.elf  |tee "1mezz_uart_hw3.elf.size"
   text	   data	    bss	    dec	    hex	filename
  28424	   1288	  28888	  58600	   e4e8	1mezz_uart_hw3.elf
'Finished building: 1mezz_uart_hw3.elf.size'
' '
15:47:17 **** Auto Build of configuration Debug for project 1mezz_uart_hw3 ****
make pre-build main-build 
a9-linaro-pre-build-step
' '
make: No se hace nada para `main-build'.
15:50:17 **** Incremental Build of configuration Debug for project 1mezz_uart_hw3 ****
make pre-build main-build 
a9-linaro-pre-build-step
' '
make: No se hace nada para `main-build'.
16:21:08 **** Incremental Build of configuration Debug for project 1mezz_uart_hw3 ****
make pre-build main-build 
a9-linaro-pre-build-step
' '
make: No se hace nada para `main-build'.
09:57:01 **** Incremental Build of configuration Debug for project 1mezz_uart_hw3 ****
make pre-build main-build 
a9-linaro-pre-build-step
' '
make: No se hace nada para `main-build'.
16:11:49 **** Auto Build of configuration Debug for project 1mezz_uart_hw3 ****
make pre-build main-build 
a9-linaro-pre-build-step
' '
'Building file: ../src/main.c'
'Invoking: ARM v7 gcc compiler'
arm-none-eabi-gcc -Wall -O0 -g3 -c -fmessage-length=0 -MT"src/main.o" -mcpu=cortex-a9 -mfpu=vfpv3 -mfloat-abi=hard -I../../1mezz_uart_hw3_bsp/ps7_cortexa9_0/include -MMD -MP -MF"src/main.d" -MT"src/main.o" -o "src/main.o" "../src/main.c"
In file included from ../src/main.h:26:0,
                 from ../src/main.c:36:
../src/DRS4_driver.h:15:2: warning: #warning CHECK FOR the right DRS4 base address the one xparameters is wrong [-Wcpp]
 #warning CHECK FOR the right DRS4 base address the one xparameters is wrong
  ^~~~~~~
../src/main.c: In function 'main':
../src/main.c:68:6: warning: unused variable 'Status' [-Wunused-variable]
  int Status;
      ^~~~~~
../src/main.c: In function 'setup_system':
../src/main.c:137:2: warning: implicit declaration of function 'init_DACs'; did you mean 'setup_DACs'? [-Wimplicit-function-declaration]
  init_DACs();
  ^~~~~~~~~
  setup_DACs
../src/main.c:92:18: warning: unused variable 'Config' [-Wunused-variable]
  XUartPs_Config *Config;
                  ^~~~~~
../src/main.c: At top level:
../src/main.c:184:6: warning: conflicting types for 'init_DACs'
 void init_DACs()
      ^~~~~~~~~
../src/main.c:137:2: note: previous implicit declaration of 'init_DACs' was here
  init_DACs();
  ^~~~~~~~~
../src/main.c: In function 'setup_DACs':
../src/main.c:202:6: warning: unused variable 'state' [-Wunused-variable]
  u32 state;
      ^~~~~
'Finished building: ../src/main.c'
' '
'Building target: 1mezz_uart_hw3.elf'
'Invoking: ARM v7 gcc linker'
arm-none-eabi-gcc -mcpu=cortex-a9 -mfpu=vfpv3 -mfloat-abi=hard -Wl,-build-id=none -specs=Xilinx.spec -Wl,-T -Wl,../src/lscript.ld -L../../1mezz_uart_hw3_bsp/ps7_cortexa9_0/lib -o "1mezz_uart_hw3.elf"  ./src/ADC_driver.o ./src/DRS4_driver.o ./src/gpio_handler.o ./src/i2c_access.o ./src/main.o ./src/platform.o ./src/platform_mb.o ./src/platform_ppc.o   -Wl,--start-group,-lxil,-lgcc,-lc,--end-group
'Finished building target: 1mezz_uart_hw3.elf'
' '
'Invoking: ARM v7 Print Size'
arm-none-eabi-size 1mezz_uart_hw3.elf  |tee "1mezz_uart_hw3.elf.size"
   text	   data	    bss	    dec	    hex	filename
  28424	   1288	  28888	  58600	   e4e8	1mezz_uart_hw3.elf
'Finished building: 1mezz_uart_hw3.elf.size'
' '
16:12:02 **** Incremental Build of configuration Debug for project 1mezz_uart_hw3 ****
make pre-build main-build 
a9-linaro-pre-build-step
' '
make: No se hace nada para `main-build'.
16:16:04 **** Incremental Build of configuration Debug for project 1mezz_uart_hw3 ****
make pre-build main-build 
a9-linaro-pre-build-step
' '
make: No se hace nada para `main-build'.
16:18:05 **** Auto Build of configuration Debug for project 1mezz_uart_hw3 ****
make pre-build main-build 
a9-linaro-pre-build-step
' '
'Building file: ../src/main.c'
'Invoking: ARM v7 gcc compiler'
arm-none-eabi-gcc -Wall -O0 -g3 -c -fmessage-length=0 -MT"src/main.o" -mcpu=cortex-a9 -mfpu=vfpv3 -mfloat-abi=hard -I../../1mezz_uart_hw3_bsp/ps7_cortexa9_0/include -MMD -MP -MF"src/main.d" -MT"src/main.o" -o "src/main.o" "../src/main.c"
In file included from ../src/main.h:26:0,
                 from ../src/main.c:36:
../src/DRS4_driver.h:15:2: warning: #warning CHECK FOR the right DRS4 base address the one xparameters is wrong [-Wcpp]
 #warning CHECK FOR the right DRS4 base address the one xparameters is wrong
  ^~~~~~~
../src/main.c: In function 'main':
../src/main.c:68:6: warning: unused variable 'Status' [-Wunused-variable]
  int Status;
      ^~~~~~
../src/main.c: In function 'setup_system':
../src/main.c:138:2: warning: implicit declaration of function 'init_DACs'; did you mean 'setup_DACs'? [-Wimplicit-function-declaration]
  init_DACs();
  ^~~~~~~~~
  setup_DACs
../src/main.c:92:18: warning: unused variable 'Config' [-Wunused-variable]
  XUartPs_Config *Config;
                  ^~~~~~
../src/main.c: At top level:
../src/main.c:185:6: warning: conflicting types for 'init_DACs'
 void init_DACs()
      ^~~~~~~~~
../src/main.c:138:2: note: previous implicit declaration of 'init_DACs' was here
  init_DACs();
  ^~~~~~~~~
../src/main.c: In function 'setup_DACs':
../src/main.c:203:6: warning: unused variable 'state' [-Wunused-variable]
  u32 state;
      ^~~~~
'Finished building: ../src/main.c'
' '
'Building target: 1mezz_uart_hw3.elf'
'Invoking: ARM v7 gcc linker'
arm-none-eabi-gcc -mcpu=cortex-a9 -mfpu=vfpv3 -mfloat-abi=hard -Wl,-build-id=none -specs=Xilinx.spec -Wl,-T -Wl,../src/lscript.ld -L../../1mezz_uart_hw3_bsp/ps7_cortexa9_0/lib -o "1mezz_uart_hw3.elf"  ./src/ADC_driver.o ./src/DRS4_driver.o ./src/gpio_handler.o ./src/i2c_access.o ./src/main.o ./src/platform.o ./src/platform_mb.o ./src/platform_ppc.o   -Wl,--start-group,-lxil,-lgcc,-lc,--end-group
'Finished building target: 1mezz_uart_hw3.elf'
' '
'Invoking: ARM v7 Print Size'
arm-none-eabi-size 1mezz_uart_hw3.elf  |tee "1mezz_uart_hw3.elf.size"
   text	   data	    bss	    dec	    hex	filename
  28488	   1288	  28888	  58664	   e528	1mezz_uart_hw3.elf
'Finished building: 1mezz_uart_hw3.elf.size'
' '
16:18:09 **** Incremental Build of configuration Debug for project 1mezz_uart_hw3 ****
make pre-build main-build 
a9-linaro-pre-build-step
' '
make: No se hace nada para `main-build'.
16:33:29 **** Build of project test_DAC_hw3_bsp ****
make -k all 
"Running Make include in ps7_cortexa9_0/libsrc/coresightps_dcc_v1_4/src"
make -C ps7_cortexa9_0/libsrc/coresightps_dcc_v1_4/src -s include  "SHELL=CMD" "COMPILER=arm-none-eabi-gcc" "ARCHIVER=arm-none-eabi-ar" "COMPILER_FLAGS=  -O2 -c" "EXTRA_COMPILER_FLAGS=-mcpu=cortex-a9 -mfpu=vfpv3 -mfloat-abi=hard -nostartfiles -g -Wall -Wextra"
"Running Make include in ps7_cortexa9_0/libsrc/cpu_cortexa9_v2_6/src"
make -C ps7_cortexa9_0/libsrc/cpu_cortexa9_v2_6/src -s include  "SHELL=CMD" "COMPILER=arm-none-eabi-gcc" "ARCHIVER=arm-none-eabi-ar" "COMPILER_FLAGS=  -O2 -c" "EXTRA_COMPILER_FLAGS=-mcpu=cortex-a9 -mfpu=vfpv3 -mfloat-abi=hard -nostartfiles -g -Wall -Wextra"
"Running Make include in ps7_cortexa9_0/libsrc/dac_i2c_v1_0/src"
make -C ps7_cortexa9_0/libsrc/dac_i2c_v1_0/src -s include  "SHELL=CMD" "COMPILER=arm-none-eabi-gcc" "ARCHIVER=arm-none-eabi-ar" "COMPILER_FLAGS=  -O2 -c" "EXTRA_COMPILER_FLAGS=-mcpu=cortex-a9 -mfpu=vfpv3 -mfloat-abi=hard -nostartfiles -g -Wall -Wextra"
"Running Make include in ps7_cortexa9_0/libsrc/ddrps_v1_0/src"
make -C ps7_cortexa9_0/libsrc/ddrps_v1_0/src -s include  "SHELL=CMD" "COMPILER=arm-none-eabi-gcc" "ARCHIVER=arm-none-eabi-ar" "COMPILER_FLAGS=  -O2 -c" "EXTRA_COMPILER_FLAGS=-mcpu=cortex-a9 -mfpu=vfpv3 -mfloat-abi=hard -nostartfiles -g -Wall -Wextra"
"Running Make include in ps7_cortexa9_0/libsrc/devcfg_v3_5/src"
make -C ps7_cortexa9_0/libsrc/devcfg_v3_5/src -s include  "SHELL=CMD" "COMPILER=arm-none-eabi-gcc" "ARCHIVER=arm-none-eabi-ar" "COMPILER_FLAGS=  -O2 -c" "EXTRA_COMPILER_FLAGS=-mcpu=cortex-a9 -mfpu=vfpv3 -mfloat-abi=hard -nostartfiles -g -Wall -Wextra"
"Running Make include in ps7_cortexa9_0/libsrc/dmaps_v2_3/src"
make -C ps7_cortexa9_0/libsrc/dmaps_v2_3/src -s include  "SHELL=CMD" "COMPILER=arm-none-eabi-gcc" "ARCHIVER=arm-none-eabi-ar" "COMPILER_FLAGS=  -O2 -c" "EXTRA_COMPILER_FLAGS=-mcpu=cortex-a9 -mfpu=vfpv3 -mfloat-abi=hard -nostartfiles -g -Wall -Wextra"
"Running Make include in ps7_cortexa9_0/libsrc/DRS4_firmware_v2_0/src"
make -C ps7_cortexa9_0/libsrc/DRS4_firmware_v2_0/src -s include  "SHELL=CMD" "COMPILER=arm-none-eabi-gcc" "ARCHIVER=arm-none-eabi-ar" "COMPILER_FLAGS=  -O2 -c" "EXTRA_COMPILER_FLAGS=-mcpu=cortex-a9 -mfpu=vfpv3 -mfloat-abi=hard -nostartfiles -g -Wall -Wextra"
"Running Make include in ps7_cortexa9_0/libsrc/emacps_v3_7/src"
make -C ps7_cortexa9_0/libsrc/emacps_v3_7/src -s include  "SHELL=CMD" "COMPILER=arm-none-eabi-gcc" "ARCHIVER=arm-none-eabi-ar" "COMPILER_FLAGS=  -O2 -c" "EXTRA_COMPILER_FLAGS=-mcpu=cortex-a9 -mfpu=vfpv3 -mfloat-abi=hard -nostartfiles -g -Wall -Wextra"
"Running Make include in ps7_cortexa9_0/libsrc/gpio_v4_3/src"
make -C ps7_cortexa9_0/libsrc/gpio_v4_3/src -s include  "SHELL=CMD" "COMPILER=arm-none-eabi-gcc" "ARCHIVER=arm-none-eabi-ar" "COMPILER_FLAGS=  -O2 -c" "EXTRA_COMPILER_FLAGS=-mcpu=cortex-a9 -mfpu=vfpv3 -mfloat-abi=hard -nostartfiles -g -Wall -Wextra"
"Running Make include in ps7_cortexa9_0/libsrc/gpiops_v3_3/src"
make -C ps7_cortexa9_0/libsrc/gpiops_v3_3/src -s include  "SHELL=CMD" "COMPILER=arm-none-eabi-gcc" "ARCHIVER=arm-none-eabi-ar" "COMPILER_FLAGS=  -O2 -c" "EXTRA_COMPILER_FLAGS=-mcpu=cortex-a9 -mfpu=vfpv3 -mfloat-abi=hard -nostartfiles -g -Wall -Wextra"
"Running Make include in ps7_cortexa9_0/libsrc/qspips_v3_4/src"
make -C ps7_cortexa9_0/libsrc/qspips_v3_4/src -s include  "SHELL=CMD" "COMPILER=arm-none-eabi-gcc" "ARCHIVER=arm-none-eabi-ar" "COMPILER_FLAGS=  -O2 -c" "EXTRA_COMPILER_FLAGS=-mcpu=cortex-a9 -mfpu=vfpv3 -mfloat-abi=hard -nostartfiles -g -Wall -Wextra"
"Running Make include in ps7_cortexa9_0/libsrc/scugic_v3_9/src"
make -C ps7_cortexa9_0/libsrc/scugic_v3_9/src -s include  "SHELL=CMD" "COMPILER=arm-none-eabi-gcc" "ARCHIVER=arm-none-eabi-ar" "COMPILER_FLAGS=  -O2 -c" "EXTRA_COMPILER_FLAGS=-mcpu=cortex-a9 -mfpu=vfpv3 -mfloat-abi=hard -nostartfiles -g -Wall -Wextra"
"Running Make include in ps7_cortexa9_0/libsrc/scutimer_v2_1/src"
make -C ps7_cortexa9_0/libsrc/scutimer_v2_1/src -s include  "SHELL=CMD" "COMPILER=arm-none-eabi-gcc" "ARCHIVER=arm-none-eabi-ar" "COMPILER_FLAGS=  -O2 -c" "EXTRA_COMPILER_FLAGS=-mcpu=cortex-a9 -mfpu=vfpv3 -mfloat-abi=hard -nostartfiles -g -Wall -Wextra"
"Running Make include in ps7_cortexa9_0/libsrc/scuwdt_v2_1/src"
make -C ps7_cortexa9_0/libsrc/scuwdt_v2_1/src -s include  "SHELL=CMD" "COMPILER=arm-none-eabi-gcc" "ARCHIVER=arm-none-eabi-ar" "COMPILER_FLAGS=  -O2 -c" "EXTRA_COMPILER_FLAGS=-mcpu=cortex-a9 -mfpu=vfpv3 -mfloat-abi=hard -nostartfiles -g -Wall -Wextra"
"Running Make include in ps7_cortexa9_0/libsrc/standalone_v6_7/src"
make -C ps7_cortexa9_0/libsrc/standalone_v6_7/src -s include  "SHELL=CMD" "COMPILER=arm-none-eabi-gcc" "ARCHIVER=arm-none-eabi-ar" "COMPILER_FLAGS=  -O2 -c" "EXTRA_COMPILER_FLAGS=-mcpu=cortex-a9 -mfpu=vfpv3 -mfloat-abi=hard -nostartfiles -g -Wall -Wextra"
"Running Make include in ps7_cortexa9_0/libsrc/uartps_v3_6/src"
make -C ps7_cortexa9_0/libsrc/uartps_v3_6/src -s include  "SHELL=CMD" "COMPILER=arm-none-eabi-gcc" "ARCHIVER=arm-none-eabi-ar" "COMPILER_FLAGS=  -O2 -c" "EXTRA_COMPILER_FLAGS=-mcpu=cortex-a9 -mfpu=vfpv3 -mfloat-abi=hard -nostartfiles -g -Wall -Wextra"
"Running Make include in ps7_cortexa9_0/libsrc/xadcps_v2_2/src"
make -C ps7_cortexa9_0/libsrc/xadcps_v2_2/src -s include  "SHELL=CMD" "COMPILER=arm-none-eabi-gcc" "ARCHIVER=arm-none-eabi-ar" "COMPILER_FLAGS=  -O2 -c" "EXTRA_COMPILER_FLAGS=-mcpu=cortex-a9 -mfpu=vfpv3 -mfloat-abi=hard -nostartfiles -g -Wall -Wextra"
"Running Make libs in ps7_cortexa9_0/libsrc/coresightps_dcc_v1_4/src"
make -C ps7_cortexa9_0/libsrc/coresightps_dcc_v1_4/src -s libs  "SHELL=CMD" "COMPILER=arm-none-eabi-gcc" "ARCHIVER=arm-none-eabi-ar" "COMPILER_FLAGS=  -O2 -c" "EXTRA_COMPILER_FLAGS=-mcpu=cortex-a9 -mfpu=vfpv3 -mfloat-abi=hard -nostartfiles -g -Wall -Wextra"
"Compiling coresightps_dcc"
arm-none-eabi-ar: creating ../../../lib/libxil.a
"Running Make libs in ps7_cortexa9_0/libsrc/cpu_cortexa9_v2_6/src"
make -C ps7_cortexa9_0/libsrc/cpu_cortexa9_v2_6/src -s libs  "SHELL=CMD" "COMPILER=arm-none-eabi-gcc" "ARCHIVER=arm-none-eabi-ar" "COMPILER_FLAGS=  -O2 -c" "EXTRA_COMPILER_FLAGS=-mcpu=cortex-a9 -mfpu=vfpv3 -mfloat-abi=hard -nostartfiles -g -Wall -Wextra"
"Compiling cpu_cortexa9"
"Running Make libs in ps7_cortexa9_0/libsrc/dac_i2c_v1_0/src"
make -C ps7_cortexa9_0/libsrc/dac_i2c_v1_0/src -s libs  "SHELL=CMD" "COMPILER=arm-none-eabi-gcc" "ARCHIVER=arm-none-eabi-ar" "COMPILER_FLAGS=  -O2 -c" "EXTRA_COMPILER_FLAGS=-mcpu=cortex-a9 -mfpu=vfpv3 -mfloat-abi=hard -nostartfiles -g -Wall -Wextra"
"Compiling dac_i2c..."
dac_i2c_selftest.c: In function 'DAC_I2C_Reg_SelfTest':
dac_i2c_selftest.c:52:56: warning: comparison between signed and unsigned integer expressions [-Wsign-compare]
    if ( DAC_I2C_mReadReg (baseaddr, read_loop_index*4) != (read_loop_index+1)*READ_WRITE_MUL_FACTOR){
                                                        ^~
dac_i2c_selftest.c:36:6: warning: unused variable 'Index' [-Wunused-variable]
  int Index;
      ^~~~~
"Running Make libs in ps7_cortexa9_0/libsrc/ddrps_v1_0/src"
make -C ps7_cortexa9_0/libsrc/ddrps_v1_0/src -s libs  "SHELL=CMD" "COMPILER=arm-none-eabi-gcc" "ARCHIVER=arm-none-eabi-ar" "COMPILER_FLAGS=  -O2 -c" "EXTRA_COMPILER_FLAGS=-mcpu=cortex-a9 -mfpu=vfpv3 -mfloat-abi=hard -nostartfiles -g -Wall -Wextra"
"Compiling ddrps"
"Running Make libs in ps7_cortexa9_0/libsrc/devcfg_v3_5/src"
make -C ps7_cortexa9_0/libsrc/devcfg_v3_5/src -s libs  "SHELL=CMD" "COMPILER=arm-none-eabi-gcc" "ARCHIVER=arm-none-eabi-ar" "COMPILER_FLAGS=  -O2 -c" "EXTRA_COMPILER_FLAGS=-mcpu=cortex-a9 -mfpu=vfpv3 -mfloat-abi=hard -nostartfiles -g -Wall -Wextra"
"Compiling devcfg"
"Running Make libs in ps7_cortexa9_0/libsrc/dmaps_v2_3/src"
make -C ps7_cortexa9_0/libsrc/dmaps_v2_3/src -s libs  "SHELL=CMD" "COMPILER=arm-none-eabi-gcc" "ARCHIVER=arm-none-eabi-ar" "COMPILER_FLAGS=  -O2 -c" "EXTRA_COMPILER_FLAGS=-mcpu=cortex-a9 -mfpu=vfpv3 -mfloat-abi=hard -nostartfiles -g -Wall -Wextra"
"Compiling dmaps"
"Running Make libs in ps7_cortexa9_0/libsrc/DRS4_firmware_v2_0/src"
make -C ps7_cortexa9_0/libsrc/DRS4_firmware_v2_0/src -s libs  "SHELL=CMD" "COMPILER=arm-none-eabi-gcc" "ARCHIVER=arm-none-eabi-ar" "COMPILER_FLAGS=  -O2 -c" "EXTRA_COMPILER_FLAGS=-mcpu=cortex-a9 -mfpu=vfpv3 -mfloat-abi=hard -nostartfiles -g -Wall -Wextra"
"Compiling DRS4_firmware..."
DRS4_firmware_selftest.c: In function 'DRS4_FIRMWARE_Reg_SelfTest':
DRS4_firmware_selftest.c:52:62: warning: comparison between signed and unsigned integer expressions [-Wsign-compare]
    if ( DRS4_FIRMWARE_mReadReg (baseaddr, read_loop_index*4) != (read_loop_index+1)*READ_WRITE_MUL_FACTOR){
                                                              ^~
DRS4_firmware_selftest.c:36:6: warning: unused variable 'Index' [-Wunused-variable]
  int Index;
      ^~~~~
"Running Make libs in ps7_cortexa9_0/libsrc/emacps_v3_7/src"
make -C ps7_cortexa9_0/libsrc/emacps_v3_7/src -s libs  "SHELL=CMD" "COMPILER=arm-none-eabi-gcc" "ARCHIVER=arm-none-eabi-ar" "COMPILER_FLAGS=  -O2 -c" "EXTRA_COMPILER_FLAGS=-mcpu=cortex-a9 -mfpu=vfpv3 -mfloat-abi=hard -nostartfiles -g -Wall -Wextra"
"Compiling emacps"
"Running Make libs in ps7_cortexa9_0/libsrc/gpio_v4_3/src"
make -C ps7_cortexa9_0/libsrc/gpio_v4_3/src -s libs  "SHELL=CMD" "COMPILER=arm-none-eabi-gcc" "ARCHIVER=arm-none-eabi-ar" "COMPILER_FLAGS=  -O2 -c" "EXTRA_COMPILER_FLAGS=-mcpu=cortex-a9 -mfpu=vfpv3 -mfloat-abi=hard -nostartfiles -g -Wall -Wextra"
"Compiling gpio"
"Running Make libs in ps7_cortexa9_0/libsrc/gpiops_v3_3/src"
make -C ps7_cortexa9_0/libsrc/gpiops_v3_3/src -s libs  "SHELL=CMD" "COMPILER=arm-none-eabi-gcc" "ARCHIVER=arm-none-eabi-ar" "COMPILER_FLAGS=  -O2 -c" "EXTRA_COMPILER_FLAGS=-mcpu=cortex-a9 -mfpu=vfpv3 -mfloat-abi=hard -nostartfiles -g -Wall -Wextra"
"Compiling gpiops"
"Running Make libs in ps7_cortexa9_0/libsrc/qspips_v3_4/src"
make -C ps7_cortexa9_0/libsrc/qspips_v3_4/src -s libs  "SHELL=CMD" "COMPILER=arm-none-eabi-gcc" "ARCHIVER=arm-none-eabi-ar" "COMPILER_FLAGS=  -O2 -c" "EXTRA_COMPILER_FLAGS=-mcpu=cortex-a9 -mfpu=vfpv3 -mfloat-abi=hard -nostartfiles -g -Wall -Wextra"
"Compiling qspips"
"Running Make libs in ps7_cortexa9_0/libsrc/scugic_v3_9/src"
make -C ps7_cortexa9_0/libsrc/scugic_v3_9/src -s libs  "SHELL=CMD" "COMPILER=arm-none-eabi-gcc" "ARCHIVER=arm-none-eabi-ar" "COMPILER_FLAGS=  -O2 -c" "EXTRA_COMPILER_FLAGS=-mcpu=cortex-a9 -mfpu=vfpv3 -mfloat-abi=hard -nostartfiles -g -Wall -Wextra"
"Compiling scugic"
"Running Make libs in ps7_cortexa9_0/libsrc/scutimer_v2_1/src"
make -C ps7_cortexa9_0/libsrc/scutimer_v2_1/src -s libs  "SHELL=CMD" "COMPILER=arm-none-eabi-gcc" "ARCHIVER=arm-none-eabi-ar" "COMPILER_FLAGS=  -O2 -c" "EXTRA_COMPILER_FLAGS=-mcpu=cortex-a9 -mfpu=vfpv3 -mfloat-abi=hard -nostartfiles -g -Wall -Wextra"
"Compiling scutimer"
"Running Make libs in ps7_cortexa9_0/libsrc/scuwdt_v2_1/src"
make -C ps7_cortexa9_0/libsrc/scuwdt_v2_1/src -s libs  "SHELL=CMD" "COMPILER=arm-none-eabi-gcc" "ARCHIVER=arm-none-eabi-ar" "COMPILER_FLAGS=  -O2 -c" "EXTRA_COMPILER_FLAGS=-mcpu=cortex-a9 -mfpu=vfpv3 -mfloat-abi=hard -nostartfiles -g -Wall -Wextra"
"Compiling scuwdt"
"Running Make libs in ps7_cortexa9_0/libsrc/standalone_v6_7/src"
make -C ps7_cortexa9_0/libsrc/standalone_v6_7/src -s libs  "SHELL=CMD" "COMPILER=arm-none-eabi-gcc" "ARCHIVER=arm-none-eabi-ar" "COMPILER_FLAGS=  -O2 -c" "EXTRA_COMPILER_FLAGS=-mcpu=cortex-a9 -mfpu=vfpv3 -mfloat-abi=hard -nostartfiles -g -Wall -Wextra"
"Compiling standalone"
In file included from sleep.c:57:0:
xtime_l.h:89:9: note: #pragma message: For the sleep routines, Global timer is being used
 #pragma message ("For the sleep routines, Global timer is being used")
         ^~~~~~~
In file included from usleep.c:60:0:
xtime_l.h:89:9: note: #pragma message: For the sleep routines, Global timer is being used
 #pragma message ("For the sleep routines, Global timer is being used")
         ^~~~~~~
In file included from xil_sleeptimer.c:55:0:
xtime_l.h:89:9: note: #pragma message: For the sleep routines, Global timer is being used
 #pragma message ("For the sleep routines, Global timer is being used")
         ^~~~~~~
In file included from xtime_l.c:53:0:
xtime_l.h:89:9: note: #pragma message: For the sleep routines, Global timer is being used
 #pragma message ("For the sleep routines, Global timer is being used")
         ^~~~~~~
"Running Make libs in ps7_cortexa9_0/libsrc/uartps_v3_6/src"
make -C ps7_cortexa9_0/libsrc/uartps_v3_6/src -s libs  "SHELL=CMD" "COMPILER=arm-none-eabi-gcc" "ARCHIVER=arm-none-eabi-ar" "COMPILER_FLAGS=  -O2 -c" "EXTRA_COMPILER_FLAGS=-mcpu=cortex-a9 -mfpu=vfpv3 -mfloat-abi=hard -nostartfiles -g -Wall -Wextra"
"Compiling uartps"
"Running Make libs in ps7_cortexa9_0/libsrc/xadcps_v2_2/src"
make -C ps7_cortexa9_0/libsrc/xadcps_v2_2/src -s libs  "SHELL=CMD" "COMPILER=arm-none-eabi-gcc" "ARCHIVER=arm-none-eabi-ar" "COMPILER_FLAGS=  -O2 -c" "EXTRA_COMPILER_FLAGS=-mcpu=cortex-a9 -mfpu=vfpv3 -mfloat-abi=hard -nostartfiles -g -Wall -Wextra"
"Compiling xadcps"
'Finished building libraries'
16:33:45 **** Build of configuration Debug for project test_DAC_hw3 ****
make pre-build main-build 
a9-linaro-pre-build-step
' '
'Building file: ../src/helloworld.c'
'Invoking: ARM v7 gcc compiler'
arm-none-eabi-gcc -Wall -O0 -g3 -c -fmessage-length=0 -MT"src/helloworld.o" -mcpu=cortex-a9 -mfpu=vfpv3 -mfloat-abi=hard -I../../test_DAC_hw3_bsp/ps7_cortexa9_0/include -MMD -MP -MF"src/helloworld.d" -MT"src/helloworld.o" -o "src/helloworld.o" "../src/helloworld.c"
'Finished building: ../src/helloworld.c'
' '
'Building file: ../src/platform.c'
'Invoking: ARM v7 gcc compiler'
arm-none-eabi-gcc -Wall -O0 -g3 -c -fmessage-length=0 -MT"src/platform.o" -mcpu=cortex-a9 -mfpu=vfpv3 -mfloat-abi=hard -I../../test_DAC_hw3_bsp/ps7_cortexa9_0/include -MMD -MP -MF"src/platform.d" -MT"src/platform.o" -o "src/platform.o" "../src/platform.c"
'Finished building: ../src/platform.c'
' '
'Building target: test_DAC_hw3.elf'
'Invoking: ARM v7 gcc linker'
arm-none-eabi-gcc -mcpu=cortex-a9 -mfpu=vfpv3 -mfloat-abi=hard -Wl,-build-id=none -specs=Xilinx.spec -Wl,-T -Wl,../src/lscript.ld -L../../test_DAC_hw3_bsp/ps7_cortexa9_0/lib -o "test_DAC_hw3.elf"  ./src/helloworld.o ./src/platform.o   -Wl,--start-group,-lxil,-lgcc,-lc,--end-group
'Finished building target: test_DAC_hw3.elf'
' '
'Invoking: ARM v7 Print Size'
arm-none-eabi-size test_DAC_hw3.elf  |tee "test_DAC_hw3.elf.size"
   text	   data	    bss	    dec	    hex	filename
  19348	   1144	  22568	  43060	   a834	test_DAC_hw3.elf
'Finished building: test_DAC_hw3.elf.size'
' '
16:33:48 **** Auto Build of configuration Debug for project test_DAC_hw3 ****
make pre-build main-build 
a9-linaro-pre-build-step
' '
'Building file: ../src/ADC_driver.c'
'Invoking: ARM v7 gcc compiler'
arm-none-eabi-gcc -Wall -O0 -g3 -c -fmessage-length=0 -MT"src/ADC_driver.o" -mcpu=cortex-a9 -mfpu=vfpv3 -mfloat-abi=hard -I../../test_DAC_hw3_bsp/ps7_cortexa9_0/include -MMD -MP -MF"src/ADC_driver.d" -MT"src/ADC_driver.o" -o "src/ADC_driver.o" "../src/ADC_driver.c"
'Finished building: ../src/ADC_driver.c'
' '
'Building file: ../src/DRS4_driver.c'
'Invoking: ARM v7 gcc compiler'
arm-none-eabi-gcc -Wall -O0 -g3 -c -fmessage-length=0 -MT"src/DRS4_driver.o" -mcpu=cortex-a9 -mfpu=vfpv3 -mfloat-abi=hard -I../../test_DAC_hw3_bsp/ps7_cortexa9_0/include -MMD -MP -MF"src/DRS4_driver.d" -MT"src/DRS4_driver.o" -o "src/DRS4_driver.o" "../src/DRS4_driver.c"
In file included from ../src/DRS4_driver.c:8:0:
../src/DRS4_driver.h:15:2: warning: #warning CHECK FOR the right DRS4 base address the one xparameters is wrong [-Wcpp]
 #warning CHECK FOR the right DRS4 base address the one xparameters is wrong
  ^~~~~~~
'Finished building: ../src/DRS4_driver.c'
' '
'Building file: ../src/gpio_handler.c'
'Invoking: ARM v7 gcc compiler'
arm-none-eabi-gcc -Wall -O0 -g3 -c -fmessage-length=0 -MT"src/gpio_handler.o" -mcpu=cortex-a9 -mfpu=vfpv3 -mfloat-abi=hard -I../../test_DAC_hw3_bsp/ps7_cortexa9_0/include -MMD -MP -MF"src/gpio_handler.d" -MT"src/gpio_handler.o" -o "src/gpio_handler.o" "../src/gpio_handler.c"
'Finished building: ../src/gpio_handler.c'
' '
'Building file: ../src/helloworld.c'
'Invoking: ARM v7 gcc compiler'
arm-none-eabi-gcc -Wall -O0 -g3 -c -fmessage-length=0 -MT"src/helloworld.o" -mcpu=cortex-a9 -mfpu=vfpv3 -mfloat-abi=hard -I../../test_DAC_hw3_bsp/ps7_cortexa9_0/include -MMD -MP -MF"src/helloworld.d" -MT"src/helloworld.o" -o "src/helloworld.o" "../src/helloworld.c"
'Finished building: ../src/helloworld.c'
' '
'Building file: ../src/i2c_access.c'
'Invoking: ARM v7 gcc compiler'
arm-none-eabi-gcc -Wall -O0 -g3 -c -fmessage-length=0 -MT"src/i2c_access.o" -mcpu=cortex-a9 -mfpu=vfpv3 -mfloat-abi=hard -I../../test_DAC_hw3_bsp/ps7_cortexa9_0/include -MMD -MP -MF"src/i2c_access.d" -MT"src/i2c_access.o" -o "src/i2c_access.o" "../src/i2c_access.c"
'Finished building: ../src/i2c_access.c'
' '
'Building file: ../src/main.c'
'Invoking: ARM v7 gcc compiler'
arm-none-eabi-gcc -Wall -O0 -g3 -c -fmessage-length=0 -MT"src/main.o" -mcpu=cortex-a9 -mfpu=vfpv3 -mfloat-abi=hard -I../../test_DAC_hw3_bsp/ps7_cortexa9_0/include -MMD -MP -MF"src/main.d" -MT"src/main.o" -o "src/main.o" "../src/main.c"
In file included from ../src/main.h:26:0,
                 from ../src/main.c:36:
../src/DRS4_driver.h:15:2: warning: #warning CHECK FOR the right DRS4 base address the one xparameters is wrong [-Wcpp]
 #warning CHECK FOR the right DRS4 base address the one xparameters is wrong
  ^~~~~~~
../src/main.c: In function 'main':
../src/main.c:68:6: warning: unused variable 'Status' [-Wunused-variable]
  int Status;
      ^~~~~~
../src/main.c: In function 'setup_system':
../src/main.c:138:2: warning: implicit declaration of function 'init_DACs'; did you mean 'setup_DACs'? [-Wimplicit-function-declaration]
  init_DACs();
  ^~~~~~~~~
  setup_DACs
../src/main.c:92:18: warning: unused variable 'Config' [-Wunused-variable]
  XUartPs_Config *Config;
                  ^~~~~~
../src/main.c: At top level:
../src/main.c:185:6: warning: conflicting types for 'init_DACs'
 void init_DACs()
      ^~~~~~~~~
../src/main.c:138:2: note: previous implicit declaration of 'init_DACs' was here
  init_DACs();
  ^~~~~~~~~
../src/main.c: In function 'setup_DACs':
../src/main.c:203:6: warning: unused variable 'state' [-Wunused-variable]
  u32 state;
      ^~~~~
'Finished building: ../src/main.c'
' '
'Building file: ../src/platform.c'
'Invoking: ARM v7 gcc compiler'
arm-none-eabi-gcc -Wall -O0 -g3 -c -fmessage-length=0 -MT"src/platform.o" -mcpu=cortex-a9 -mfpu=vfpv3 -mfloat-abi=hard -I../../test_DAC_hw3_bsp/ps7_cortexa9_0/include -MMD -MP -MF"src/platform.d" -MT"src/platform.o" -o "src/platform.o" "../src/platform.c"
'Finished building: ../src/platform.c'
' '
'Building file: ../src/platform_mb.c'
'Invoking: ARM v7 gcc compiler'
arm-none-eabi-gcc -Wall -O0 -g3 -c -fmessage-length=0 -MT"src/platform_mb.o" -mcpu=cortex-a9 -mfpu=vfpv3 -mfloat-abi=hard -I../../test_DAC_hw3_bsp/ps7_cortexa9_0/include -MMD -MP -MF"src/platform_mb.d" -MT"src/platform_mb.o" -o "src/platform_mb.o" "../src/platform_mb.c"
'Finished building: ../src/platform_mb.c'
' '
'Building file: ../src/platform_ppc.c'
'Invoking: ARM v7 gcc compiler'
[...]
a9-linaro-pre-build-step
' '
'Building file: ../src/ADC_driver.c'
'Invoking: ARM v7 gcc compiler'
arm-none-eabi-gcc -Wall -O0 -g3 -c -fmessage-length=0 -MT"src/ADC_driver.o" -mcpu=cortex-a9 -mfpu=vfpv3 -mfloat-abi=hard -I../../1mezz_uart_hw3_bsp/ps7_cortexa9_0/include -MMD -MP -MF"src/ADC_driver.d" -MT"src/ADC_driver.o" -o "src/ADC_driver.o" "../src/ADC_driver.c"
'Finished building: ../src/ADC_driver.c'
' '
'Building file: ../src/DRS4_driver.c'
'Invoking: ARM v7 gcc compiler'
arm-none-eabi-gcc -Wall -O0 -g3 -c -fmessage-length=0 -MT"src/DRS4_driver.o" -mcpu=cortex-a9 -mfpu=vfpv3 -mfloat-abi=hard -I../../1mezz_uart_hw3_bsp/ps7_cortexa9_0/include -MMD -MP -MF"src/DRS4_driver.d" -MT"src/DRS4_driver.o" -o "src/DRS4_driver.o" "../src/DRS4_driver.c"
In file included from ../src/DRS4_driver.c:8:0:
../src/DRS4_driver.h:15:2: warning: #warning CHECK FOR the right DRS4 base address the one xparameters is wrong [-Wcpp]
 #warning CHECK FOR the right DRS4 base address the one xparameters is wrong
  ^~~~~~~
'Finished building: ../src/DRS4_driver.c'
' '
'Building file: ../src/gpio_handler.c'
'Invoking: ARM v7 gcc compiler'
arm-none-eabi-gcc -Wall -O0 -g3 -c -fmessage-length=0 -MT"src/gpio_handler.o" -mcpu=cortex-a9 -mfpu=vfpv3 -mfloat-abi=hard -I../../1mezz_uart_hw3_bsp/ps7_cortexa9_0/include -MMD -MP -MF"src/gpio_handler.d" -MT"src/gpio_handler.o" -o "src/gpio_handler.o" "../src/gpio_handler.c"
'Finished building: ../src/gpio_handler.c'
' '
'Building file: ../src/i2c_access.c'
'Invoking: ARM v7 gcc compiler'
arm-none-eabi-gcc -Wall -O0 -g3 -c -fmessage-length=0 -MT"src/i2c_access.o" -mcpu=cortex-a9 -mfpu=vfpv3 -mfloat-abi=hard -I../../1mezz_uart_hw3_bsp/ps7_cortexa9_0/include -MMD -MP -MF"src/i2c_access.d" -MT"src/i2c_access.o" -o "src/i2c_access.o" "../src/i2c_access.c"
'Finished building: ../src/i2c_access.c'
' '
'Building file: ../src/main.c'
'Invoking: ARM v7 gcc compiler'
arm-none-eabi-gcc -Wall -O0 -g3 -c -fmessage-length=0 -MT"src/main.o" -mcpu=cortex-a9 -mfpu=vfpv3 -mfloat-abi=hard -I../../1mezz_uart_hw3_bsp/ps7_cortexa9_0/include -MMD -MP -MF"src/main.d" -MT"src/main.o" -o "src/main.o" "../src/main.c"
In file included from ../src/main.h:26:0,
                 from ../src/main.c:36:
../src/DRS4_driver.h:15:2: warning: #warning CHECK FOR the right DRS4 base address the one xparameters is wrong [-Wcpp]
 #warning CHECK FOR the right DRS4 base address the one xparameters is wrong
  ^~~~~~~
../src/main.c: In function 'setup_system':
../src/main.c:139:2: warning: implicit declaration of function 'init_DACs'; did you mean 'setup_DACs'? [-Wimplicit-function-declaration]
  init_DACs();
  ^~~~~~~~~
  setup_DACs
../src/main.c:93:18: warning: unused variable 'Config' [-Wunused-variable]
  XUartPs_Config *Config;
                  ^~~~~~
../src/main.c: At top level:
../src/main.c:186:6: warning: conflicting types for 'init_DACs'
 void init_DACs()
      ^~~~~~~~~
../src/main.c:139:2: note: previous implicit declaration of 'init_DACs' was here
  init_DACs();
  ^~~~~~~~~
../src/main.c: In function 'setup_DACs':
../src/main.c:204:6: warning: unused variable 'state' [-Wunused-variable]
  u32 state;
      ^~~~~
'Finished building: ../src/main.c'
' '
'Building target: 1mezz_uart_hw3.elf'
'Invoking: ARM v7 gcc linker'
arm-none-eabi-gcc -mcpu=cortex-a9 -mfpu=vfpv3 -mfloat-abi=hard -Wl,-build-id=none -specs=Xilinx.spec -Wl,-T -Wl,../src/lscript.ld -L../../1mezz_uart_hw3_bsp/ps7_cortexa9_0/lib -o "1mezz_uart_hw3.elf"  ./src/ADC_driver.o ./src/DRS4_driver.o ./src/gpio_handler.o ./src/i2c_access.o ./src/main.o ./src/platform.o ./src/platform_mb.o ./src/platform_ppc.o   -Wl,--start-group,-lxil,-lgcc,-lc,--end-group
'Finished building target: 1mezz_uart_hw3.elf'
' '
'Invoking: ARM v7 Print Size'
arm-none-eabi-size 1mezz_uart_hw3.elf  |tee "1mezz_uart_hw3.elf.size"
   text	   data	    bss	    dec	    hex	filename
  28576	   1288	  28888	  58752	   e580	1mezz_uart_hw3.elf
'Finished building: 1mezz_uart_hw3.elf.size'
' '
16:39:28 **** Incremental Build of configuration Debug for project 1mezz_uart_hw3 ****
make pre-build main-build 
a9-linaro-pre-build-step
' '
make: Nothing to be done for `main-build'.
16:40:32 **** Incremental Build of configuration Debug for project 1mezz_uart_hw3 ****
make pre-build main-build 
a9-linaro-pre-build-step
' '
make: Nothing to be done for `main-build'.
16:51:13 **** Incremental Build of configuration Debug for project 1mezz_uart_hw3 ****
make pre-build main-build 
a9-linaro-pre-build-step
' '
make: Nothing to be done for `main-build'.
16:53:09 **** Incremental Build of configuration Debug for project 1mezz_uart_hw3 ****
make pre-build main-build 
a9-linaro-pre-build-step
' '
make: Nothing to be done for `main-build'.
17:00:47 **** Incremental Build of configuration Debug for project 1mezz_uart_hw3 ****
make pre-build main-build 
a9-linaro-pre-build-step
' '
make: Nothing to be done for `main-build'.
19:26:11 **** Incremental Build of configuration Debug for project 1mezz_uart_hw3 ****
make pre-build main-build 
a9-linaro-pre-build-step
' '
make: Nothing to be done for `main-build'.
17:47:33 **** Auto Build of configuration Debug for project 1mezz_uart_hw3 ****
make pre-build main-build 
a9-linaro-pre-build-step
' '
make: Nothing to be done for `main-build'.
17:47:36 **** Auto Build of project empty_bsp ****
make -k all 
"Running Make include in ps7_cortexa9_0/libsrc/coresightps_dcc_v1_4/src"
make -C ps7_cortexa9_0/libsrc/coresightps_dcc_v1_4/src -s include  "SHELL=CMD" "COMPILER=arm-none-eabi-gcc" "ARCHIVER=arm-none-eabi-ar" "COMPILER_FLAGS=  -O2 -c" "EXTRA_COMPILER_FLAGS=-mcpu=cortex-a9 -mfpu=vfpv3 -mfloat-abi=hard -nostartfiles -g -Wall -Wextra"
"Running Make include in ps7_cortexa9_0/libsrc/cpu_cortexa9_v2_6/src"
make -C ps7_cortexa9_0/libsrc/cpu_cortexa9_v2_6/src -s include  "SHELL=CMD" "COMPILER=arm-none-eabi-gcc" "ARCHIVER=arm-none-eabi-ar" "COMPILER_FLAGS=  -O2 -c" "EXTRA_COMPILER_FLAGS=-mcpu=cortex-a9 -mfpu=vfpv3 -mfloat-abi=hard -nostartfiles -g -Wall -Wextra"
"Running Make include in ps7_cortexa9_0/libsrc/dac_i2c_v1_0/src"
make -C ps7_cortexa9_0/libsrc/dac_i2c_v1_0/src -s include  "SHELL=CMD" "COMPILER=arm-none-eabi-gcc" "ARCHIVER=arm-none-eabi-ar" "COMPILER_FLAGS=  -O2 -c" "EXTRA_COMPILER_FLAGS=-mcpu=cortex-a9 -mfpu=vfpv3 -mfloat-abi=hard -nostartfiles -g -Wall -Wextra"
"Running Make include in ps7_cortexa9_0/libsrc/ddrps_v1_0/src"
make -C ps7_cortexa9_0/libsrc/ddrps_v1_0/src -s include  "SHELL=CMD" "COMPILER=arm-none-eabi-gcc" "ARCHIVER=arm-none-eabi-ar" "COMPILER_FLAGS=  -O2 -c" "EXTRA_COMPILER_FLAGS=-mcpu=cortex-a9 -mfpu=vfpv3 -mfloat-abi=hard -nostartfiles -g -Wall -Wextra"
"Running Make include in ps7_cortexa9_0/libsrc/devcfg_v3_5/src"
make -C ps7_cortexa9_0/libsrc/devcfg_v3_5/src -s include  "SHELL=CMD" "COMPILER=arm-none-eabi-gcc" "ARCHIVER=arm-none-eabi-ar" "COMPILER_FLAGS=  -O2 -c" "EXTRA_COMPILER_FLAGS=-mcpu=cortex-a9 -mfpu=vfpv3 -mfloat-abi=hard -nostartfiles -g -Wall -Wextra"
"Running Make include in ps7_cortexa9_0/libsrc/dmaps_v2_3/src"
make -C ps7_cortexa9_0/libsrc/dmaps_v2_3/src -s include  "SHELL=CMD" "COMPILER=arm-none-eabi-gcc" "ARCHIVER=arm-none-eabi-ar" "COMPILER_FLAGS=  -O2 -c" "EXTRA_COMPILER_FLAGS=-mcpu=cortex-a9 -mfpu=vfpv3 -mfloat-abi=hard -nostartfiles -g -Wall -Wextra"
"Running Make include in ps7_cortexa9_0/libsrc/DRS4_firmware_v2_0/src"
make -C ps7_cortexa9_0/libsrc/DRS4_firmware_v2_0/src -s include  "SHELL=CMD" "COMPILER=arm-none-eabi-gcc" "ARCHIVER=arm-none-eabi-ar" "COMPILER_FLAGS=  -O2 -c" "EXTRA_COMPILER_FLAGS=-mcpu=cortex-a9 -mfpu=vfpv3 -mfloat-abi=hard -nostartfiles -g -Wall -Wextra"
"Running Make include in ps7_cortexa9_0/libsrc/emacps_v3_7/src"
make -C ps7_cortexa9_0/libsrc/emacps_v3_7/src -s include  "SHELL=CMD" "COMPILER=arm-none-eabi-gcc" "ARCHIVER=arm-none-eabi-ar" "COMPILER_FLAGS=  -O2 -c" "EXTRA_COMPILER_FLAGS=-mcpu=cortex-a9 -mfpu=vfpv3 -mfloat-abi=hard -nostartfiles -g -Wall -Wextra"
"Running Make include in ps7_cortexa9_0/libsrc/gpio_v4_3/src"
make -C ps7_cortexa9_0/libsrc/gpio_v4_3/src -s include  "SHELL=CMD" "COMPILER=arm-none-eabi-gcc" "ARCHIVER=arm-none-eabi-ar" "COMPILER_FLAGS=  -O2 -c" "EXTRA_COMPILER_FLAGS=-mcpu=cortex-a9 -mfpu=vfpv3 -mfloat-abi=hard -nostartfiles -g -Wall -Wextra"
"Running Make include in ps7_cortexa9_0/libsrc/gpiops_v3_3/src"
make -C ps7_cortexa9_0/libsrc/gpiops_v3_3/src -s include  "SHELL=CMD" "COMPILER=arm-none-eabi-gcc" "ARCHIVER=arm-none-eabi-ar" "COMPILER_FLAGS=  -O2 -c" "EXTRA_COMPILER_FLAGS=-mcpu=cortex-a9 -mfpu=vfpv3 -mfloat-abi=hard -nostartfiles -g -Wall -Wextra"
"Running Make include in ps7_cortexa9_0/libsrc/qspips_v3_4/src"
make -C ps7_cortexa9_0/libsrc/qspips_v3_4/src -s include  "SHELL=CMD" "COMPILER=arm-none-eabi-gcc" "ARCHIVER=arm-none-eabi-ar" "COMPILER_FLAGS=  -O2 -c" "EXTRA_COMPILER_FLAGS=-mcpu=cortex-a9 -mfpu=vfpv3 -mfloat-abi=hard -nostartfiles -g -Wall -Wextra"
"Running Make include in ps7_cortexa9_0/libsrc/scugic_v3_9/src"
make -C ps7_cortexa9_0/libsrc/scugic_v3_9/src -s include  "SHELL=CMD" "COMPILER=arm-none-eabi-gcc" "ARCHIVER=arm-none-eabi-ar" "COMPILER_FLAGS=  -O2 -c" "EXTRA_COMPILER_FLAGS=-mcpu=cortex-a9 -mfpu=vfpv3 -mfloat-abi=hard -nostartfiles -g -Wall -Wextra"
"Running Make include in ps7_cortexa9_0/libsrc/scutimer_v2_1/src"
make -C ps7_cortexa9_0/libsrc/scutimer_v2_1/src -s include  "SHELL=CMD" "COMPILER=arm-none-eabi-gcc" "ARCHIVER=arm-none-eabi-ar" "COMPILER_FLAGS=  -O2 -c" "EXTRA_COMPILER_FLAGS=-mcpu=cortex-a9 -mfpu=vfpv3 -mfloat-abi=hard -nostartfiles -g -Wall -Wextra"
"Running Make include in ps7_cortexa9_0/libsrc/scuwdt_v2_1/src"
make -C ps7_cortexa9_0/libsrc/scuwdt_v2_1/src -s include  "SHELL=CMD" "COMPILER=arm-none-eabi-gcc" "ARCHIVER=arm-none-eabi-ar" "COMPILER_FLAGS=  -O2 -c" "EXTRA_COMPILER_FLAGS=-mcpu=cortex-a9 -mfpu=vfpv3 -mfloat-abi=hard -nostartfiles -g -Wall -Wextra"
"Running Make include in ps7_cortexa9_0/libsrc/standalone_v6_7/src"
make -C ps7_cortexa9_0/libsrc/standalone_v6_7/src -s include  "SHELL=CMD" "COMPILER=arm-none-eabi-gcc" "ARCHIVER=arm-none-eabi-ar" "COMPILER_FLAGS=  -O2 -c" "EXTRA_COMPILER_FLAGS=-mcpu=cortex-a9 -mfpu=vfpv3 -mfloat-abi=hard -nostartfiles -g -Wall -Wextra"
"Running Make include in ps7_cortexa9_0/libsrc/uartps_v3_6/src"
make -C ps7_cortexa9_0/libsrc/uartps_v3_6/src -s include  "SHELL=CMD" "COMPILER=arm-none-eabi-gcc" "ARCHIVER=arm-none-eabi-ar" "COMPILER_FLAGS=  -O2 -c" "EXTRA_COMPILER_FLAGS=-mcpu=cortex-a9 -mfpu=vfpv3 -mfloat-abi=hard -nostartfiles -g -Wall -Wextra"
"Running Make include in ps7_cortexa9_0/libsrc/xadcps_v2_2/src"
make -C ps7_cortexa9_0/libsrc/xadcps_v2_2/src -s include  "SHELL=CMD" "COMPILER=arm-none-eabi-gcc" "ARCHIVER=arm-none-eabi-ar" "COMPILER_FLAGS=  -O2 -c" "EXTRA_COMPILER_FLAGS=-mcpu=cortex-a9 -mfpu=vfpv3 -mfloat-abi=hard -nostartfiles -g -Wall -Wextra"
"Running Make libs in ps7_cortexa9_0/libsrc/coresightps_dcc_v1_4/src"
make -C ps7_cortexa9_0/libsrc/coresightps_dcc_v1_4/src -s libs  "SHELL=CMD" "COMPILER=arm-none-eabi-gcc" "ARCHIVER=arm-none-eabi-ar" "COMPILER_FLAGS=  -O2 -c" "EXTRA_COMPILER_FLAGS=-mcpu=cortex-a9 -mfpu=vfpv3 -mfloat-abi=hard -nostartfiles -g -Wall -Wextra"
"Compiling coresightps_dcc"
"Running Make libs in ps7_cortexa9_0/libsrc/cpu_cortexa9_v2_6/src"
make -C ps7_cortexa9_0/libsrc/cpu_cortexa9_v2_6/src -s libs  "SHELL=CMD" "COMPILER=arm-none-eabi-gcc" "ARCHIVER=arm-none-eabi-ar" "COMPILER_FLAGS=  -O2 -c" "EXTRA_COMPILER_FLAGS=-mcpu=cortex-a9 -mfpu=vfpv3 -mfloat-abi=hard -nostartfiles -g -Wall -Wextra"
"Compiling cpu_cortexa9"
"Running Make libs in ps7_cortexa9_0/libsrc/dac_i2c_v1_0/src"
make -C ps7_cortexa9_0/libsrc/dac_i2c_v1_0/src -s libs  "SHELL=CMD" "COMPILER=arm-none-eabi-gcc" "ARCHIVER=arm-none-eabi-ar" "COMPILER_FLAGS=  -O2 -c" "EXTRA_COMPILER_FLAGS=-mcpu=cortex-a9 -mfpu=vfpv3 -mfloat-abi=hard -nostartfiles -g -Wall -Wextra"
"Compiling dac_i2c..."
dac_i2c_selftest.c: In function 'DAC_I2C_Reg_SelfTest':
dac_i2c_selftest.c:52:56: warning: comparison between signed and unsigned integer expressions [-Wsign-compare]
    if ( DAC_I2C_mReadReg (baseaddr, read_loop_index*4) != (read_loop_index+1)*READ_WRITE_MUL_FACTOR){
                                                        ^~
dac_i2c_selftest.c:36:6: warning: unused variable 'Index' [-Wunused-variable]
  int Index;
      ^~~~~
"Running Make libs in ps7_cortexa9_0/libsrc/ddrps_v1_0/src"
make -C ps7_cortexa9_0/libsrc/ddrps_v1_0/src -s libs  "SHELL=CMD" "COMPILER=arm-none-eabi-gcc" "ARCHIVER=arm-none-eabi-ar" "COMPILER_FLAGS=  -O2 -c" "EXTRA_COMPILER_FLAGS=-mcpu=cortex-a9 -mfpu=vfpv3 -mfloat-abi=hard -nostartfiles -g -Wall -Wextra"
"Compiling ddrps"
"Running Make libs in ps7_cortexa9_0/libsrc/devcfg_v3_5/src"
make -C ps7_cortexa9_0/libsrc/devcfg_v3_5/src -s libs  "SHELL=CMD" "COMPILER=arm-none-eabi-gcc" "ARCHIVER=arm-none-eabi-ar" "COMPILER_FLAGS=  -O2 -c" "EXTRA_COMPILER_FLAGS=-mcpu=cortex-a9 -mfpu=vfpv3 -mfloat-abi=hard -nostartfiles -g -Wall -Wextra"
"Compiling devcfg"
"Running Make libs in ps7_cortexa9_0/libsrc/dmaps_v2_3/src"
make -C ps7_cortexa9_0/libsrc/dmaps_v2_3/src -s libs  "SHELL=CMD" "COMPILER=arm-none-eabi-gcc" "ARCHIVER=arm-none-eabi-ar" "COMPILER_FLAGS=  -O2 -c" "EXTRA_COMPILER_FLAGS=-mcpu=cortex-a9 -mfpu=vfpv3 -mfloat-abi=hard -nostartfiles -g -Wall -Wextra"
"Compiling dmaps"
"Running Make libs in ps7_cortexa9_0/libsrc/DRS4_firmware_v2_0/src"
make -C ps7_cortexa9_0/libsrc/DRS4_firmware_v2_0/src -s libs  "SHELL=CMD" "COMPILER=arm-none-eabi-gcc" "ARCHIVER=arm-none-eabi-ar" "COMPILER_FLAGS=  -O2 -c" "EXTRA_COMPILER_FLAGS=-mcpu=cortex-a9 -mfpu=vfpv3 -mfloat-abi=hard -nostartfiles -g -Wall -Wextra"
"Compiling DRS4_firmware..."
DRS4_firmware_selftest.c: In function 'DRS4_FIRMWARE_Reg_SelfTest':
DRS4_firmware_selftest.c:52:62: warning: comparison between signed and unsigned integer expressions [-Wsign-compare]
    if ( DRS4_FIRMWARE_mReadReg (baseaddr, read_loop_index*4) != (read_loop_index+1)*READ_WRITE_MUL_FACTOR){
                                                              ^~
DRS4_firmware_selftest.c:36:6: warning: unused variable 'Index' [-Wunused-variable]
  int Index;
      ^~~~~
"Running Make libs in ps7_cortexa9_0/libsrc/emacps_v3_7/src"
make -C ps7_cortexa9_0/libsrc/emacps_v3_7/src -s libs  "SHELL=CMD" "COMPILER=arm-none-eabi-gcc" "ARCHIVER=arm-none-eabi-ar" "COMPILER_FLAGS=  -O2 -c" "EXTRA_COMPILER_FLAGS=-mcpu=cortex-a9 -mfpu=vfpv3 -mfloat-abi=hard -nostartfiles -g -Wall -Wextra"
"Compiling emacps"
"Running Make libs in ps7_cortexa9_0/libsrc/gpio_v4_3/src"
make -C ps7_cortexa9_0/libsrc/gpio_v4_3/src -s libs  "SHELL=CMD" "COMPILER=arm-none-eabi-gcc" "ARCHIVER=arm-none-eabi-ar" "COMPILER_FLAGS=  -O2 -c" "EXTRA_COMPILER_FLAGS=-mcpu=cortex-a9 -mfpu=vfpv3 -mfloat-abi=hard -nostartfiles -g -Wall -Wextra"
"Compiling gpio"
"Running Make libs in ps7_cortexa9_0/libsrc/gpiops_v3_3/src"
make -C ps7_cortexa9_0/libsrc/gpiops_v3_3/src -s libs  "SHELL=CMD" "COMPILER=arm-none-eabi-gcc" "ARCHIVER=arm-none-eabi-ar" "COMPILER_FLAGS=  -O2 -c" "EXTRA_COMPILER_FLAGS=-mcpu=cortex-a9 -mfpu=vfpv3 -mfloat-abi=hard -nostartfiles -g -Wall -Wextra"
"Compiling gpiops"
"Running Make libs in ps7_cortexa9_0/libsrc/qspips_v3_4/src"
make -C ps7_cortexa9_0/libsrc/qspips_v3_4/src -s libs  "SHELL=CMD" "COMPILER=arm-none-eabi-gcc" "ARCHIVER=arm-none-eabi-ar" "COMPILER_FLAGS=  -O2 -c" "EXTRA_COMPILER_FLAGS=-mcpu=cortex-a9 -mfpu=vfpv3 -mfloat-abi=hard -nostartfiles -g -Wall -Wextra"
"Compiling qspips"
"Running Make libs in ps7_cortexa9_0/libsrc/scugic_v3_9/src"
make -C ps7_cortexa9_0/libsrc/scugic_v3_9/src -s libs  "SHELL=CMD" "COMPILER=arm-none-eabi-gcc" "ARCHIVER=arm-none-eabi-ar" "COMPILER_FLAGS=  -O2 -c" "EXTRA_COMPILER_FLAGS=-mcpu=cortex-a9 -mfpu=vfpv3 -mfloat-abi=hard -nostartfiles -g -Wall -Wextra"
"Compiling scugic"
"Running Make libs in ps7_cortexa9_0/libsrc/scutimer_v2_1/src"
make -C ps7_cortexa9_0/libsrc/scutimer_v2_1/src -s libs  "SHELL=CMD" "COMPILER=arm-none-eabi-gcc" "ARCHIVER=arm-none-eabi-ar" "COMPILER_FLAGS=  -O2 -c" "EXTRA_COMPILER_FLAGS=-mcpu=cortex-a9 -mfpu=vfpv3 -mfloat-abi=hard -nostartfiles -g -Wall -Wextra"
"Compiling scutimer"
"Running Make libs in ps7_cortexa9_0/libsrc/scuwdt_v2_1/src"
make -C ps7_cortexa9_0/libsrc/scuwdt_v2_1/src -s libs  "SHELL=CMD" "COMPILER=arm-none-eabi-gcc" "ARCHIVER=arm-none-eabi-ar" "COMPILER_FLAGS=  -O2 -c" "EXTRA_COMPILER_FLAGS=-mcpu=cortex-a9 -mfpu=vfpv3 -mfloat-abi=hard -nostartfiles -g -Wall -Wextra"
"Compiling scuwdt"
"Running Make libs in ps7_cortexa9_0/libsrc/standalone_v6_7/src"
make -C ps7_cortexa9_0/libsrc/standalone_v6_7/src -s libs  "SHELL=CMD" "COMPILER=arm-none-eabi-gcc" "ARCHIVER=arm-none-eabi-ar" "COMPILER_FLAGS=  -O2 -c" "EXTRA_COMPILER_FLAGS=-mcpu=cortex-a9 -mfpu=vfpv3 -mfloat-abi=hard -nostartfiles -g -Wall -Wextra"
"Compiling standalone"
In file included from sleep.c:57:0:
xtime_l.h:89:9: note: #pragma message: For the sleep routines, Global timer is being used
 #pragma message ("For the sleep routines, Global timer is being used")
         ^~~~~~~
In file included from usleep.c:60:0:
xtime_l.h:89:9: note: #pragma message: For the sleep routines, Global timer is being used
 #pragma message ("For the sleep routines, Global timer is being used")
         ^~~~~~~
In file included from xil_sleeptimer.c:55:0:
xtime_l.h:89:9: note: #pragma message: For the sleep routines, Global timer is being used
 #pragma message ("For the sleep routines, Global timer is being used")
         ^~~~~~~
In file included from xtime_l.c:53:0:
xtime_l.h:89:9: note: #pragma message: For the sleep routines, Global timer is being used
 #pragma message ("For the sleep routines, Global timer is being used")
         ^~~~~~~
"Running Make libs in ps7_cortexa9_0/libsrc/uartps_v3_6/src"
make -C ps7_cortexa9_0/libsrc/uartps_v3_6/src -s libs  "SHELL=CMD" "COMPILER=arm-none-eabi-gcc" "ARCHIVER=arm-none-eabi-ar" "COMPILER_FLAGS=  -O2 -c" "EXTRA_COMPILER_FLAGS=-mcpu=cortex-a9 -mfpu=vfpv3 -mfloat-abi=hard -nostartfiles -g -Wall -Wextra"
"Compiling uartps"
"Running Make libs in ps7_cortexa9_0/libsrc/xadcps_v2_2/src"
make -C ps7_cortexa9_0/libsrc/xadcps_v2_2/src -s libs  "SHELL=CMD" "COMPILER=arm-none-eabi-gcc" "ARCHIVER=arm-none-eabi-ar" "COMPILER_FLAGS=  -O2 -c" "EXTRA_COMPILER_FLAGS=-mcpu=cortex-a9 -mfpu=vfpv3 -mfloat-abi=hard -nostartfiles -g -Wall -Wextra"
"Compiling xadcps"
'Finished building libraries'

****  of configuration Debug for project empty ****

Nothing to build for project empty
17:48:08 **** Incremental Build of configuration Debug for project 1mezz_uart_hw3 ****
make pre-build main-build 
a9-linaro-pre-build-step
' '
make: Nothing to be done for `main-build'.
15:35:46 **** Incremental Build of configuration Debug for project 1mezz_uart_hw3 ****
make pre-build main-build 
a9-linaro-pre-build-step
' '
make: Nothing to be done for `main-build'.
17:15:43 **** Incremental Build of configuration Debug for project 1mezz_uart_hw3 ****
make pre-build main-build 
a9-linaro-pre-build-step
' '
make: Nothing to be done for `main-build'.
17:31:08 **** Incremental Build of configuration Debug for project 1mezz_uart_hw3 ****
make pre-build main-build 
a9-linaro-pre-build-step
' '
make: Nothing to be done for `main-build'.
00:13:18 **** Incremental Build of configuration Debug for project 1mezz_uart_hw3 ****
make pre-build main-build 
a9-linaro-pre-build-step
' '
make: Nothing to be done for `main-build'.
00:13:32 **** Incremental Build of configuration Debug for project 1mezz_uart_hw3 ****
make pre-build main-build 
a9-linaro-pre-build-step
' '
make: Nothing to be done for `main-build'.
00:25:06 **** Incremental Build of configuration Debug for project 1mezz_uart_hw3 ****
make pre-build main-build 
a9-linaro-pre-build-step
' '
make: Nothing to be done for `main-build'.
00:25:41 **** Incremental Build of configuration Debug for project 1mezz_uart_hw3 ****
make pre-build main-build 
a9-linaro-pre-build-step
' '
make: Nothing to be done for `main-build'.
00:32:52 **** Incremental Build of configuration Debug for project 1mezz_uart_hw3 ****
make pre-build main-build 
a9-linaro-pre-build-step
' '
make: Nothing to be done for `main-build'.
