22:21:09 **** Build of configuration Debug for project v3_daq_MB_bsp_xaxidma_example_sg_intr_1 ****
make pre-build main-build 
a9-linaro-pre-build-step
' '
'Building file: ../src/xaxidma_example_sg_intr.c'
'Invoking: ARM v7 gcc compiler'
arm-none-eabi-gcc -Wall -O0 -g3 -c -fmessage-length=0 -MT"src/xaxidma_example_sg_intr.o" -mcpu=cortex-a9 -mfpu=vfpv3 -mfloat-abi=hard -I../../v3_daq_MB_bsp/ps7_cortexa9_0/include -MMD -MP -MF"src/xaxidma_example_sg_intr.d" -MT"src/xaxidma_example_sg_intr.o" -o "src/xaxidma_example_sg_intr.o" "../src/xaxidma_example_sg_intr.c"
../src/xaxidma_example_sg_intr.c:131:2: warning: #warning CHECK FOR THE VALID DDR ADDRESS IN XPARAMETERS.H, DEFAULT SET TO 0x01000000 [-Wcpp]
 #warning CHECK FOR THE VALID DDR ADDRESS IN XPARAMETERS.H, \
  ^~~~~~~
'Finished building: ../src/xaxidma_example_sg_intr.c'
' '
'Building target: v3_daq_MB_bsp_xaxidma_example_sg_intr_1.elf'
'Invoking: ARM v7 gcc linker'
arm-none-eabi-gcc -mcpu=cortex-a9 -mfpu=vfpv3 -mfloat-abi=hard -Wl,-build-id=none -specs=Xilinx.spec -Wl,-T -Wl,../src/lscript.ld -L../../v3_daq_MB_bsp/ps7_cortexa9_0/lib -o "v3_daq_MB_bsp_xaxidma_example_sg_intr_1.elf"  ./src/xaxidma_example_sg_intr.o   -Wl,--start-group,-lxil,-lgcc,-lc,--end-group -Wl,--start-group,-lxil,-llwip4,-lgcc,-lc,--end-group
'Finished building target: v3_daq_MB_bsp_xaxidma_example_sg_intr_1.elf'
' '
'Invoking: ARM v7 Print Size'
arm-none-eabi-size v3_daq_MB_bsp_xaxidma_example_sg_intr_1.elf  |tee "v3_daq_MB_bsp_xaxidma_example_sg_intr_1.elf.size"
   text	   data	    bss	    dec	    hex	filename
  43612	   3832	  24536	  71980	  1192c	v3_daq_MB_bsp_xaxidma_example_sg_intr_1.elf
'Finished building: v3_daq_MB_bsp_xaxidma_example_sg_intr_1.elf.size'
' '

22:21:10 Build Finished (took 672ms)

